06-17 11:54:20.156 E/TtsHadesFileGroupPopula(10307): 	at dxq.c(PG:87)
06-17 11:54:20.156 E/TtsHadesFileGroupPopula(10307): 	at gsw.bx(PG:346)
06-17 11:54:20.156 E/TtsHadesFileGroupPopula(10307): 	at nld.co(PG:11)
06-17 11:54:20.156 E/TtsHadesFileGroupPopula(10307): 	at nyp.cl(PG:7)
06-17 11:54:20.156 E/TtsHadesFileGroupPopula(10307): 	at noy.co(PG:14)
06-17 11:54:20.156 E/TtsHadesFileGroupPopula(10307): 	at nld.co(PG:35)
06-17 11:54:20.156 E/TtsHadesFileGroupPopula(10307): 	at nqp.run(PG:104)
06-17 11:54:20.156 E/TtsHadesFileGroupPopula(10307): 	at eau.run(PG:7)
06-17 11:54:20.156 E/TtsHadesFileGroupPopula(10307): 	at kfj.run(PG:44)
06-17 11:54:20.156 E/TtsHadesFileGroupPopula(10307): 	at dlz.run(PG:1231)
06-17 11:54:20.156 E/TtsHadesFileGroupPopula(10307): 	at java.lang.Thread.run(Thread.java:920)
06-17 11:54:20.156 E/TtsHadesFileGroupPopula(10307): 	at ecf.run(PG:61)
06-17 11:54:20.156 E/TtsHadesFileGroupPopula(10307): Caused by: mrc: INVALID_ARGUMENT: Request contains an invalid argument.
06-17 11:54:20.156 E/TtsHadesFileGroupPopula(10307): 	at ndx.a(PG:21)
06-17 11:54:20.156 E/TtsHadesFileGroupPopula(10307): 	at lbs.run(PG:673)
06-17 11:54:20.156 E/TtsHadesFileGroupPopula(10307): 	at mwm.i(PG:14)
06-17 11:54:20.156 E/TtsHadesFileGroupPopula(10307): 	at mwm.a(PG:7)
06-17 11:54:20.156 E/TtsHadesFileGroupPopula(10307): 	at mvr.l(PG:1)
06-17 11:54:20.156 E/TtsHadesFileGroupPopula(10307): 	at mvo.a(PG:28)
06-17 11:54:20.156 E/TtsHadesFileGroupPopula(10307): 	at mwg.run(PG:7)
06-17 11:54:20.156 E/TtsHadesFileGroupPopula(10307): 	at ncb.run(PG:12)
06-17 11:54:20.156 E/TtsHadesFileGroupPopula(10307): 	at java.util.concurrent.ThreadPoolExecutor.runWorker(ThreadPoolExecutor.java:1167)
06-17 11:54:20.156 E/TtsHadesFileGroupPopula(10307): 	at java.util.concurrent.ThreadPoolExecutor$Worker.run(ThreadPoolExecutor.java:641)
06-17 11:54:20.156 E/TtsHadesFileGroupPopula(10307): 	at java.lang.Thread.run(Thread.java:920)
06-17 11:54:20.160 E/SpeechMessengerNormal(  467): openCcciDriver(), open(/dev/ccci_aud) fail!! mCcciDeviceHandler: -1, errno: 2
06-17 11:54:20.160 W/SpeechMessengerNormal(  467): checkCcciStatusAndRecovery(), #32, sleep 10 ms & retry openCcciDriver
06-17 11:54:20.171 E/SpeechMessengerNormal(  467): openCcciDriver(), open(/dev/ccci_aud) fail!! mCcciDeviceHandler: -1, errno: 2
06-17 11:54:20.171 W/SpeechMessengerNormal(  467): checkCcciStatusAndRecovery(), #33, sleep 10 ms & retry openCcciDriver
06-17 11:54:20.177 W/unknown:WrappingUtils(10202): Don't know how to round that drawable: com.facebook.react.views.image.ReactImageDownloadListener$EmptyDrawable@bd86cd9
06-17 11:54:20.181 E/SpeechMessengerNormal(  467): openCcciDriver(), open(/dev/ccci_aud) fail!! mCcciDeviceHandler: -1, errno: 2
06-17 11:54:20.181 W/SpeechMessengerNormal(  467): checkCcciStatusAndRecovery(), #34, sleep 10 ms & retry openCcciDriver
06-17 11:54:20.186 W/unknown:WrappingUtils(10202): Don't know how to round that drawable: com.facebook.react.views.image.ReactImageDownloadListener$EmptyDrawable@526a69e
06-17 11:54:20.191 E/SpeechMessengerNormal(  467): openCcciDriver(), open(/dev/ccci_aud) fail!! mCcciDeviceHandler: -1, errno: 2
06-17 11:54:20.191 W/SpeechMessengerNormal(  467): checkCcciStatusAndRecovery(), #35, sleep 10 ms & retry openCcciDriver
06-17 11:54:20.196 E/NGSA.ModelMgrWrapper(10307): Can't get TTS model availability
06-17 11:54:20.196 E/NGSA.ModelMgrWrapper(10307): efh: Nothing to download for file group: tts-models_preview
06-17 11:54:20.196 E/NGSA.ModelMgrWrapper(10307): 	at iob.b(PG:32)
06-17 11:54:20.196 E/NGSA.ModelMgrWrapper(10307): 	at hog.a(PG:55)
06-17 11:54:20.196 E/NGSA.ModelMgrWrapper(10307): 	at kla.a(PG:61)
06-17 11:54:20.196 E/NGSA.ModelMgrWrapper(10307): 	at kkn.d(PG:3)
06-17 11:54:20.196 E/NGSA.ModelMgrWrapper(10307): 	at kkp.run(PG:38)
06-17 11:54:20.196 E/NGSA.ModelMgrWrapper(10307): 	at kna.run(PG:197)
06-17 11:54:20.196 E/NGSA.ModelMgrWrapper(10307): 	at eau.run(PG:7)
06-17 11:54:20.196 E/NGSA.ModelMgrWrapper(10307): 	at kfj.run(PG:44)
06-17 11:54:20.196 E/NGSA.ModelMgrWrapper(10307): 	at dlz.run(PG:1231)
06-17 11:54:20.196 E/NGSA.ModelMgrWrapper(10307): 	at java.lang.Thread.run(Thread.java:920)
06-17 11:54:20.196 E/NGSA.ModelMgrWrapper(10307): 	at ecf.run(PG:61)
06-17 11:54:20.198 W/nce     (10307): Cancelling the stream because of internal error
06-17 11:54:20.198 W/nce     (10307): mre: INTERNAL: Completed without a response
06-17 11:54:20.198 W/nce     (10307): 	at nce.a(PG:44)
06-17 11:54:20.198 W/nce     (10307): 	at mqh.a(PG:3)
06-17 11:54:20.198 W/nce     (10307): 	at jkl.a(PG:1)
06-17 11:54:20.198 W/nce     (10307): 	at mqh.a(PG:3)
06-17 11:54:20.198 W/nce     (10307): 	at lcm.a(PG:68)
06-17 11:54:20.198 W/nce     (10307): 	at nhq.a(PG:10)
06-17 11:54:20.198 W/nce     (10307): 	at hwn.a(PG:22)
06-17 11:54:20.198 W/nce     (10307): 	at hww.a(PG:150)
06-17 11:54:20.198 W/nce     (10307): 	at jjk.a(PG:18)
06-17 11:54:20.198 W/nce     (10307): 	at kmc.run(PG:19)
06-17 11:54:20.198 W/nce     (10307): 	at eau.run(PG:7)
06-17 11:54:20.198 W/nce     (10307): 	at kfj.run(PG:44)
06-17 11:54:20.198 W/nce     (10307): 	at dlz.run(PG:1231)
06-17 11:54:20.198 W/nce     (10307): 	at java.lang.Thread.run(Thread.java:920)
06-17 11:54:20.198 W/nce     (10307): 	at ecf.run(PG:61)
06-17 11:54:20.199 W/NGSA.GoogleAsrService(10307): #checkModelAvailability cancelled by client.
06-17 11:54:20.200 W/VoiceDataManager(10307): Failed to get VoiceLM model paths.
06-17 11:54:20.200 W/VoiceDataManager(10307): mre: CANCELLED
06-17 11:54:20.200 W/VoiceDataManager(10307): 	at nhm.a(PG:41)
06-17 11:54:20.200 W/VoiceDataManager(10307): 	at mvr.l(PG:1)
06-17 11:54:20.200 W/VoiceDataManager(10307): 	at mvo.a(PG:28)
06-17 11:54:20.200 W/VoiceDataManager(10307): 	at mwg.run(PG:7)
06-17 11:54:20.200 W/VoiceDataManager(10307): 	at ncb.run(PG:12)
06-17 11:54:20.200 W/VoiceDataManager(10307): 	at java.util.concurrent.ThreadPoolExecutor.runWorker(ThreadPoolExecutor.java:1167)
06-17 11:54:20.200 W/VoiceDataManager(10307): 	at java.util.concurrent.ThreadPoolExecutor$Worker.run(ThreadPoolExecutor.java:641)
06-17 11:54:20.200 W/VoiceDataManager(10307): 	at java.lang.Thread.run(Thread.java:920)
06-17 11:54:20.201 W/VoiceDataDownloader(10307): VoiceLM path fetch failed, resetting future ref.
06-17 11:54:20.201 W/VoiceDataDownloader(10307): mre: CANCELLED
06-17 11:54:20.201 W/VoiceDataDownloader(10307): 	at nhm.a(PG:41)
06-17 11:54:20.201 W/VoiceDataDownloader(10307): 	at mvr.l(PG:1)
06-17 11:54:20.201 W/VoiceDataDownloader(10307): 	at mvo.a(PG:28)
06-17 11:54:20.201 W/VoiceDataDownloader(10307): 	at mwg.run(PG:7)
06-17 11:54:20.201 W/VoiceDataDownloader(10307): 	at ncb.run(PG:12)
06-17 11:54:20.201 W/VoiceDataDownloader(10307): 	at java.util.concurrent.ThreadPoolExecutor.runWorker(ThreadPoolExecutor.java:1167)
06-17 11:54:20.201 W/VoiceDataDownloader(10307): 	at java.util.concurrent.ThreadPoolExecutor$Worker.run(ThreadPoolExecutor.java:641)
06-17 11:54:20.201 W/VoiceDataDownloader(10307): 	at java.lang.Thread.run(Thread.java:920)
06-17 11:54:20.202 E/SpeechMessengerNormal(  467): openCcciDriver(), open(/dev/ccci_aud) fail!! mCcciDeviceHandler: -1, errno: 2
06-17 11:54:20.202 W/SpeechMessengerNormal(  467): checkCcciStatusAndRecovery(), #36, sleep 10 ms & retry openCcciDriver
06-17 11:54:20.212 E/SpeechMessengerNormal(  467): openCcciDriver(), open(/dev/ccci_aud) fail!! mCcciDeviceHandler: -1, errno: 2
06-17 11:54:20.212 W/SpeechMessengerNormal(  467): checkCcciStatusAndRecovery(), #37, sleep 10 ms & retry openCcciDriver
06-17 11:54:20.222 E/SpeechMessengerNormal(  467): openCcciDriver(), open(/dev/ccci_aud) fail!! mCcciDeviceHandler: -1, errno: 2
06-17 11:54:20.222 W/SpeechMessengerNormal(  467): checkCcciStatusAndRecovery(), #38, sleep 10 ms & retry openCcciDriver
06-17 11:54:20.233 E/SpeechMessengerNormal(  467): openCcciDriver(), open(/dev/ccci_aud) fail!! mCcciDeviceHandler: -1, errno: 2
06-17 11:54:20.233 W/SpeechMessengerNormal(  467): checkCcciStatusAndRecovery(), #39, sleep 10 ms & retry openCcciDriver
06-17 11:54:20.243 E/SpeechMessengerNormal(  467): openCcciDriver(), open(/dev/ccci_aud) fail!! mCcciDeviceHandler: -1, errno: 2
06-17 11:54:20.243 W/SpeechMessengerNormal(  467): checkCcciStatusAndRecovery(), #40, sleep 10 ms & retry openCcciDriver
06-17 11:54:20.245 W/adbd    ( 5736): timed out while waiting for FUNCTIONFS_BIND, trying again
06-17 11:54:20.245 I/adbd    ( 5736): UsbFfs: connection terminated: monitor thread finished
06-17 11:54:20.245 I/adbd    ( 5736): UsbFfs: already offline
06-17 11:54:20.245 I/adbd    ( 5736): destroying transport UsbFfs
06-17 11:54:20.245 I/adbd    ( 5736): UsbFfsConnection being destroyed
06-17 11:54:20.247 D/AudioTrack(  927): stop(31): 0xb400006e4c5dfed0, prior state:STATE_ACTIVE
06-17 11:54:20.248 D/AudioTrack(  927): stop(31): 0xb400006e4c5dfed0 stop done
06-17 11:54:20.253 E/SpeechMessengerNormal(  467): openCcciDriver(), open(/dev/ccci_aud) fail!! mCcciDeviceHandler: -1, errno: 2
06-17 11:54:20.253 W/SpeechMessengerNormal(  467): checkCcciStatusAndRecovery(), #41, sleep 10 ms & retry openCcciDriver
06-17 11:54:20.251 W/dlna_thread( 4294): type=1400 audit(0.0:37034): avc: denied { ioctl } for path="socket:[813966]" dev="sockfs" ino=813966 ioctlcmd=0x8927 scontext=u:r:system_app:s0 tcontext=u:r:system_app:s0 tclass=udp_socket permissive=0
06-17 11:54:20.251 W/dlna_thread( 4294): type=1400 audit(0.0:37035): avc: denied { ioctl } for path="socket:[813966]" dev="sockfs" ino=813966 ioctlcmd=0x8927 scontext=u:r:system_app:s0 tcontext=u:r:system_app:s0 tclass=udp_socket permissive=0
06-17 11:54:20.264 E/SpeechMessengerNormal(  467): openCcciDriver(), open(/dev/ccci_aud) fail!! mCcciDeviceHandler: -1, errno: 2
06-17 11:54:20.264 W/SpeechMessengerNormal(  467): checkCcciStatusAndRecovery(), #42, sleep 10 ms & retry openCcciDriver
06-17 11:54:20.274 E/SpeechMessengerNormal(  467): openCcciDriver(), open(/dev/ccci_aud) fail!! mCcciDeviceHandler: -1, errno: 2
06-17 11:54:20.274 W/SpeechMessengerNormal(  467): checkCcciStatusAndRecovery(), #43, sleep 10 ms & retry openCcciDriver
06-17 11:54:20.284 E/SpeechMessengerNormal(  467): openCcciDriver(), open(/dev/ccci_aud) fail!! mCcciDeviceHandler: -1, errno: 2
06-17 11:54:20.284 W/SpeechMessengerNormal(  467): checkCcciStatusAndRecovery(), #44, sleep 10 ms & retry openCcciDriver
06-17 11:54:20.285 I/adbd    ( 5736): opening control endpoint /dev/usb-ffs/adb/ep0
06-17 11:54:20.287 I/adbd    ( 5736): UsbFfsConnection constructed
06-17 11:54:20.288 I/adbd    ( 5736): UsbFfs-monitor thread spawned
06-17 11:54:20.290 V/AudioPolicyIntefaceImpl(  488): stopOutput()
06-17 11:54:20.291 V/AudioPolicyIntefaceImpl(  488): doStopOutput
06-17 11:54:20.291 I/AudioALSAStreamOut(  467): updateSourceMetadata(), do nothing source_metadata = 0xe97fbab8
06-17 11:54:20.291 W/AudioPolicyManagerCustomImpl(  488): [MTK_APM_Route]setOutputDevices() mIoHandle 29 mId 7 device (0x2)(0x1 , 0x2 , 0x4 , 0x8 , 0x10 , 0x20 , 0x40 , 0x4000 , 0x4000000) delayMs 84 force 0 size 4
06-17 11:54:20.295 E/SpeechMessengerNormal(  467): openCcciDriver(), open(/dev/ccci_aud) fail!! mCcciDeviceHandler: -1, errno: 2
06-17 11:54:20.295 W/SpeechMessengerNormal(  467): checkCcciStatusAndRecovery(), #45, sleep 10 ms & retry openCcciDriver
06-17 11:54:20.300 D/AudioFlinger_Threads(  488): 0xb400007115c17a40:threadLoop_write write muted data to hw, mixerStatus 0 start, mId 29, mBytesWritten 55296
06-17 11:54:20.305 E/SpeechMessengerNormal(  467): openCcciDriver(), open(/dev/ccci_aud) fail!! mCcciDeviceHandler: -1, errno: 2
06-17 11:54:20.305 W/SpeechMessengerNormal(  467): checkCcciStatusAndRecovery(), #46, sleep 10 ms & retry openCcciDriver
06-17 11:54:20.315 E/SpeechMessengerNormal(  467): openCcciDriver(), open(/dev/ccci_aud) fail!! mCcciDeviceHandler: -1, errno: 2
06-17 11:54:20.315 W/SpeechMessengerNormal(  467): checkCcciStatusAndRecovery(), #47, sleep 10 ms & retry openCcciDriver
06-17 11:54:20.326 E/SpeechMessengerNormal(  467): openCcciDriver(), open(/dev/ccci_aud) fail!! mCcciDeviceHandler: -1, errno: 2
06-17 11:54:20.326 W/SpeechMessengerNormal(  467): checkCcciStatusAndRecovery(), #48, sleep 10 ms & retry openCcciDriver
06-17 11:54:20.336 E/SpeechMessengerNormal(  467): openCcciDriver(), open(/dev/ccci_aud) fail!! mCcciDeviceHandler: -1, errno: 2
06-17 11:54:20.336 W/SpeechMessengerNormal(  467): checkCcciStatusAndRecovery(), #49, sleep 10 ms & retry openCcciDriver
06-17 11:54:20.346 E/SpeechMessengerNormal(  467): openCcciDriver(), open(/dev/ccci_aud) fail!! mCcciDeviceHandler: -1, errno: 2
06-17 11:54:20.346 W/SpeechMessengerNormal(  467): checkCcciStatusAndRecovery(), #50, sleep 10 ms & retry openCcciDriver
06-17 11:54:20.357 E/SpeechMessengerNormal(  467): openCcciDriver(), open(/dev/ccci_aud) fail!! mCcciDeviceHandler: -1, errno: 2
06-17 11:54:20.357 W/SpeechMessengerNormal(  467): checkCcciStatusAndRecovery(), #51, sleep 10 ms & retry openCcciDriver
06-17 11:54:20.367 E/SpeechMessengerNormal(  467): openCcciDriver(), open(/dev/ccci_aud) fail!! mCcciDeviceHandler: -1, errno: 2
06-17 11:54:20.367 W/SpeechMessengerNormal(  467): checkCcciStatusAndRecovery(), #52, sleep 10 ms & retry openCcciDriver
06-17 11:54:20.377 E/SpeechMessengerNormal(  467): openCcciDriver(), open(/dev/ccci_aud) fail!! mCcciDeviceHandler: -1, errno: 2
06-17 11:54:20.377 W/SpeechMessengerNormal(  467): checkCcciStatusAndRecovery(), #53, sleep 10 ms & retry openCcciDriver
06-17 11:54:20.388 E/SpeechMessengerNormal(  467): openCcciDriver(), open(/dev/ccci_aud) fail!! mCcciDeviceHandler: -1, errno: 2
06-17 11:54:20.388 W/SpeechMessengerNormal(  467): checkCcciStatusAndRecovery(), #54, sleep 10 ms & retry openCcciDriver
06-17 11:54:20.398 E/SpeechMessengerNormal(  467): openCcciDriver(), open(/dev/ccci_aud) fail!! mCcciDeviceHandler: -1, errno: 2
06-17 11:54:20.398 W/SpeechMessengerNormal(  467): checkCcciStatusAndRecovery(), #55, sleep 10 ms & retry openCcciDriver
06-17 11:54:20.395 W/d.eshare.server( 4294): type=1400 audit(0.0:37036): avc: denied { ioctl } for path="socket:[812878]" dev="sockfs" ino=812878 ioctlcmd=0x8927 scontext=u:r:system_app:s0 tcontext=u:r:system_app:s0 tclass=udp_socket permissive=0
06-17 11:54:20.399 W/d.eshare.server( 4294): type=1400 audit(0.0:37037): avc: denied { ioctl } for path="socket:[812879]" dev="sockfs" ino=812879 ioctlcmd=0x8927 scontext=u:r:system_app:s0 tcontext=u:r:system_app:s0 tclass=udp_socket permissive=0
06-17 11:54:20.401 W/ContextImpl( 4294): Calling a method in the system process without a qualified user: android.app.ContextImpl.startForegroundService:1822 android.content.ContextWrapper.startForegroundService:779 xr2.j:24 com.ecloud.eairplay.AirPlayService.r:18 com.ecloud.eairplay.api.AirPlayImpl.startService:3 
06-17 11:54:20.405 W/ContextImpl( 4294): Calling a method in the system process without a qualified user: android.app.ContextImpl.startForegroundService:1822 android.content.ContextWrapper.startForegroundService:779 xr2.j:24 com.ecloud.emedia.api.DlnaImpl.startService:8 com.ecloud.emedia.api.DlnaApi.startService:7 
06-17 11:54:20.408 W/ContextImpl( 4294): Calling a method in the system process without a qualified user: android.app.ContextImpl.startForegroundService:1822 android.content.ContextWrapper.startForegroundService:779 xr2.j:24 com.ecloud.emedia.api.DlnaImpl.startService:8 com.ecloud.emedia.api.DlnaApi.startService:7 
06-17 11:54:20.408 E/SpeechMessengerNormal(  467): openCcciDriver(), open(/dev/ccci_aud) fail!! mCcciDeviceHandler: -1, errno: 2
06-17 11:54:20.408 W/SpeechMessengerNormal(  467): checkCcciStatusAndRecovery(), #56, sleep 10 ms & retry openCcciDriver
06-17 11:54:20.419 E/SpeechMessengerNormal(  467): openCcciDriver(), open(/dev/ccci_aud) fail!! mCcciDeviceHandler: -1, errno: 2
06-17 11:54:20.419 W/SpeechMessengerNormal(  467): checkCcciStatusAndRecovery(), #57, sleep 10 ms & retry openCcciDriver
06-17 11:54:20.429 E/SpeechMessengerNormal(  467): openCcciDriver(), open(/dev/ccci_aud) fail!! mCcciDeviceHandler: -1, errno: 2
06-17 11:54:20.429 W/SpeechMessengerNormal(  467): checkCcciStatusAndRecovery(), #58, sleep 10 ms & retry openCcciDriver
06-17 11:54:20.439 E/SpeechMessengerNormal(  467): openCcciDriver(), open(/dev/ccci_aud) fail!! mCcciDeviceHandler: -1, errno: 2
06-17 11:54:20.439 W/SpeechMessengerNormal(  467): checkCcciStatusAndRecovery(), #59, sleep 10 ms & retry openCcciDriver
06-17 11:54:20.450 E/SpeechMessengerNormal(  467): openCcciDriver(), open(/dev/ccci_aud) fail!! mCcciDeviceHandler: -1, errno: 2
06-17 11:54:20.450 W/SpeechMessengerNormal(  467): checkCcciStatusAndRecovery(), #60, sleep 10 ms & retry openCcciDriver
06-17 11:54:20.460 E/SpeechMessengerNormal(  467): openCcciDriver(), open(/dev/ccci_aud) fail!! mCcciDeviceHandler: -1, errno: 2
06-17 11:54:20.460 W/SpeechMessengerNormal(  467): checkCcciStatusAndRecovery(), #61, sleep 10 ms & retry openCcciDriver
06-17 11:54:20.470 E/SpeechMessengerNormal(  467): openCcciDriver(), open(/dev/ccci_aud) fail!! mCcciDeviceHandler: -1, errno: 2
06-17 11:54:20.470 W/SpeechMessengerNormal(  467): checkCcciStatusAndRecovery(), #62, sleep 10 ms & retry openCcciDriver
06-17 11:54:20.480 E/SpeechMessengerNormal(  467): openCcciDriver(), open(/dev/ccci_aud) fail!! mCcciDeviceHandler: -1, errno: 2
06-17 11:54:20.481 W/SpeechMessengerNormal(  467): checkCcciStatusAndRecovery(), #63, sleep 10 ms & retry openCcciDriver
06-17 11:54:20.491 E/SpeechMessengerNormal(  467): openCcciDriver(), open(/dev/ccci_aud) fail!! mCcciDeviceHandler: -1, errno: 2
06-17 11:54:20.491 W/SpeechMessengerNormal(  467): checkCcciStatusAndRecovery(), #64, sleep 10 ms & retry openCcciDriver
06-17 11:54:20.501 E/SpeechMessengerNormal(  467): openCcciDriver(), open(/dev/ccci_aud) fail!! mCcciDeviceHandler: -1, errno: 2
06-17 11:54:20.501 W/SpeechMessengerNormal(  467): checkCcciStatusAndRecovery(), #65, sleep 10 ms & retry openCcciDriver
06-17 11:54:20.511 E/SpeechMessengerNormal(  467): openCcciDriver(), open(/dev/ccci_aud) fail!! mCcciDeviceHandler: -1, errno: 2
06-17 11:54:20.511 W/SpeechMessengerNormal(  467): checkCcciStatusAndRecovery(), #66, sleep 10 ms & retry openCcciDriver
06-17 11:54:20.521 I/hwservicemanager(  353): Since vendor.mediatek.hardware.mtkradioex@3.0::IMtkRadioEx/imsSlot1 is not registered, trying to start it as a lazy HAL.
06-17 11:54:20.522 E/SpeechMessengerNormal(  467): openCcciDriver(), open(/dev/ccci_aud) fail!! mCcciDeviceHandler: -1, errno: 2
06-17 11:54:20.522 W/SpeechMessengerNormal(  467): checkCcciStatusAndRecovery(), #67, sleep 10 ms & retry openCcciDriver
06-17 11:54:20.522 I/hwservicemanager(  353): getTransport: Cannot find entry vendor.mediatek.hardware.mtkradioex@2.0::IMtkRadioEx/imsSlot1 in either framework or device VINTF manifest.
06-17 11:54:20.523 I/hwservicemanager(  353): Since vendor.mediatek.hardware.mtkradioex@3.0::IMtkRadioEx/imsSlot2 is not registered, trying to start it as a lazy HAL.
06-17 11:54:20.524 I/hwservicemanager(  353): getTransport: Cannot find entry vendor.mediatek.hardware.mtkradioex@2.0::IMtkRadioEx/imsSlot2 in either framework or device VINTF manifest.
06-17 11:54:20.525 I/hwservicemanager(  353): Since android.hardware.radio@1.0::IRadio/imsAospSlot1 is not registered, trying to start it as a lazy HAL.
06-17 11:54:20.526 W/libc    (  353): Unable to set property "ctl.interface_start" to "vendor.mediatek.hardware.mtkradioex@3.0::IMtkRadioEx/imsSlot2": error code: 0x20
06-17 11:54:20.526 I/hwservicemanager(  353): Tried to start vendor.mediatek.hardware.mtkradioex@3.0::IMtkRadioEx/imsSlot2 as a lazy service, but was unable to. Usually this happens when a service is not installed, but if the service is intended to be used as a lazy service, then it may be configured incorrectly.
06-17 11:54:20.526 W/libc    (  353): Unable to set property "ctl.interface_start" to "vendor.mediatek.hardware.mtkradioex@3.0::IMtkRadioEx/imsSlot1": error code: 0x20
06-17 11:54:20.526 I/hwservicemanager(  353): Tried to start vendor.mediatek.hardware.mtkradioex@3.0::IMtkRadioEx/imsSlot1 as a lazy service, but was unable to. Usually this happens when a service is not installed, but if the service is intended to be used as a lazy service, then it may be configured incorrectly.
06-17 11:54:20.527 W/libc    (  353): Unable to set property "ctl.interface_start" to "android.hardware.radio@1.0::IRadio/imsAospSlot1": error code: 0x20
06-17 11:54:20.528 I/hwservicemanager(  353): Tried to start android.hardware.radio@1.0::IRadio/imsAospSlot1 as a lazy service, but was unable to. Usually this happens when a service is not installed, but if the service is intended to be used as a lazy service, then it may be configured incorrectly.
06-17 11:54:20.532 E/SpeechMessengerNormal(  467): openCcciDriver(), open(/dev/ccci_aud) fail!! mCcciDeviceHandler: -1, errno: 2
06-17 11:54:20.532 W/SpeechMessengerNormal(  467): checkCcciStatusAndRecovery(), #68, sleep 10 ms & retry openCcciDriver
06-17 11:54:20.542 E/SpeechMessengerNormal(  467): openCcciDriver(), open(/dev/ccci_aud) fail!! mCcciDeviceHandler: -1, errno: 2
06-17 11:54:20.542 W/SpeechMessengerNormal(  467): checkCcciStatusAndRecovery(), #69, sleep 10 ms & retry openCcciDriver
06-17 11:54:20.545 I/hwservicemanager(  353): Since android.hardware.radio@1.0::IRadio/imsAospSlot2 is not registered, trying to start it as a lazy HAL.
06-17 11:54:20.547 W/libc    (  353): Unable to set property "ctl.interface_start" to "android.hardware.radio@1.0::IRadio/imsAospSlot2": error code: 0x20
06-17 11:54:20.547 I/hwservicemanager(  353): Tried to start android.hardware.radio@1.0::IRadio/imsAospSlot2 as a lazy service, but was unable to. Usually this happens when a service is not installed, but if the service is intended to be used as a lazy service, then it may be configured incorrectly.
06-17 11:54:20.553 E/SpeechMessengerNormal(  467): openCcciDriver(), open(/dev/ccci_aud) fail!! mCcciDeviceHandler: -1, errno: 2
06-17 11:54:20.553 W/SpeechMessengerNormal(  467): checkCcciStatusAndRecovery(), #70, sleep 10 ms & retry openCcciDriver
06-17 11:54:20.563 E/SpeechMessengerNormal(  467): openCcciDriver(), open(/dev/ccci_aud) fail!! mCcciDeviceHandler: -1, errno: 2
06-17 11:54:20.563 W/SpeechMessengerNormal(  467): checkCcciStatusAndRecovery(), #71, sleep 10 ms & retry openCcciDriver
06-17 11:54:20.573 E/SpeechMessengerNormal(  467): openCcciDriver(), open(/dev/ccci_aud) fail!! mCcciDeviceHandler: -1, errno: 2
06-17 11:54:20.573 W/SpeechMessengerNormal(  467): checkCcciStatusAndRecovery(), #72, sleep 10 ms & retry openCcciDriver
06-17 11:54:20.583 E/AVSync  (  578): open dev failed: retry=21868, g_fd_avsync=-1, errno=2, No such file or directory
06-17 11:54:20.583 E/SpeechMessengerNormal(  467): openCcciDriver(), open(/dev/ccci_aud) fail!! mCcciDeviceHandler: -1, errno: 2
06-17 11:54:20.583 W/SpeechMessengerNormal(  467): checkCcciStatusAndRecovery(), #73, sleep 10 ms & retry openCcciDriver
06-17 11:54:20.594 E/SpeechMessengerNormal(  467): openCcciDriver(), open(/dev/ccci_aud) fail!! mCcciDeviceHandler: -1, errno: 2
06-17 11:54:20.594 W/SpeechMessengerNormal(  467): checkCcciStatusAndRecovery(), #74, sleep 10 ms & retry openCcciDriver
06-17 11:54:20.604 E/SpeechMessengerNormal(  467): openCcciDriver(), open(/dev/ccci_aud) fail!! mCcciDeviceHandler: -1, errno: 2
06-17 11:54:20.604 W/SpeechMessengerNormal(  467): checkCcciStatusAndRecovery(), #75, sleep 10 ms & retry openCcciDriver
06-17 11:54:20.614 E/SpeechMessengerNormal(  467): openCcciDriver(), open(/dev/ccci_aud) fail!! mCcciDeviceHandler: -1, errno: 2
06-17 11:54:20.614 W/SpeechMessengerNormal(  467): checkCcciStatusAndRecovery(), #76, sleep 10 ms & retry openCcciDriver
06-17 11:54:20.625 E/SpeechMessengerNormal(  467): openCcciDriver(), open(/dev/ccci_aud) fail!! mCcciDeviceHandler: -1, errno: 2
06-17 11:54:20.625 W/SpeechMessengerNormal(  467): checkCcciStatusAndRecovery(), #77, sleep 10 ms & retry openCcciDriver
06-17 11:54:20.625 D/CompatibilityChangeReporter(10202): Compat change id reported: 171228096; UID 10174; state: ENABLED
06-17 11:54:20.626 W/usscore.androi(10202): Accessing hidden field Landroid/widget/ScrollView;->mScroller:Landroid/widget/OverScroller; (unsupported, reflection, allowed)
06-17 11:54:20.629 E/VT HIDL (  482): [IVT] [VT THREAD] [VT_Bind] des = volte_imsvt1 Fail to connect . retry count: 21859
06-17 11:54:20.630 D/VT HIDL (  482): [IVT] isIMCBrun : True
06-17 11:54:20.635 E/SpeechMessengerNormal(  467): openCcciDriver(), open(/dev/ccci_aud) fail!! mCcciDeviceHandler: -1, errno: 2
06-17 11:54:20.635 W/SpeechMessengerNormal(  467): checkCcciStatusAndRecovery(), #78, sleep 10 ms & retry openCcciDriver
06-17 11:54:20.645 E/SpeechMessengerNormal(  467): openCcciDriver(), open(/dev/ccci_aud) fail!! mCcciDeviceHandler: -1, errno: 2
06-17 11:54:20.645 W/SpeechMessengerNormal(  467): checkCcciStatusAndRecovery(), #79, sleep 10 ms & retry openCcciDriver
06-17 11:54:20.656 E/SpeechMessengerNormal(  467): openCcciDriver(), open(/dev/ccci_aud) fail!! mCcciDeviceHandler: -1, errno: 2
06-17 11:54:20.656 W/SpeechMessengerNormal(  467): checkCcciStatusAndRecovery(), #80, sleep 10 ms & retry openCcciDriver
06-17 11:54:20.666 E/SpeechMessengerNormal(  467): openCcciDriver(), open(/dev/ccci_aud) fail!! mCcciDeviceHandler: -1, errno: 2
06-17 11:54:20.666 W/SpeechMessengerNormal(  467): checkCcciStatusAndRecovery(), #81, sleep 10 ms & retry openCcciDriver
06-17 11:54:20.676 W/unknown:WrappingUtils(10202): Don't know how to round that drawable: com.facebook.drawee.drawable.RoundedColorDrawable@d42b8d3
06-17 11:54:20.676 E/SpeechMessengerNormal(  467): openCcciDriver(), open(/dev/ccci_aud) fail!! mCcciDeviceHandler: -1, errno: 2
06-17 11:54:20.676 W/SpeechMessengerNormal(  467): checkCcciStatusAndRecovery(), #82, sleep 10 ms & retry openCcciDriver
06-17 11:54:20.687 E/SpeechMessengerNormal(  467): openCcciDriver(), open(/dev/ccci_aud) fail!! mCcciDeviceHandler: -1, errno: 2
06-17 11:54:20.687 W/SpeechMessengerNormal(  467): checkCcciStatusAndRecovery(), #83, sleep 10 ms & retry openCcciDriver
06-17 11:54:20.697 E/SpeechMessengerNormal(  467): openCcciDriver(), open(/dev/ccci_aud) fail!! mCcciDeviceHandler: -1, errno: 2
06-17 11:54:20.697 W/SpeechMessengerNormal(  467): checkCcciStatusAndRecovery(), #84, sleep 10 ms & retry openCcciDriver
06-17 11:54:20.704 W/unknown:ReactNative(10202): Attempt to set local data for view with unknown tag: -1
06-17 11:54:20.707 E/SpeechMessengerNormal(  467): openCcciDriver(), open(/dev/ccci_aud) fail!! mCcciDeviceHandler: -1, errno: 2
06-17 11:54:20.707 W/SpeechMessengerNormal(  467): checkCcciStatusAndRecovery(), #85, sleep 10 ms & retry openCcciDriver
06-17 11:54:20.710 W/unknown:ReactNative(10202): Attempt to set local data for view with unknown tag: -1
06-17 11:54:20.712 W/unknown:ReactNative(10202): Attempt to set local data for view with unknown tag: -1
06-17 11:54:20.718 E/SpeechMessengerNormal(  467): openCcciDriver(), open(/dev/ccci_aud) fail!! mCcciDeviceHandler: -1, errno: 2
06-17 11:54:20.718 W/SpeechMessengerNormal(  467): checkCcciStatusAndRecovery(), #86, sleep 10 ms & retry openCcciDriver
06-17 11:54:20.726 I/hwservicemanager(  353): Since android.hardware.radio@1.0::IRadio/slot2 is not registered, trying to start it as a lazy HAL.
06-17 11:54:20.728 E/SpeechMessengerNormal(  467): openCcciDriver(), open(/dev/ccci_aud) fail!! mCcciDeviceHandler: -1, errno: 2
06-17 11:54:20.728 W/SpeechMessengerNormal(  467): checkCcciStatusAndRecovery(), #87, sleep 10 ms & retry openCcciDriver
06-17 11:54:20.729 W/libc    (  353): Unable to set property "ctl.interface_start" to "android.hardware.radio@1.0::IRadio/slot2": error code: 0x20
06-17 11:54:20.729 I/hwservicemanager(  353): Tried to start android.hardware.radio@1.0::IRadio/slot2 as a lazy service, but was unable to. Usually this happens when a service is not installed, but if the service is intended to be used as a lazy service, then it may be configured incorrectly.
06-17 11:54:20.734 I/hwservicemanager(  353): Since android.hardware.radio@1.0::IRadio/slot1 is not registered, trying to start it as a lazy HAL.
06-17 11:54:20.735 W/libc    (  353): Unable to set property "ctl.interface_start" to "android.hardware.radio@1.0::IRadio/slot1": error code: 0x20
06-17 11:54:20.735 I/hwservicemanager(  353): Tried to start android.hardware.radio@1.0::IRadio/slot1 as a lazy service, but was unable to. Usually this happens when a service is not installed, but if the service is intended to be used as a lazy service, then it may be configured incorrectly.
06-17 11:54:20.738 E/SpeechMessengerNormal(  467): openCcciDriver(), open(/dev/ccci_aud) fail!! mCcciDeviceHandler: -1, errno: 2
06-17 11:54:20.738 W/SpeechMessengerNormal(  467): checkCcciStatusAndRecovery(), #88, sleep 10 ms & retry openCcciDriver
06-17 11:54:20.748 E/SpeechMessengerNormal(  467): openCcciDriver(), open(/dev/ccci_aud) fail!! mCcciDeviceHandler: -1, errno: 2
06-17 11:54:20.748 W/SpeechMessengerNormal(  467): checkCcciStatusAndRecovery(), #89, sleep 10 ms & retry openCcciDriver
06-17 11:54:20.759 E/SpeechMessengerNormal(  467): openCcciDriver(), open(/dev/ccci_aud) fail!! mCcciDeviceHandler: -1, errno: 2
06-17 11:54:20.759 W/SpeechMessengerNormal(  467): checkCcciStatusAndRecovery(), #90, sleep 10 ms & retry openCcciDriver
06-17 11:54:20.769 E/SpeechMessengerNormal(  467): openCcciDriver(), open(/dev/ccci_aud) fail!! mCcciDeviceHandler: -1, errno: 2
06-17 11:54:20.769 W/SpeechMessengerNormal(  467): checkCcciStatusAndRecovery(), #91, sleep 10 ms & retry openCcciDriver
06-17 11:54:20.771 W/unknown:WrappingUtils(10202): Don't know how to round that drawable: com.facebook.drawee.drawable.RoundedColorDrawable@d80da41
06-17 11:54:20.779 E/SpeechMessengerNormal(  467): openCcciDriver(), open(/dev/ccci_aud) fail!! mCcciDeviceHandler: -1, errno: 2
06-17 11:54:20.779 W/SpeechMessengerNormal(  467): checkCcciStatusAndRecovery(), #92, sleep 10 ms & retry openCcciDriver
06-17 11:54:20.782 W/unknown:ReactNative(10202): Attempt to set local data for view with unknown tag: -1
06-17 11:54:20.785 W/unknown:ReactNative(10202): Attempt to set local data for view with unknown tag: -1
06-17 11:54:20.786 W/unknown:ReactNative(10202): Attempt to set local data for view with unknown tag: -1
06-17 11:54:20.790 E/SpeechMessengerNormal(  467): openCcciDriver(), open(/dev/ccci_aud) fail!! mCcciDeviceHandler: -1, errno: 2
06-17 11:54:20.790 W/SpeechMessengerNormal(  467): checkCcciStatusAndRecovery(), #93, sleep 10 ms & retry openCcciDriver
06-17 11:54:20.800 E/SpeechMessengerNormal(  467): openCcciDriver(), open(/dev/ccci_aud) fail!! mCcciDeviceHandler: -1, errno: 2
06-17 11:54:20.800 W/SpeechMessengerNormal(  467): checkCcciStatusAndRecovery(), #94, sleep 10 ms & retry openCcciDriver
06-17 11:54:20.810 E/SpeechMessengerNormal(  467): openCcciDriver(), open(/dev/ccci_aud) fail!! mCcciDeviceHandler: -1, errno: 2
06-17 11:54:20.810 W/SpeechMessengerNormal(  467): checkCcciStatusAndRecovery(), #95, sleep 10 ms & retry openCcciDriver
06-17 11:54:20.821 E/SpeechMessengerNormal(  467): openCcciDriver(), open(/dev/ccci_aud) fail!! mCcciDeviceHandler: -1, errno: 2
06-17 11:54:20.821 W/SpeechMessengerNormal(  467): checkCcciStatusAndRecovery(), #96, sleep 10 ms & retry openCcciDriver
06-17 11:54:20.831 E/SpeechMessengerNormal(  467): openCcciDriver(), open(/dev/ccci_aud) fail!! mCcciDeviceHandler: -1, errno: 2
06-17 11:54:20.831 W/SpeechMessengerNormal(  467): checkCcciStatusAndRecovery(), #97, sleep 10 ms & retry openCcciDriver
06-17 11:54:20.841 E/SpeechMessengerNormal(  467): openCcciDriver(), open(/dev/ccci_aud) fail!! mCcciDeviceHandler: -1, errno: 2
06-17 11:54:20.841 W/SpeechMessengerNormal(  467): checkCcciStatusAndRecovery(), #98, sleep 10 ms & retry openCcciDriver
06-17 11:54:20.850 I/hwservicemanager(  353): Since vendor.mediatek.hardware.mtkradioex@3.0::IMtkRadioEx/imsSlot1 is not registered, trying to start it as a lazy HAL.
06-17 11:54:20.852 E/SpeechMessengerNormal(  467): openCcciDriver(), open(/dev/ccci_aud) fail!! mCcciDeviceHandler: -1, errno: 2
06-17 11:54:20.852 W/SpeechMessengerNormal(  467): checkCcciStatusAndRecovery(), #99, sleep 10 ms & retry openCcciDriver
06-17 11:54:20.852 W/libc    (  353): Unable to set property "ctl.interface_start" to "vendor.mediatek.hardware.mtkradioex@3.0::IMtkRadioEx/imsSlot1": error code: 0x20
06-17 11:54:20.853 I/hwservicemanager(  353): Tried to start vendor.mediatek.hardware.mtkradioex@3.0::IMtkRadioEx/imsSlot1 as a lazy service, but was unable to. Usually this happens when a service is not installed, but if the service is intended to be used as a lazy service, then it may be configured incorrectly.
06-17 11:54:20.862 E/SpeechMessengerNormal(  467): openCcciDriver(), open(/dev/ccci_aud) fail!! mCcciDeviceHandler: -1, errno: 2
06-17 11:54:20.862 W/SpeechMessengerNormal(  467): checkCcciStatusAndRecovery(), #100, sleep 10 ms & retry openCcciDriver
06-17 11:54:20.872 E/SpeechMessengerNormal(  467): openCcciDriver(), open(/dev/ccci_aud) fail!! mCcciDeviceHandler: -1, errno: 2
06-17 11:54:20.872 W/SpeechMessengerNormal(  467): checkCcciStatusAndRecovery(), #101, sleep 10 ms & retry openCcciDriver
06-17 11:54:20.882 E/SpeechMessengerNormal(  467): openCcciDriver(), open(/dev/ccci_aud) fail!! mCcciDeviceHandler: -1, errno: 2
06-17 11:54:20.882 W/SpeechMessengerNormal(  467): checkCcciStatusAndRecovery(), #102, sleep 10 ms & retry openCcciDriver
06-17 11:54:20.893 E/SpeechMessengerNormal(  467): openCcciDriver(), open(/dev/ccci_aud) fail!! mCcciDeviceHandler: -1, errno: 2
06-17 11:54:20.893 W/SpeechMessengerNormal(  467): checkCcciStatusAndRecovery(), #103, sleep 10 ms & retry openCcciDriver
06-17 11:54:20.903 E/SpeechMessengerNormal(  467): openCcciDriver(), open(/dev/ccci_aud) fail!! mCcciDeviceHandler: -1, errno: 2
06-17 11:54:20.903 W/SpeechMessengerNormal(  467): checkCcciStatusAndRecovery(), #104, sleep 10 ms & retry openCcciDriver
06-17 11:54:20.913 E/SpeechMessengerNormal(  467): openCcciDriver(), open(/dev/ccci_aud) fail!! mCcciDeviceHandler: -1, errno: 2
06-17 11:54:20.913 W/SpeechMessengerNormal(  467): checkCcciStatusAndRecovery(), #105, sleep 10 ms & retry openCcciDriver
06-17 11:54:20.924 E/SpeechMessengerNormal(  467): openCcciDriver(), open(/dev/ccci_aud) fail!! mCcciDeviceHandler: -1, errno: 2
06-17 11:54:20.924 W/SpeechMessengerNormal(  467): checkCcciStatusAndRecovery(), #106, sleep 10 ms & retry openCcciDriver
06-17 11:54:20.934 E/SpeechMessengerNormal(  467): openCcciDriver(), open(/dev/ccci_aud) fail!! mCcciDeviceHandler: -1, errno: 2
06-17 11:54:20.934 W/SpeechMessengerNormal(  467): checkCcciStatusAndRecovery(), #107, sleep 10 ms & retry openCcciDriver
06-17 11:54:20.944 E/SpeechMessengerNormal(  467): openCcciDriver(), open(/dev/ccci_aud) fail!! mCcciDeviceHandler: -1, errno: 2
06-17 11:54:20.944 W/SpeechMessengerNormal(  467): checkCcciStatusAndRecovery(), #108, sleep 10 ms & retry openCcciDriver
06-17 11:54:20.955 E/SpeechMessengerNormal(  467): openCcciDriver(), open(/dev/ccci_aud) fail!! mCcciDeviceHandler: -1, errno: 2
06-17 11:54:20.955 W/SpeechMessengerNormal(  467): checkCcciStatusAndRecovery(), #109, sleep 10 ms & retry openCcciDriver
06-17 11:54:20.965 E/SpeechMessengerNormal(  467): openCcciDriver(), open(/dev/ccci_aud) fail!! mCcciDeviceHandler: -1, errno: 2
06-17 11:54:20.965 W/SpeechMessengerNormal(  467): checkCcciStatusAndRecovery(), #110, sleep 10 ms & retry openCcciDriver
06-17 11:54:20.975 E/SpeechMessengerNormal(  467): openCcciDriver(), open(/dev/ccci_aud) fail!! mCcciDeviceHandler: -1, errno: 2
06-17 11:54:20.975 W/SpeechMessengerNormal(  467): checkCcciStatusAndRecovery(), #111, sleep 10 ms & retry openCcciDriver
06-17 11:54:20.986 E/SpeechMessengerNormal(  467): openCcciDriver(), open(/dev/ccci_aud) fail!! mCcciDeviceHandler: -1, errno: 2
06-17 11:54:20.986 W/SpeechMessengerNormal(  467): checkCcciStatusAndRecovery(), #112, sleep 10 ms & retry openCcciDriver
06-17 11:54:20.996 E/SpeechMessengerNormal(  467): openCcciDriver(), open(/dev/ccci_aud) fail!! mCcciDeviceHandler: -1, errno: 2
06-17 11:54:20.996 W/SpeechMessengerNormal(  467): checkCcciStatusAndRecovery(), #113, sleep 10 ms & retry openCcciDriver
06-17 11:54:21.006 E/SpeechMessengerNormal(  467): openCcciDriver(), open(/dev/ccci_aud) fail!! mCcciDeviceHandler: -1, errno: 2
06-17 11:54:21.006 W/SpeechMessengerNormal(  467): checkCcciStatusAndRecovery(), #114, sleep 10 ms & retry openCcciDriver
06-17 11:54:21.017 E/SpeechMessengerNormal(  467): openCcciDriver(), open(/dev/ccci_aud) fail!! mCcciDeviceHandler: -1, errno: 2
06-17 11:54:21.017 W/SpeechMessengerNormal(  467): checkCcciStatusAndRecovery(), #115, sleep 10 ms & retry openCcciDriver
06-17 11:54:21.027 E/SpeechMessengerNormal(  467): openCcciDriver(), open(/dev/ccci_aud) fail!! mCcciDeviceHandler: -1, errno: 2
06-17 11:54:21.027 W/SpeechMessengerNormal(  467): checkCcciStatusAndRecovery(), #116, sleep 10 ms & retry openCcciDriver
06-17 11:54:21.037 E/SpeechMessengerNormal(  467): openCcciDriver(), open(/dev/ccci_aud) fail!! mCcciDeviceHandler: -1, errno: 2
06-17 11:54:21.037 W/SpeechMessengerNormal(  467): checkCcciStatusAndRecovery(), #117, sleep 10 ms & retry openCcciDriver
06-17 11:54:21.047 E/SpeechMessengerNormal(  467): openCcciDriver(), open(/dev/ccci_aud) fail!! mCcciDeviceHandler: -1, errno: 2
06-17 11:54:21.048 W/SpeechMessengerNormal(  467): checkCcciStatusAndRecovery(), #118, sleep 10 ms & retry openCcciDriver
06-17 11:54:21.058 E/SpeechMessengerNormal(  467): openCcciDriver(), open(/dev/ccci_aud) fail!! mCcciDeviceHandler: -1, errno: 2
06-17 11:54:21.058 W/SpeechMessengerNormal(  467): checkCcciStatusAndRecovery(), #119, sleep 10 ms & retry openCcciDriver
06-17 11:54:21.055 W/dlna_thread( 4294): type=1400 audit(0.0:37038): avc: denied { ioctl } for path="socket:[811684]" dev="sockfs" ino=811684 ioctlcmd=0x8927 scontext=u:r:system_app:s0 tcontext=u:r:system_app:s0 tclass=udp_socket permissive=0
06-17 11:54:21.068 E/SpeechMessengerNormal(  467): openCcciDriver(), open(/dev/ccci_aud) fail!! mCcciDeviceHandler: -1, errno: 2
06-17 11:54:21.068 W/SpeechMessengerNormal(  467): checkCcciStatusAndRecovery(), #120, sleep 10 ms & retry openCcciDriver
06-17 11:54:21.078 I/libPerfCtl(  485): xgfGetFPS pid:1101 fps:-1
06-17 11:54:21.078 I/libPerfCtl(  485): xgfGetFPS pid:10202 fps:-1
06-17 11:54:21.078 E/SpeechMessengerNormal(  467): openCcciDriver(), open(/dev/ccci_aud) fail!! mCcciDeviceHandler: -1, errno: 2
06-17 11:54:21.078 W/SpeechMessengerNormal(  467): checkCcciStatusAndRecovery(), #121, sleep 10 ms & retry openCcciDriver
06-17 11:54:21.083 E/AVSync  (  578): open dev failed: retry=21869, g_fd_avsync=-1, errno=2, No such file or directory
06-17 11:54:21.089 E/SpeechMessengerNormal(  467): openCcciDriver(), open(/dev/ccci_aud) fail!! mCcciDeviceHandler: -1, errno: 2
06-17 11:54:21.089 W/SpeechMessengerNormal(  467): checkCcciStatusAndRecovery(), #122, sleep 10 ms & retry openCcciDriver
06-17 11:54:21.099 E/SpeechMessengerNormal(  467): openCcciDriver(), open(/dev/ccci_aud) fail!! mCcciDeviceHandler: -1, errno: 2
06-17 11:54:21.099 W/SpeechMessengerNormal(  467): checkCcciStatusAndRecovery(), #123, sleep 10 ms & retry openCcciDriver
06-17 11:54:21.109 E/SpeechMessengerNormal(  467): openCcciDriver(), open(/dev/ccci_aud) fail!! mCcciDeviceHandler: -1, errno: 2
06-17 11:54:21.109 W/SpeechMessengerNormal(  467): checkCcciStatusAndRecovery(), #124, sleep 10 ms & retry openCcciDriver
06-17 11:54:21.120 E/SpeechMessengerNormal(  467): openCcciDriver(), open(/dev/ccci_aud) fail!! mCcciDeviceHandler: -1, errno: 2
06-17 11:54:21.120 W/SpeechMessengerNormal(  467): checkCcciStatusAndRecovery(), #125, sleep 10 ms & retry openCcciDriver
06-17 11:54:21.130 E/VT HIDL (  482): [IVT] [VT THREAD] [VT_Bind] des = volte_imsvt1 Fail to connect . retry count: 21860
06-17 11:54:21.130 E/SpeechMessengerNormal(  467): openCcciDriver(), open(/dev/ccci_aud) fail!! mCcciDeviceHandler: -1, errno: 2
06-17 11:54:21.130 W/SpeechMessengerNormal(  467): checkCcciStatusAndRecovery(), #126, sleep 10 ms & retry openCcciDriver
06-17 11:54:21.130 D/VT HIDL (  482): [IVT] isIMCBrun : True
06-17 11:54:21.140 E/SpeechMessengerNormal(  467): openCcciDriver(), open(/dev/ccci_aud) fail!! mCcciDeviceHandler: -1, errno: 2
06-17 11:54:21.140 W/SpeechMessengerNormal(  467): checkCcciStatusAndRecovery(), #127, sleep 10 ms & retry openCcciDriver
06-17 11:54:21.151 E/SpeechMessengerNormal(  467): openCcciDriver(), open(/dev/ccci_aud) fail!! mCcciDeviceHandler: -1, errno: 2
06-17 11:54:21.151 W/SpeechMessengerNormal(  467): checkCcciStatusAndRecovery(), #128, sleep 10 ms & retry openCcciDriver
06-17 11:54:21.161 E/SpeechMessengerNormal(  467): openCcciDriver(), open(/dev/ccci_aud) fail!! mCcciDeviceHandler: -1, errno: 2
06-17 11:54:21.161 W/SpeechMessengerNormal(  467): checkCcciStatusAndRecovery(), #129, sleep 10 ms & retry openCcciDriver
06-17 11:54:21.171 E/SpeechMessengerNormal(  467): openCcciDriver(), open(/dev/ccci_aud) fail!! mCcciDeviceHandler: -1, errno: 2
06-17 11:54:21.171 W/SpeechMessengerNormal(  467): checkCcciStatusAndRecovery(), #130, sleep 10 ms & retry openCcciDriver
06-17 11:54:21.181 E/SpeechMessengerNormal(  467): openCcciDriver(), open(/dev/ccci_aud) fail!! mCcciDeviceHandler: -1, errno: 2
06-17 11:54:21.182 W/SpeechMessengerNormal(  467): checkCcciStatusAndRecovery(), #131, sleep 10 ms & retry openCcciDriver
06-17 11:54:21.192 E/SpeechMessengerNormal(  467): openCcciDriver(), open(/dev/ccci_aud) fail!! mCcciDeviceHandler: -1, errno: 2
06-17 11:54:21.192 W/SpeechMessengerNormal(  467): checkCcciStatusAndRecovery(), #132, sleep 10 ms & retry openCcciDriver
06-17 11:54:21.194 D/agps    (  614): [agps] WARNING: [CP] cp2_fd_1_reconnect_timeout
06-17 11:54:21.195 E/agps    (  614): [agps] ERR: [CP] get_ccci_uart  open failed node=[/dev/ttyC2] reason=[No such file or directory]
06-17 11:54:21.195 E/agps    (  614): [agps] ERR: [CP] get_eemcs_uart  open failed node=[/dev/eemcs_ipc_uart] reason=[No such file or directory]
06-17 11:54:21.195 E/agps    (  614): [agps] ERR: [CP] ccci_uart_1  open failed
06-17 11:54:21.202 E/SpeechMessengerNormal(  467): openCcciDriver(), open(/dev/ccci_aud) fail!! mCcciDeviceHandler: -1, errno: 2
06-17 11:54:21.202 W/SpeechMessengerNormal(  467): checkCcciStatusAndRecovery(), #133, sleep 10 ms & retry openCcciDriver
06-17 11:54:21.209 I/BufferQueueProducer(  494): [com.aplusscore.android/com.aplusscore.android.MainActivity#0](this:0xb4000076da595d48,id:-1,api:0,p:-1,c:494) queueBuffer: fps=0.46 dur=4352.85 max=4201.68 min=151.17
06-17 11:54:21.213 E/SpeechMessengerNormal(  467): openCcciDriver(), open(/dev/ccci_aud) fail!! mCcciDeviceHandler: -1, errno: 2
06-17 11:54:21.213 W/SpeechMessengerNormal(  467): checkCcciStatusAndRecovery(), #134, sleep 10 ms & retry openCcciDriver
06-17 11:54:21.223 I/BufferQueueProducer(  494): [FramebufferSurface](this:0xb40000768a38bbb0,id:-1,api:1,p:494,c:494) queueBuffer: fps=0.24 dur=4202.22 max=4202.22 min=4202.22
06-17 11:54:21.224 E/SpeechMessengerNormal(  467): openCcciDriver(), open(/dev/ccci_aud) fail!! mCcciDeviceHandler: -1, errno: 2
06-17 11:54:21.224 W/SpeechMessengerNormal(  467): checkCcciStatusAndRecovery(), #135, sleep 10 ms & retry openCcciDriver
06-17 11:54:21.224 I/hwcomposer(  475): [HWCDisplay] [Display_0 (type:1)] fps:0.684468,dur:4382.97,max:4201.89,min:16.63  
06-17 11:54:21.234 E/SpeechMessengerNormal(  467): openCcciDriver(), open(/dev/ccci_aud) fail!! mCcciDeviceHandler: -1, errno: 2
06-17 11:54:21.234 W/SpeechMessengerNormal(  467): checkCcciStatusAndRecovery(), #136, sleep 10 ms & retry openCcciDriver
06-17 11:54:21.244 E/SpeechMessengerNormal(  467): openCcciDriver(), open(/dev/ccci_aud) fail!! mCcciDeviceHandler: -1, errno: 2
06-17 11:54:21.244 W/SpeechMessengerNormal(  467): checkCcciStatusAndRecovery(), #137, sleep 10 ms & retry openCcciDriver
06-17 11:54:21.255 E/SpeechMessengerNormal(  467): openCcciDriver(), open(/dev/ccci_aud) fail!! mCcciDeviceHandler: -1, errno: 2
06-17 11:54:21.255 W/SpeechMessengerNormal(  467): checkCcciStatusAndRecovery(), #138, sleep 10 ms & retry openCcciDriver
06-17 11:54:21.262 I/hwcomposer(  475): [DBQ] (q2:0xb400007030c61030) Buffer queue is created with size(3), m_id(223), q2  
06-17 11:54:21.262 I/hwcomposer(  475): [DBQ] (q2:0xb400007030c61030) Reallocate Slot(0), pool(0 -> 0) size(0 -> 8294400) secure(0 -> 0)  
06-17 11:54:21.263 I/hwcomposer(  475): [DBQ] (q2:0xb400007030c61030) Alloc Slot(0), handle=0xb400007000c6acd0 c=0 w=1920 h=1080 p=1920 ys=1920 vs=1080 f=1 sec=0 sh=0, usage=0x800  
06-17 11:54:21.264 I/hwcomposer(  475): [DBQ] (q2:0xb400007030c60340) Buffer queue is created with size(3), m_id(222), q2  
06-17 11:54:21.264 I/hwcomposer(  475): [DBQ] (q2:0xb400007030c60340) Reallocate Slot(0), pool(0 -> 0) size(0 -> 8294400) secure(0 -> 0)  
06-17 11:54:21.265 E/SpeechMessengerNormal(  467): openCcciDriver(), open(/dev/ccci_aud) fail!! mCcciDeviceHandler: -1, errno: 2
06-17 11:54:21.265 W/SpeechMessengerNormal(  467): checkCcciStatusAndRecovery(), #139, sleep 10 ms & retry openCcciDriver
06-17 11:54:21.265 I/hwcomposer(  475): [DBQ] (q2:0xb400007030c60340) Alloc Slot(0), handle=0xb400007000c67f50 c=0 w=1920 h=1080 p=1920 ys=1920 vs=1080 f=1 sec=0 sh=0, usage=0x800  
06-17 11:54:21.275 E/SpeechMessengerNormal(  467): openCcciDriver(), open(/dev/ccci_aud) fail!! mCcciDeviceHandler: -1, errno: 2
06-17 11:54:21.275 W/SpeechMessengerNormal(  467): checkCcciStatusAndRecovery(), #140, sleep 10 ms & retry openCcciDriver
06-17 11:54:21.286 E/SpeechMessengerNormal(  467): openCcciDriver(), open(/dev/ccci_aud) fail!! mCcciDeviceHandler: -1, errno: 2
06-17 11:54:21.286 W/SpeechMessengerNormal(  467): checkCcciStatusAndRecovery(), #141, sleep 10 ms & retry openCcciDriver
06-17 11:54:21.289 W/adbd    ( 5736): timed out while waiting for FUNCTIONFS_BIND, trying again
06-17 11:54:21.289 I/adbd    ( 5736): UsbFfs: connection terminated: monitor thread finished
06-17 11:54:21.289 I/adbd    ( 5736): UsbFfs: already offline
06-17 11:54:21.289 I/adbd    ( 5736): destroying transport UsbFfs
06-17 11:54:21.289 I/adbd    ( 5736): UsbFfsConnection being destroyed
06-17 11:54:21.296 E/SpeechMessengerNormal(  467): openCcciDriver(), open(/dev/ccci_aud) fail!! mCcciDeviceHandler: -1, errno: 2
06-17 11:54:21.296 W/SpeechMessengerNormal(  467): checkCcciStatusAndRecovery(), #142, sleep 10 ms & retry openCcciDriver
06-17 11:54:21.306 E/SpeechMessengerNormal(  467): openCcciDriver(), open(/dev/ccci_aud) fail!! mCcciDeviceHandler: -1, errno: 2
06-17 11:54:21.306 W/SpeechMessengerNormal(  467): checkCcciStatusAndRecovery(), #143, sleep 10 ms & retry openCcciDriver
06-17 11:54:21.317 E/SpeechMessengerNormal(  467): openCcciDriver(), open(/dev/ccci_aud) fail!! mCcciDeviceHandler: -1, errno: 2
06-17 11:54:21.317 W/SpeechMessengerNormal(  467): checkCcciStatusAndRecovery(), #144, sleep 10 ms & retry openCcciDriver
06-17 11:54:21.327 E/SpeechMessengerNormal(  467): openCcciDriver(), open(/dev/ccci_aud) fail!! mCcciDeviceHandler: -1, errno: 2
06-17 11:54:21.327 W/SpeechMessengerNormal(  467): checkCcciStatusAndRecovery(), #145, sleep 10 ms & retry openCcciDriver
06-17 11:54:21.337 E/SpeechMessengerNormal(  467): openCcciDriver(), open(/dev/ccci_aud) fail!!