--------- beginning of system
06-17 11:54:10.376 W/ContextImpl( 4294): Calling a method in the system process without a qualified user: android.app.ContextImpl.startForegroundService:1822 android.content.ContextWrapper.startForegroundService:779 xr2.j:24 com.ecloud.eairplay.AirPlayService.r:18 com.ecloud.eairplay.api.AirPlayImpl.startService:3 
--------- beginning of main
06-17 11:54:10.371 W/d.eshare.server( 4294): type=1400 audit(0.0:37003): avc: denied { ioctl } for path="socket:[809405]" dev="sockfs" ino=809405 ioctlcmd=0x8927 scontext=u:r:system_app:s0 tcontext=u:r:system_app:s0 tclass=udp_socket permissive=0
06-17 11:54:10.371 W/d.eshare.server( 4294): type=1400 audit(0.0:37004): avc: denied { ioctl } for path="socket:[809406]" dev="sockfs" ino=809406 ioctlcmd=0x8927 scontext=u:r:system_app:s0 tcontext=u:r:system_app:s0 tclass=udp_socket permissive=0
06-17 11:54:10.380 W/ContextImpl( 4294): Calling a method in the system process without a qualified user: android.app.ContextImpl.startForegroundService:1822 android.content.ContextWrapper.startForegroundService:779 xr2.j:24 com.ecloud.emedia.api.DlnaImpl.startService:8 com.ecloud.emedia.api.DlnaApi.startService:7 
06-17 11:54:10.381 E/SpeechMessengerNormal(  467): openCcciDriver(), open(/dev/ccci_aud) fail!! mCcciDeviceHandler: -1, errno: 2
06-17 11:54:10.382 W/SpeechMessengerNormal(  467): checkCcciStatusAndRecovery(), #137, sleep 10 ms & retry openCcciDriver
06-17 11:54:10.385 W/ContextImpl( 4294): Calling a method in the system process without a qualified user: android.app.ContextImpl.startForegroundService:1822 android.content.ContextWrapper.startForegroundService:779 xr2.j:24 com.ecloud.emedia.api.DlnaImpl.startService:8 com.ecloud.emedia.api.DlnaApi.startService:7 
06-17 11:54:10.392 E/SpeechMessengerNormal(  467): openCcciDriver(), open(/dev/ccci_aud) fail!! mCcciDeviceHandler: -1, errno: 2
06-17 11:54:10.392 W/SpeechMessengerNormal(  467): checkCcciStatusAndRecovery(), #138, sleep 10 ms & retry openCcciDriver
06-17 11:54:10.402 E/SpeechMessengerNormal(  467): openCcciDriver(), open(/dev/ccci_aud) fail!! mCcciDeviceHandler: -1, errno: 2
06-17 11:54:10.402 W/SpeechMessengerNormal(  467): checkCcciStatusAndRecovery(), #139, sleep 10 ms & retry openCcciDriver
06-17 11:54:10.412 E/SpeechMessengerNormal(  467): openCcciDriver(), open(/dev/ccci_aud) fail!! mCcciDeviceHandler: -1, errno: 2
06-17 11:54:10.412 W/SpeechMessengerNormal(  467): checkCcciStatusAndRecovery(), #140, sleep 10 ms & retry openCcciDriver
06-17 11:54:10.423 E/SpeechMessengerNormal(  467): openCcciDriver(), open(/dev/ccci_aud) fail!! mCcciDeviceHandler: -1, errno: 2
06-17 11:54:10.423 W/SpeechMessengerNormal(  467): checkCcciStatusAndRecovery(), #141, sleep 10 ms & retry openCcciDriver
06-17 11:54:10.433 E/SpeechMessengerNormal(  467): openCcciDriver(), open(/dev/ccci_aud) fail!! mCcciDeviceHandler: -1, errno: 2
06-17 11:54:10.433 W/SpeechMessengerNormal(  467): checkCcciStatusAndRecovery(), #142, sleep 10 ms & retry openCcciDriver
06-17 11:54:10.443 E/SpeechMessengerNormal(  467): openCcciDriver(), open(/dev/ccci_aud) fail!! mCcciDeviceHandler: -1, errno: 2
06-17 11:54:10.443 W/SpeechMessengerNormal(  467): checkCcciStatusAndRecovery(), #143, sleep 10 ms & retry openCcciDriver
06-17 11:54:10.453 E/SpeechMessengerNormal(  467): openCcciDriver(), open(/dev/ccci_aud) fail!! mCcciDeviceHandler: -1, errno: 2
06-17 11:54:10.454 W/SpeechMessengerNormal(  467): checkCcciStatusAndRecovery(), #144, sleep 10 ms & retry openCcciDriver
06-17 11:54:10.464 E/SpeechMessengerNormal(  467): openCcciDriver(), open(/dev/ccci_aud) fail!! mCcciDeviceHandler: -1, errno: 2
06-17 11:54:10.464 W/SpeechMessengerNormal(  467): checkCcciStatusAndRecovery(), #145, sleep 10 ms & retry openCcciDriver
06-17 11:54:10.471 I/hwservicemanager(  353): Since vendor.mediatek.hardware.mtkradioex@3.0::IMtkRadioEx/imsSlot1 is not registered, trying to start it as a lazy HAL.
06-17 11:54:10.472 I/hwservicemanager(  353): getTransport: Cannot find entry vendor.mediatek.hardware.mtkradioex@2.0::IMtkRadioEx/imsSlot1 in either framework or device VINTF manifest.
06-17 11:54:10.472 W/libc    (  353): Unable to set property "ctl.interface_start" to "vendor.mediatek.hardware.mtkradioex@3.0::IMtkRadioEx/imsSlot1": error code: 0x20
06-17 11:54:10.472 I/hwservicemanager(  353): Tried to start vendor.mediatek.hardware.mtkradioex@3.0::IMtkRadioEx/imsSlot1 as a lazy service, but was unable to. Usually this happens when a service is not installed, but if the service is intended to be used as a lazy service, then it may be configured incorrectly.
06-17 11:54:10.473 I/hwservicemanager(  353): Since vendor.mediatek.hardware.mtkradioex@3.0::IMtkRadioEx/imsSlot2 is not registered, trying to start it as a lazy HAL.
06-17 11:54:10.474 E/SpeechMessengerNormal(  467): openCcciDriver(), open(/dev/ccci_aud) fail!! mCcciDeviceHandler: -1, errno: 2
06-17 11:54:10.474 W/SpeechMessengerNormal(  467): checkCcciStatusAndRecovery(), #146, sleep 10 ms & retry openCcciDriver
06-17 11:54:10.475 W/libc    (  353): Unable to set property "ctl.interface_start" to "vendor.mediatek.hardware.mtkradioex@3.0::IMtkRadioEx/imsSlot2": error code: 0x20
06-17 11:54:10.475 I/hwservicemanager(  353): getTransport: Cannot find entry vendor.mediatek.hardware.mtkradioex@2.0::IMtkRadioEx/imsSlot2 in either framework or device VINTF manifest.
06-17 11:54:10.475 I/hwservicemanager(  353): Tried to start vendor.mediatek.hardware.mtkradioex@3.0::IMtkRadioEx/imsSlot2 as a lazy service, but was unable to. Usually this happens when a service is not installed, but if the service is intended to be used as a lazy service, then it may be configured incorrectly.
06-17 11:54:10.476 I/hwservicemanager(  353): Since android.hardware.radio@1.0::IRadio/imsAospSlot1 is not registered, trying to start it as a lazy HAL.
06-17 11:54:10.478 W/libc    (  353): Unable to set property "ctl.interface_start" to "android.hardware.radio@1.0::IRadio/imsAospSlot1": error code: 0x20
06-17 11:54:10.478 I/hwservicemanager(  353): Since android.hardware.radio@1.0::IRadio/imsAospSlot2 is not registered, trying to start it as a lazy HAL.
06-17 11:54:10.478 I/hwservicemanager(  353): Tried to start android.hardware.radio@1.0::IRadio/imsAospSlot1 as a lazy service, but was unable to. Usually this happens when a service is not installed, but if the service is intended to be used as a lazy service, then it may be configured incorrectly.
06-17 11:54:10.479 W/libc    (  353): Unable to set property "ctl.interface_start" to "android.hardware.radio@1.0::IRadio/imsAospSlot2": error code: 0x20
06-17 11:54:10.479 I/hwservicemanager(  353): Tried to start android.hardware.radio@1.0::IRadio/imsAospSlot2 as a lazy service, but was unable to. Usually this happens when a service is not installed, but if the service is intended to be used as a lazy service, then it may be configured incorrectly.
06-17 11:54:10.484 E/SpeechMessengerNormal(  467): openCcciDriver(), open(/dev/ccci_aud) fail!! mCcciDeviceHandler: -1, errno: 2
06-17 11:54:10.484 W/SpeechMessengerNormal(  467): checkCcciStatusAndRecovery(), #147, sleep 10 ms & retry openCcciDriver
06-17 11:54:10.495 E/SpeechMessengerNormal(  467): openCcciDriver(), open(/dev/ccci_aud) fail!! mCcciDeviceHandler: -1, errno: 2
06-17 11:54:10.495 W/SpeechMessengerNormal(  467): checkCcciStatusAndRecovery(), #148, sleep 10 ms & retry openCcciDriver
06-17 11:54:10.505 E/SpeechMessengerNormal(  467): openCcciDriver(), open(/dev/ccci_aud) fail!! mCcciDeviceHandler: -1, errno: 2
06-17 11:54:10.505 W/SpeechMessengerNormal(  467): checkCcciStatusAndRecovery(), #149, sleep 10 ms & retry openCcciDriver
06-17 11:54:10.515 E/SpeechMessengerNormal(  467): openCcciDriver(), open(/dev/ccci_aud) fail!! mCcciDeviceHandler: -1, errno: 2
06-17 11:54:10.515 W/SpeechMessengerNormal(  467): checkCcciStatusAndRecovery(), #150, sleep 10 ms & retry openCcciDriver
06-17 11:54:10.526 E/SpeechMessengerNormal(  467): openCcciDriver(), open(/dev/ccci_aud) fail!! mCcciDeviceHandler: -1, errno: 2
06-17 11:54:10.526 W/SpeechMessengerNormal(  467): checkCcciStatusAndRecovery(), #151, sleep 10 ms & retry openCcciDriver
06-17 11:54:10.536 E/SpeechMessengerNormal(  467): openCcciDriver(), open(/dev/ccci_aud) fail!! mCcciDeviceHandler: -1, errno: 2
06-17 11:54:10.536 W/SpeechMessengerNormal(  467): checkCcciStatusAndRecovery(), #152, sleep 10 ms & retry openCcciDriver
06-17 11:54:10.546 E/SpeechMessengerNormal(  467): openCcciDriver(), open(/dev/ccci_aud) fail!! mCcciDeviceHandler: -1, errno: 2
06-17 11:54:10.546 W/SpeechMessengerNormal(  467): checkCcciStatusAndRecovery(), #153, sleep 10 ms & retry openCcciDriver
06-17 11:54:10.557 E/SpeechMessengerNormal(  467): openCcciDriver(), open(/dev/ccci_aud) fail!! mCcciDeviceHandler: -1, errno: 2
06-17 11:54:10.557 W/SpeechMessengerNormal(  467): checkCcciStatusAndRecovery(), #154, sleep 10 ms & retry openCcciDriver
06-17 11:54:10.567 E/SpeechMessengerNormal(  467): openCcciDriver(), open(/dev/ccci_aud) fail!! mCcciDeviceHandler: -1, errno: 2
06-17 11:54:10.567 W/SpeechMessengerNormal(  467): checkCcciStatusAndRecovery(), #155, sleep 10 ms & retry openCcciDriver
06-17 11:54:10.570 E/AVSync  (  578): open dev failed: retry=21848, g_fd_avsync=-1, errno=2, No such file or directory
06-17 11:54:10.577 E/SpeechMessengerNormal(  467): openCcciDriver(), open(/dev/ccci_aud) fail!! mCcciDeviceHandler: -1, errno: 2
06-17 11:54:10.577 W/SpeechMessengerNormal(  467): checkCcciStatusAndRecovery(), #156, sleep 10 ms & retry openCcciDriver
06-17 11:54:10.575 W/dlna_thread( 4294): type=1400 audit(0.0:37005): avc: denied { ioctl } for path="socket:[813415]" dev="sockfs" ino=813415 ioctlcmd=0x8927 scontext=u:r:system_app:s0 tcontext=u:r:system_app:s0 tclass=udp_socket permissive=0
06-17 11:54:10.575 W/dlna_thread( 4294): type=1400 audit(0.0:37006): avc: denied { ioctl } for path="socket:[813415]" dev="sockfs" ino=813415 ioctlcmd=0x8927 scontext=u:r:system_app:s0 tcontext=u:r:system_app:s0 tclass=udp_socket permissive=0
06-17 11:54:10.588 E/SpeechMessengerNormal(  467): openCcciDriver(), open(/dev/ccci_aud) fail!! mCcciDeviceHandler: -1, errno: 2
06-17 11:54:10.588 W/SpeechMessengerNormal(  467): checkCcciStatusAndRecovery(), #157, sleep 10 ms & retry openCcciDriver
06-17 11:54:10.598 E/SpeechMessengerNormal(  467): openCcciDriver(), open(/dev/ccci_aud) fail!! mCcciDeviceHandler: -1, errno: 2
06-17 11:54:10.598 W/SpeechMessengerNormal(  467): checkCcciStatusAndRecovery(), #158, sleep 10 ms & retry openCcciDriver
06-17 11:54:10.608 E/SpeechMessengerNormal(  467): openCcciDriver(), open(/dev/ccci_aud) fail!! mCcciDeviceHandler: -1, errno: 2
06-17 11:54:10.608 W/SpeechMessengerNormal(  467): checkCcciStatusAndRecovery(), #159, sleep 10 ms & retry openCcciDriver
06-17 11:54:10.618 E/VT HIDL (  482): [IVT] [VT THREAD] [VT_Bind] des = volte_imsvt1 Fail to connect . retry count: 21839
06-17 11:54:10.618 E/SpeechMessengerNormal(  467): openCcciDriver(), open(/dev/ccci_aud) fail!! mCcciDeviceHandler: -1, errno: 2
06-17 11:54:10.619 W/SpeechMessengerNormal(  467): checkCcciStatusAndRecovery(), #160, sleep 10 ms & retry openCcciDriver
06-17 11:54:10.619 D/VT HIDL (  482): [IVT] isIMCBrun : True
06-17 11:54:10.629 E/SpeechMessengerNormal(  467): openCcciDriver(), open(/dev/ccci_aud) fail!! mCcciDeviceHandler: -1, errno: 2
06-17 11:54:10.629 W/SpeechMessengerNormal(  467): checkCcciStatusAndRecovery(), #161, sleep 10 ms & retry openCcciDriver
06-17 11:54:10.639 E/SpeechMessengerNormal(  467): openCcciDriver(), open(/dev/ccci_aud) fail!! mCcciDeviceHandler: -1, errno: 2
06-17 11:54:10.639 W/SpeechMessengerNormal(  467): checkCcciStatusAndRecovery(), #162, sleep 10 ms & retry openCcciDriver
06-17 11:54:10.650 E/SpeechMessengerNormal(  467): openCcciDriver(), open(/dev/ccci_aud) fail!! mCcciDeviceHandler: -1, errno: 2
06-17 11:54:10.650 W/SpeechMessengerNormal(  467): checkCcciStatusAndRecovery(), #163, sleep 10 ms & retry openCcciDriver
06-17 11:54:10.660 E/SpeechMessengerNormal(  467): openCcciDriver(), open(/dev/ccci_aud) fail!! mCcciDeviceHandler: -1, errno: 2
06-17 11:54:10.660 W/SpeechMessengerNormal(  467): checkCcciStatusAndRecovery(), #164, sleep 10 ms & retry openCcciDriver
06-17 11:54:10.670 E/SpeechMessengerNormal(  467): openCcciDriver(), open(/dev/ccci_aud) fail!! mCcciDeviceHandler: -1, errno: 2
06-17 11:54:10.670 W/SpeechMessengerNormal(  467): checkCcciStatusAndRecovery(), #165, sleep 10 ms & retry openCcciDriver
06-17 11:54:10.681 E/SpeechMessengerNormal(  467): openCcciDriver(), open(/dev/ccci_aud) fail!! mCcciDeviceHandler: -1, errno: 2
06-17 11:54:10.681 W/SpeechMessengerNormal(  467): checkCcciStatusAndRecovery(), #166, sleep 10 ms & retry openCcciDriver
06-17 11:54:10.691 E/SpeechMessengerNormal(  467): openCcciDriver(), open(/dev/ccci_aud) fail!! mCcciDeviceHandler: -1, errno: 2
06-17 11:54:10.691 W/SpeechMessengerNormal(  467): checkCcciStatusAndRecovery(), #167, sleep 10 ms & retry openCcciDriver
06-17 11:54:10.694 I/hwservicemanager(  353): Since android.hardware.radio@1.0::IRadio/slot2 is not registered, trying to start it as a lazy HAL.
06-17 11:54:10.699 W/libc    (  353): Unable to set property "ctl.interface_start" to "android.hardware.radio@1.0::IRadio/slot2": error code: 0x20
06-17 11:54:10.699 I/hwservicemanager(  353): Tried to start android.hardware.radio@1.0::IRadio/slot2 as a lazy service, but was unable to. Usually this happens when a service is not installed, but if the service is intended to be used as a lazy service, then it may be configured incorrectly.
06-17 11:54:10.700 I/hwservicemanager(  353): Since android.hardware.radio@1.0::IRadio/slot1 is not registered, trying to start it as a lazy HAL.
06-17 11:54:10.701 E/SpeechMessengerNormal(  467): openCcciDriver(), open(/dev/ccci_aud) fail!! mCcciDeviceHandler: -1, errno: 2
06-17 11:54:10.701 W/SpeechMessengerNormal(  467): checkCcciStatusAndRecovery(), #168, sleep 10 ms & retry openCcciDriver
06-17 11:54:10.703 W/libc    (  353): Unable to set property "ctl.interface_start" to "android.hardware.radio@1.0::IRadio/slot1": error code: 0x20
06-17 11:54:10.703 I/hwservicemanager(  353): Tried to start android.hardware.radio@1.0::IRadio/slot1 as a lazy service, but was unable to. Usually this happens when a service is not installed, but if the service is intended to be used as a lazy service, then it may be configured incorrectly.
06-17 11:54:10.712 E/SpeechMessengerNormal(  467): openCcciDriver(), open(/dev/ccci_aud) fail!! mCcciDeviceHandler: -1, errno: 2
06-17 11:54:10.712 W/SpeechMessengerNormal(  467): checkCcciStatusAndRecovery(), #169, sleep 10 ms & retry openCcciDriver
06-17 11:54:10.722 E/SpeechMessengerNormal(  467): openCcciDriver(), open(/dev/ccci_aud) fail!! mCcciDeviceHandler: -1, errno: 2
06-17 11:54:10.722 W/SpeechMessengerNormal(  467): checkCcciStatusAndRecovery(), #170, sleep 10 ms & retry openCcciDriver
06-17 11:54:10.732 E/SpeechMessengerNormal(  467): openCcciDriver(), open(/dev/ccci_aud) fail!! mCcciDeviceHandler: -1, errno: 2
06-17 11:54:10.732 W/SpeechMessengerNormal(  467): checkCcciStatusAndRecovery(), #171, sleep 10 ms & retry openCcciDriver
06-17 11:54:10.743 E/SpeechMessengerNormal(  467): openCcciDriver(), open(/dev/ccci_aud) fail!! mCcciDeviceHandler: -1, errno: 2
06-17 11:54:10.743 W/SpeechMessengerNormal(  467): checkCcciStatusAndRecovery(), #172, sleep 10 ms & retry openCcciDriver
06-17 11:54:10.753 E/SpeechMessengerNormal(  467): openCcciDriver(), open(/dev/ccci_aud) fail!! mCcciDeviceHandler: -1, errno: 2
06-17 11:54:10.753 W/SpeechMessengerNormal(  467): checkCcciStatusAndRecovery(), #173, sleep 10 ms & retry openCcciDriver
06-17 11:54:10.763 E/SpeechMessengerNormal(  467): openCcciDriver(), open(/dev/ccci_aud) fail!! mCcciDeviceHandler: -1, errno: 2
06-17 11:54:10.763 W/SpeechMessengerNormal(  467): checkCcciStatusAndRecovery(), #174, sleep 10 ms & retry openCcciDriver
06-17 11:54:10.774 E/SpeechMessengerNormal(  467): openCcciDriver(), open(/dev/ccci_aud) fail!! mCcciDeviceHandler: -1, errno: 2
06-17 11:54:10.774 W/SpeechMessengerNormal(  467): checkCcciStatusAndRecovery(), #175, sleep 10 ms & retry openCcciDriver
06-17 11:54:10.784 E/SpeechMessengerNormal(  467): openCcciDriver(), open(/dev/ccci_aud) fail!! mCcciDeviceHandler: -1, errno: 2
06-17 11:54:10.784 W/SpeechMessengerNormal(  467): checkCcciStatusAndRecovery(), #176, sleep 10 ms & retry openCcciDriver
06-17 11:54:10.789 W/adbd    ( 5736): timed out while waiting for FUNCTIONFS_BIND, trying again
06-17 11:54:10.789 I/adbd    ( 5736): UsbFfs: connection terminated: monitor thread finished
06-17 11:54:10.789 I/adbd    ( 5736): UsbFfs: already offline
06-17 11:54:10.790 I/adbd    ( 5736): destroying transport UsbFfs
06-17 11:54:10.790 I/adbd    ( 5736): UsbFfsConnection being destroyed
06-17 11:54:10.794 E/SpeechMessengerNormal(  467): openCcciDriver(), open(/dev/ccci_aud) fail!! mCcciDeviceHandler: -1, errno: 2
06-17 11:54:10.794 W/SpeechMessengerNormal(  467): checkCcciStatusAndRecovery(), #177, sleep 10 ms & retry openCcciDriver
06-17 11:54:10.805 E/SpeechMessengerNormal(  467): openCcciDriver(), open(/dev/ccci_aud) fail!! mCcciDeviceHandler: -1, errno: 2
06-17 11:54:10.805 W/SpeechMessengerNormal(  467): checkCcciStatusAndRecovery(), #178, sleep 10 ms & retry openCcciDriver
06-17 11:54:10.815 E/SpeechMessengerNormal(  467): openCcciDriver(), open(/dev/ccci_aud) fail!! mCcciDeviceHandler: -1, errno: 2
06-17 11:54:10.815 W/SpeechMessengerNormal(  467): checkCcciStatusAndRecovery(), #179, sleep 10 ms & retry openCcciDriver
06-17 11:54:10.825 E/SpeechMessengerNormal(  467): openCcciDriver(), open(/dev/ccci_aud) fail!! mCcciDeviceHandler: -1, errno: 2
06-17 11:54:10.825 W/SpeechMessengerNormal(  467): checkCcciStatusAndRecovery(), #180, sleep 10 ms & retry openCcciDriver
06-17 11:54:10.825 I/adbd    ( 5736): opening control endpoint /dev/usb-ffs/adb/ep0
06-17 11:54:10.827 I/adbd    ( 5736): UsbFfsConnection constructed
06-17 11:54:10.828 I/adbd    ( 5736): UsbFfs-monitor thread spawned
06-17 11:54:10.834 I/hwservicemanager(  353): Since vendor.mediatek.hardware.mtkradioex@3.0::IMtkRadioEx/imsSlot1 is not registered, trying to start it as a lazy HAL.
06-17 11:54:10.836 E/SpeechMessengerNormal(  467): openCcciDriver(), open(/dev/ccci_aud) fail!! mCcciDeviceHandler: -1, errno: 2
06-17 11:54:10.836 W/SpeechMessengerNormal(  467): checkCcciStatusAndRecovery(), #181, sleep 10 ms & retry openCcciDriver
06-17 11:54:10.836 W/libc    (  353): Unable to set property "ctl.interface_start" to "vendor.mediatek.hardware.mtkradioex@3.0::IMtkRadioEx/imsSlot1": error code: 0x20
06-17 11:54:10.837 I/hwservicemanager(  353): Tried to start vendor.mediatek.hardware.mtkradioex@3.0::IMtkRadioEx/imsSlot1 as a lazy service, but was unable to. Usually this happens when a service is not installed, but if the service is intended to be used as a lazy service, then it may be configured incorrectly.
06-17 11:54:10.846 E/SpeechMessengerNormal(  467): openCcciDriver(), open(/dev/ccci_aud) fail!! mCcciDeviceHandler: -1, errno: 2
06-17 11:54:10.846 W/SpeechMessengerNormal(  467): checkCcciStatusAndRecovery(), #182, sleep 10 ms & retry openCcciDriver
06-17 11:54:10.856 E/SpeechMessengerNormal(  467): openCcciDriver(), open(/dev/ccci_aud) fail!! mCcciDeviceHandler: -1, errno: 2
06-17 11:54:10.856 W/SpeechMessengerNormal(  467): checkCcciStatusAndRecovery(), #183, sleep 10 ms & retry openCcciDriver
06-17 11:54:10.867 E/SpeechMessengerNormal(  467): openCcciDriver(), open(/dev/ccci_aud) fail!! mCcciDeviceHandler: -1, errno: 2
06-17 11:54:10.867 W/SpeechMessengerNormal(  467): checkCcciStatusAndRecovery(), #184, sleep 10 ms & retry openCcciDriver
06-17 11:54:10.877 E/SpeechMessengerNormal(  467): openCcciDriver(), open(/dev/ccci_aud) fail!! mCcciDeviceHandler: -1, errno: 2
06-17 11:54:10.877 W/SpeechMessengerNormal(  467): checkCcciStatusAndRecovery(), #185, sleep 10 ms & retry openCcciDriver
06-17 11:54:10.887 E/SpeechMessengerNormal(  467): openCcciDriver(), open(/dev/ccci_aud) fail!! mCcciDeviceHandler: -1, errno: 2
06-17 11:54:10.887 W/SpeechMessengerNormal(  467): checkCcciStatusAndRecovery(), #186, sleep 10 ms & retry openCcciDriver
06-17 11:54:10.898 E/SpeechMessengerNormal(  467): openCcciDriver(), open(/dev/ccci_aud) fail!! mCcciDeviceHandler: -1, errno: 2
06-17 11:54:10.898 W/SpeechMessengerNormal(  467): checkCcciStatusAndRecovery(), #187, sleep 10 ms & retry openCcciDriver
06-17 11:54:10.908 E/SpeechMessengerNormal(  467): openCcciDriver(), open(/dev/ccci_aud) fail!! mCcciDeviceHandler: -1, errno: 2
06-17 11:54:10.908 W/SpeechMessengerNormal(  467): checkCcciStatusAndRecovery(), #188, sleep 10 ms & retry openCcciDriver
06-17 11:54:10.918 E/SpeechMessengerNormal(  467): openCcciDriver(), open(/dev/ccci_aud) fail!! mCcciDeviceHandler: -1, errno: 2
06-17 11:54:10.918 W/SpeechMessengerNormal(  467): checkCcciStatusAndRecovery(), #189, sleep 10 ms & retry openCcciDriver
06-17 11:54:10.929 E/SpeechMessengerNormal(  467): openCcciDriver(), open(/dev/ccci_aud) fail!! mCcciDeviceHandler: -1, errno: 2
06-17 11:54:10.929 W/SpeechMessengerNormal(  467): checkCcciStatusAndRecovery(), #190, sleep 10 ms & retry openCcciDriver
06-17 11:54:10.939 E/SpeechMessengerNormal(  467): openCcciDriver(), open(/dev/ccci_aud) fail!! mCcciDeviceHandler: -1, errno: 2
06-17 11:54:10.939 W/SpeechMessengerNormal(  467): checkCcciStatusAndRecovery(), #191, sleep 10 ms & retry openCcciDriver
06-17 11:54:10.949 E/SpeechMessengerNormal(  467): openCcciDriver(), open(/dev/ccci_aud) fail!! mCcciDeviceHandler: -1, errno: 2
06-17 11:54:10.949 W/SpeechMessengerNormal(  467): checkCcciStatusAndRecovery(), #192, sleep 10 ms & retry openCcciDriver
06-17 11:54:10.960 E/SpeechMessengerNormal(  467): openCcciDriver(), open(/dev/ccci_aud) fail!! mCcciDeviceHandler: -1, errno: 2
06-17 11:54:10.960 W/SpeechMessengerNormal(  467): checkCcciStatusAndRecovery(), #193, sleep 10 ms & retry openCcciDriver
06-17 11:54:10.970 E/SpeechMessengerNormal(  467): openCcciDriver(), open(/dev/ccci_aud) fail!! mCcciDeviceHandler: -1, errno: 2
06-17 11:54:10.970 W/SpeechMessengerNormal(  467): checkCcciStatusAndRecovery(), #194, sleep 10 ms & retry openCcciDriver
06-17 11:54:10.980 E/SpeechMessengerNormal(  467): openCcciDriver(), open(/dev/ccci_aud) fail!! mCcciDeviceHandler: -1, errno: 2
06-17 11:54:10.980 W/SpeechMessengerNormal(  467): checkCcciStatusAndRecovery(), #195, sleep 10 ms & retry openCcciDriver
06-17 11:54:10.991 E/SpeechMessengerNormal(  467): openCcciDriver(), open(/dev/ccci_aud) fail!! mCcciDeviceHandler: -1, errno: 2
06-17 11:54:10.991 W/SpeechMessengerNormal(  467): checkCcciStatusAndRecovery(), #196, sleep 10 ms & retry openCcciDriver
06-17 11:54:11.001 E/SpeechMessengerNormal(  467): openCcciDriver(), open(/dev/ccci_aud) fail!! mCcciDeviceHandler: -1, errno: 2
06-17 11:54:11.001 W/SpeechMessengerNormal(  467): checkCcciStatusAndRecovery(), #197, sleep 10 ms & retry openCcciDriver
06-17 11:54:11.011 E/SpeechMessengerNormal(  467): openCcciDriver(), open(/dev/ccci_aud) fail!! mCcciDeviceHandler: -1, errno: 2
06-17 11:54:11.011 W/SpeechMessengerNormal(  467): checkCcciStatusAndRecovery(), #198, sleep 10 ms & retry openCcciDriver
06-17 11:54:11.022 E/SpeechMessengerNormal(  467): openCcciDriver(), open(/dev/ccci_aud) fail!! mCcciDeviceHandler: -1, errno: 2
06-17 11:54:11.022 W/SpeechMessengerNormal(  467): checkCcciStatusAndRecovery(), #199, sleep 10 ms & retry openCcciDriver
06-17 11:54:11.032 W/SpeechMessengerNormal(  467): checkCcciStatusAndRecovery(), ccci driver not init!!
06-17 11:54:11.032 E/SpeechMessengerNormal(  467): readSpeechMessage(), read msg failed!! ccci not ready, id: 0x0, param16: 0x0, param32: 0x0
06-17 11:54:11.070 E/AVSync  (  578): open dev failed: retry=21849, g_fd_avsync=-1, errno=2, No such file or directory
06-17 11:54:11.119 E/VT HIDL (  482): [IVT] [VT THREAD] [VT_Bind] des = volte_imsvt1 Fail to connect . retry count: 21840
06-17 11:54:11.119 D/VT HIDL (  482): [IVT] isIMCBrun : True
06-17 11:54:11.132 W/SpeechMessengerNormal(  467): checkCcciStatusAndRecovery() mCcciDeviceHandler: -1
06-17 11:54:11.133 E/SpeechMessengerNormal(  467): openCcciDriver(), open(/dev/ccci_aud) fail!! mCcciDeviceHandler: -1, errno: 2
06-17 11:54:11.133 W/SpeechMessengerNormal(  467): checkCcciStatusAndRecovery(), #0, sleep 10 ms & retry openCcciDriver
06-17 11:54:11.143 E/SpeechMessengerNormal(  467): openCcciDriver(), open(/dev/ccci_aud) fail!! mCcciDeviceHandler: -1, errno: 2
06-17 11:54:11.143 W/SpeechMessengerNormal(  467): checkCcciStatusAndRecovery(), #1, sleep 10 ms & retry openCcciDriver
06-17 11:54:11.153 E/SpeechMessengerNormal(  467): openCcciDriver(), open(/dev/ccci_aud) fail!! mCcciDeviceHandler: -1, errno: 2
06-17 11:54:11.153 W/SpeechMessengerNormal(  467): checkCcciStatusAndRecovery(), #2, sleep 10 ms & retry openCcciDriver
06-17 11:54:11.164 E/SpeechMessengerNormal(  467): openCcciDriver(), open(/dev/ccci_aud) fail!! mCcciDeviceHandler: -1, errno: 2
06-17 11:54:11.164 W/SpeechMessengerNormal(  467): checkCcciStatusAndRecovery(), #3, sleep 10 ms & retry openCcciDriver
06-17 11:54:11.174 E/SpeechMessengerNormal(  467): openCcciDriver(), open(/dev/ccci_aud) fail!! mCcciDeviceHandler: -1, errno: 2
06-17 11:54:11.174 W/SpeechMessengerNormal(  467): checkCcciStatusAndRecovery(), #4, sleep 10 ms & retry openCcciDriver
06-17 11:54:11.184 E/SpeechMessengerNormal(  467): openCcciDriver(), open(/dev/ccci_aud) fail!! mCcciDeviceHandler: -1, errno: 2
06-17 11:54:11.184 W/SpeechMessengerNormal(  467): checkCcciStatusAndRecovery(), #5, sleep 10 ms & retry openCcciDriver
06-17 11:54:11.192 D/agps    (  614): [agps] WARNING: [CP] cp2_fd_1_reconnect_timeout
06-17 11:54:11.192 E/agps    (  614): [agps] ERR: [CP] get_ccci_uart  open failed node=[/dev/ttyC2] reason=[No such file or directory]
06-17 11:54:11.192 E/agps    (  614): [agps] ERR: [CP] get_eemcs_uart  open failed node=[/dev/eemcs_ipc_uart] reason=[No such file or directory]
06-17 11:54:11.192 E/agps    (  614): [agps] ERR: [CP] ccci_uart_1  open failed
06-17 11:54:11.195 E/SpeechMessengerNormal(  467): openCcciDriver(), open(/dev/ccci_aud) fail!! mCcciDeviceHandler: -1, errno: 2
06-17 11:54:11.195 W/SpeechMessengerNormal(  467): checkCcciStatusAndRecovery(), #6, sleep 10 ms & retry openCcciDriver
06-17 11:54:11.205 E/SpeechMessengerNormal(  467): openCcciDriver(), open(/dev/ccci_aud) fail!! mCcciDeviceHandler: -1, errno: 2
06-17 11:54:11.205 W/SpeechMessengerNormal(  467): checkCcciStatusAndRecovery(), #7, sleep 10 ms & retry openCcciDriver
06-17 11:54:11.215 E/SpeechMessengerNormal(  467): openCcciDriver(), open(/dev/ccci_aud) fail!! mCcciDeviceHandler: -1, errno: 2
06-17 11:54:11.215 W/SpeechMessengerNormal(  467): checkCcciStatusAndRecovery(), #8, sleep 10 ms & retry openCcciDriver
06-17 11:54:11.226 E/SpeechMessengerNormal(  467): openCcciDriver(), open(/dev/ccci_aud) fail!! mCcciDeviceHandler: -1, errno: 2
06-17 11:54:11.226 W/SpeechMessengerNormal(  467): checkCcciStatusAndRecovery(), #9, sleep 10 ms & retry openCcciDriver
06-17 11:54:11.236 E/SpeechMessengerNormal(  467): openCcciDriver(), open(/dev/ccci_aud) fail!! mCcciDeviceHandler: -1, errno: 2
06-17 11:54:11.236 W/SpeechMessengerNormal(  467): checkCcciStatusAndRecovery(), #10, sleep 10 ms & retry openCcciDriver
06-17 11:54:11.246 E/SpeechMessengerNormal(  467): openCcciDriver(), open(/dev/ccci_aud) fail!! mCcciDeviceHandler: -1, errno: 2
06-17 11:54:11.247 W/SpeechMessengerNormal(  467): checkCcciStatusAndRecovery(), #11, sleep 10 ms & retry openCcciDriver
06-17 11:54:11.257 E/SpeechMessengerNormal(  467): openCcciDriver(), open(/dev/ccci_aud) fail!! mCcciDeviceHandler: -1, errno: 2
06-17 11:54:11.257 W/SpeechMessengerNormal(  467): checkCcciStatusAndRecovery(), #12, sleep 10 ms & retry openCcciDriver
06-17 11:54:11.267 E/SpeechMessengerNormal(  467): openCcciDriver(), open(/dev/ccci_aud) fail!! mCcciDeviceHandler: -1, errno: 2
06-17 11:54:11.267 W/SpeechMessengerNormal(  467): checkCcciStatusAndRecovery(), #13, sleep 10 ms & retry openCcciDriver
06-17 11:54:11.278 E/SpeechMessengerNormal(  467): openCcciDriver(), open(/dev/ccci_aud) fail!! mCcciDeviceHandler: -1, errno: 2
06-17 11:54:11.278 W/SpeechMessengerNormal(  467): checkCcciStatusAndRecovery(), #14, sleep 10 ms & retry openCcciDriver
06-17 11:54:11.288 E/SpeechMessengerNormal(  467): openCcciDriver(), open(/dev/ccci_aud) fail!! mCcciDeviceHandler: -1, errno: 2
06-17 11:54:11.288 W/SpeechMessengerNormal(  467): checkCcciStatusAndRecovery(), #15, sleep 10 ms & retry openCcciDriver
06-17 11:54:11.298 E/SpeechMessengerNormal(  467): openCcciDriver(), open(/dev/ccci_aud) fail!! mCcciDeviceHandler: -1, errno: 2
06-17 11:54:11.298 W/SpeechMessengerNormal(  467): checkCcciStatusAndRecovery(), #16, sleep 10 ms & retry openCcciDriver
06-17 11:54:11.309 E/SpeechMessengerNormal(  467): openCcciDriver(), open(/dev/ccci_aud) fail!! mCcciDeviceHandler: -1, errno: 2
06-17 11:54:11.309 W/SpeechMessengerNormal(  467): checkCcciStatusAndRecovery(), #17, sleep 10 ms & retry openCcciDriver
06-17 11:54:11.319 E/SpeechMessengerNormal(  467): openCcciDriver(), open(/dev/ccci_aud) fail!! mCcciDeviceHandler: -1, errno: 2
06-17 11:54:11.319 W/SpeechMessengerNormal(  467): checkCcciStatusAndRecovery(), #18, sleep 10 ms & retry openCcciDriver
06-17 11:54:11.329 E/SpeechMessengerNormal(  467): openCcciDriver(), open(/dev/ccci_aud) fail!! mCcciDeviceHandler: -1, errno: 2
06-17 11:54:11.329 W/SpeechMessengerNormal(  467): checkCcciStatusAndRecovery(), #19, sleep 10 ms & retry openCcciDriver
06-17 11:54:11.340 E/SpeechMessengerNormal(  467): openCcciDriver(), open(/dev/ccci_aud) fail!! mCcciDeviceHandler: -1, errno: 2
06-17 11:54:11.340 W/SpeechMessengerNormal(  467): checkCcciStatusAndRecovery(), #20, sleep 10 ms & retry openCcciDriver
06-17 11:54:11.350 E/SpeechMessengerNormal(  467): openCcciDriver(), open(/dev/ccci_aud) fail!! mCcciDeviceHandler: -1, errno: 2
06-17 11:54:11.350 W/SpeechMessengerNormal(  467): checkCcciStatusAndRecovery(), #21, sleep 10 ms & retry openCcciDriver
06-17 11:54:11.360 E/SpeechMessengerNormal(  467): openCcciDriver(), open(/dev/ccci_aud) fail!! mCcciDeviceHandler: -1, errno: 2
06-17 11:54:11.360 W/SpeechMessengerNormal(  467): checkCcciStatusAndRecovery(), #22, sleep 10 ms & retry openCcciDriver
06-17 11:54:11.371 E/SpeechMessengerNormal(  467): openCcciDriver(), open(/dev/ccci_aud) fail!! mCcciDeviceHandler: -1, errno: 2
06-17 11:54:11.371 W/SpeechMessengerNormal(  467): checkCcciStatusAndRecovery(), #23, sleep 10 ms & retry openCcciDriver
06-17 11:54:11.381 E/SpeechMessengerNormal(  467): openCcciDriver(), open(/dev/ccci_aud) fail!! mCcciDeviceHandler: -1, errno: 2
06-17 11:54:11.381 W/SpeechMessengerNormal(  467): checkCcciStatusAndRecovery(), #24, sleep 10 ms & retry openCcciDriver
06-17 11:54:11.379 W/dlna_thread( 4294): type=1400 audit(0.0:37007): avc: denied { ioctl } for path="socket:[813432]" dev="sockfs" ino=813432 ioctlcmd=0x8927 scontext=u:r:system_app:s0 tcontext=u:r:system_app:s0 tclass=udp_socket permissive=0
06-17 11:54:11.379 W/dlna_thread( 4294): type=1400 audit(0.0:37008): avc: denied { ioctl } for path="socket:[813432]" dev="sockfs" ino=813432 ioctlcmd=0x8927 scontext=u:r:system_app:s0 tcontext=u:r:system_app:s0 tclass=udp_socket permissive=0
06-17 11:54:11.391 E/SpeechMessengerNormal(  467): openCcciDriver(), open(/dev/ccci_aud) fail!! mCcciDeviceHandler: -1, errno: 2
06-17 11:54:11.391 W/SpeechMessengerNormal(  467): checkCcciStatusAndRecovery(), #25, sleep 10 ms & retry openCcciDriver
06-17 11:54:11.402 E/SpeechMessengerNormal(  467): openCcciDriver(), open(/dev/ccci_aud) fail!! mCcciDeviceHandler: -1, errno: 2
06-17 11:54:11.402 W/SpeechMessengerNormal(  467): checkCcciStatusAndRecovery(), #26, sleep 10 ms & retry openCcciDriver
06-17 11:54:11.412 E/SpeechMessengerNormal(  467): openCcciDriver(), open(/dev/ccci_aud) fail!! mCcciDeviceHandler: -1, errno: 2
06-17 11:54:11.412 W/SpeechMessengerNormal(  467): checkCcciStatusAndRecovery(), #27, sleep 10 ms & retry openCcciDriver
06-17 11:54:11.422 E/SpeechMessengerNormal(  467): openCcciDriver(), open(/dev/ccci_aud) fail!! mCcciDeviceHandler: -1, errno: 2
06-17 11:54:11.422 W/SpeechMessengerNormal(  467): checkCcciStatusAndRecovery(), #28, sleep 10 ms & retry openCcciDriver
06-17 11:54:11.433 E/SpeechMessengerNormal(  467): openCcciDriver(), open(/dev/ccci_aud) fail!! mCcciDeviceHandler: -1, errno: 2
06-17 11:54:11.433 W/SpeechMessengerNormal(  467): checkCcciStatusAndRecovery(), #29, sleep 10 ms & retry openCcciDriver
06-17 11:54:11.443 E/SpeechMessengerNormal(  467): openCcciDriver(), open(/dev/ccci_aud) fail!! mCcciDeviceHandler: -1, errno: 2
06-17 11:54:11.443 W/SpeechMessengerNormal(  467): checkCcciStatusAndRecovery(), #30, sleep 10 ms & retry openCcciDriver
06-17 11:54:11.453 E/SpeechMessengerNormal(  467): openCcciDriver(), open(/dev/ccci_aud) fail!! mCcciDeviceHandler: -1, errno: 2
06-17 11:54:11.453 W/SpeechMessengerNormal(  467): checkCcciStatusAndRecovery(), #31, sleep 10 ms & retry openCcciDriver
06-17 11:54:11.464 E/SpeechMessengerNormal(  467): openCcciDriver(), open(/dev/ccci_aud) fail!! mCcciDeviceHandler: -1, errno: 2
06-17 11:54:11.464 W/SpeechMessengerNormal(  467): checkCcciStatusAndRecovery(), #32, sleep 10 ms & retry openCcciDriver
06-17 11:54:11.474 E/SpeechMessengerNormal(  467): openCcciDriver(), open(/dev/ccci_aud) fail!! mCcciDeviceHandler: -1, errno: 2
06-17 11:54:11.474 W/SpeechMessengerNormal(  467): checkCcciStatusAndRecovery(), #33, sleep 10 ms & retry openCcciDriver
06-17 11:54:11.474 I/hwservicemanager(  353): Since vendor.mediatek.hardware.mtkradioex@3.0::IMtkRadioEx/imsSlot1 is not registered, trying to start it as a lazy HAL.
06-17 11:54:11.476 I/hwservicemanager(  353): getTransport: Cannot find entry vendor.mediatek.hardware.mtkradioex@2.0::IMtkRadioEx/imsSlot1 in either framework or device VINTF manifest.
06-17 11:54:11.476 W/libc    (  353): Unable to set property "ctl.interface_start" to "vendor.mediatek.hardware.mtkradioex@3.0::IMtkRadioEx/imsSlot1": error code: 0x20
06-17 11:54:11.476 I/hwservicemanager(  353): Tried to start vendor.mediatek.hardware.mtkradioex@3.0::IMtkRadioEx/imsSlot1 as a lazy service, but was unable to. Usually this happens when a service is not installed, but if the service is intended to be used as a lazy service, then it may be configured incorrectly.
06-17 11:54:11.477 I/hwservicemanager(  353): Since vendor.mediatek.hardware.mtkradioex@3.0::IMtkRadioEx/imsSlot2 is not registered, trying to start it as a lazy HAL.
06-17 11:54:11.478 I/hwservicemanager(  353): getTransport: Cannot find entry vendor.mediatek.hardware.mtkradioex@2.0::IMtkRadioEx/imsSlot2 in either framework or device VINTF manifest.
06-17 11:54:11.479 I/hwservicemanager(  353): Since android.hardware.radio@1.0::IRadio/imsAospSlot1 is not registered, trying to start it as a lazy HAL.
06-17 11:54:11.480 I/hwservicemanager(  353): Since android.hardware.radio@1.0::IRadio/imsAospSlot2 is not registered, trying to start it as a lazy HAL.
06-17 11:54:11.481 W/libc    (  353): Unable to set property "ctl.interface_start" to "android.hardware.radio@1.0::IRadio/imsAospSlot1": error code: 0x20
06-17 11:54:11.481 I/hwservicemanager(  353): Tried to start android.hardware.radio@1.0::IRadio/imsAospSlot1 as a lazy service, but was unable to. Usually this happens when a service is not installed, but if the service is intended to be used as a lazy service, then it may be configured incorrectly.
06-17 11:54:11.482 W/libc    (  353): Unable to set property "ctl.interface_start" to "vendor.mediatek.hardware.mtkradioex@3.0::IMtkRadioEx/imsSlot2": error code: 0x20
06-17 11:54:11.482 I/hwservicemanager(  353): Tried to start vendor.mediatek.hardware.mtkradioex@3.0::IMtkRadioEx/imsSlot2 as a lazy service, but was unable to. Usually this happens when a service is not installed, but if the service is intended to be used as a lazy service, then it may be configured incorrectly.
06-17 11:54:11.483 W/libc    (  353): Unable to set property "ctl.interface_start" to "android.hardware.radio@1.0::IRadio/imsAospSlot2": error code: 0x20
06-17 11:54:11.484 I/hwservicemanager(  353): Tried to start android.hardware.radio@1.0::IRadio/imsAospSlot2 as a lazy service, but was unable to. Usually this happens when a service is not installed, but if the service is intended to be used as a lazy service, then it may be configured incorrectly.
06-17 11:54:11.484 E/SpeechMessengerNormal(  467): openCcciDriver(), open(/dev/ccci_aud) fail!! mCcciDeviceHandler: -1, errno: 2
06-17 11:54:11.484 W/SpeechMessengerNormal(  467): checkCcciStatusAndRecovery(), #34, sleep 10 ms & retry openCcciDriver
06-17 11:54:11.495 E/SpeechMessengerNormal(  467): openCcciDriver(), open(/dev/ccci_aud) fail!! mCcciDeviceHandler: -1, errno: 2
06-17 11:54:11.495 W/SpeechMessengerNormal(  467): checkCcciStatusAndRecovery(), #35, sleep 10 ms & retry openCcciDriver
06-17 11:54:11.505 E/SpeechMessengerNormal(  467): openCcciDriver(), open(/dev/ccci_aud) fail!! mCcciDeviceHandler: -1, errno: 2
06-17 11:54:11.505 W/SpeechMessengerNormal(  467): checkCcciStatusAndRecovery(), #36, sleep 10 ms & retry openCcciDriver
06-17 11:54:11.515 E/SpeechMessengerNormal(  467): openCcciDriver(), open(/dev/ccci_aud) fail!! mCcciDeviceHandler: -1, errno: 2
06-17 11:54:11.515 W/SpeechMessengerNormal(  467): checkCcciStatusAndRecovery(), #37, sleep 10 ms & retry openCcciDriver
06-17 11:54:11.526 E/SpeechMessengerNormal(  467): openCcciDriver(), open(/dev/ccci_aud) fail!! mCcciDeviceHandler: -1, errno: 2
06-17 11:54:11.526 W/SpeechMessengerNormal(  467): checkCcciStatusAndRecovery(), #38, sleep 10 ms & retry openCcciDriver
06-17 11:54:11.536 E/SpeechMessengerNormal(  467): openCcciDriver(), open(/dev/ccci_aud) fail!! mCcciDeviceHandler: -1, errno: 2
06-17 11:54:11.536 W/SpeechMessengerNormal(  467): checkCcciStatusAndRecovery(), #39, sleep 10 ms & retry openCcciDriver
06-17 11:54:11.546 E/SpeechMessengerNormal(  467): openCcciDriver(), open(/dev/ccci_aud) fail!! mCcciDeviceHandler: -1, errno: 2
06-17 11:54:11.546 W/SpeechMessengerNormal(  467): checkCcciStatusAndRecovery(), #40, sleep 10 ms & retry openCcciDriver
06-17 11:54:11.556 E/SpeechMessengerNormal(  467): openCcciDriver(), open(/dev/ccci_aud) fail!! mCcciDeviceHandler: -1, errno: 2
06-17 11:54:11.556 W/SpeechMessengerNormal(  467): checkCcciStatusAndRecovery(), #41, sleep 10 ms & retry openCcciDriver
06-17 11:54:11.567 E/SpeechMessengerNormal(  467): openCcciDriver(), open(/dev/ccci_aud) fail!! mCcciDeviceHandler: -1, errno: 2
06-17 11:54:11.567 W/SpeechMessengerNormal(  467): checkCcciStatusAndRecovery(), #42, sleep 10 ms & retry openCcciDriver
06-17 11:54:11.570 E/AVSync  (  578): open dev failed: retry=21850, g_fd_avsync=-1, errno=2, No such file or directory
06-17 11:54:11.577 E/SpeechMessengerNormal(  467): openCcciDriver(), open(/dev/ccci_aud) fail!! mCcciDeviceHandler: -1, errno: 2
06-17 11:54:11.577 W/SpeechMessengerNormal(  467): checkCcciStatusAndRecovery(), #43, sleep 10 ms & retry openCcciDriver
06-17 11:54:11.587 E/SpeechMessengerNormal(  467): openCcciDriver(), open(/dev/ccci_aud) fail!! mCcciDeviceHandler: -1, errno: 2
06-17 11:54:11.587 W/SpeechMessengerNormal(  467): checkCcciStatusAndRecovery(), #44, sleep 10 ms & retry openCcciDriver
06-17 11:54:11.598 E/SpeechMessengerNormal(  467): openCcciDriver(), open(/dev/ccci_aud) fail!! mCcciDeviceHandler: -1, errno: 2
06-17 11:54:11.598 W/SpeechMessengerNormal(  467): checkCcciStatusAndRecovery(), #45, sleep 10 ms & retry openCcciDriver
06-17 11:54:11.608 E/SpeechMessengerNormal(  467): openCcciDriver(), open(/dev/ccci_aud) fail!! mCcciDeviceHandler: -1, errno: 2
06-17 11:54:11.608 W/SpeechMessengerNormal(  467): checkCcciStatusAndRecovery(), #46, sleep 10 ms & retry openCcciDriver
06-17 11:54:11.618 E/SpeechMessengerNormal(  467): openCcciDriver(), open(/dev/ccci_aud) fail!! mCcciDeviceHandler: -1, errno: 2
06-17 11:54:11.618 W/SpeechMessengerNormal(  467): checkCcciStatusAndRecovery(), #47, sleep 10 ms & retry openCcciDriver
06-17 11:54:11.619 E/VT HIDL (  482): [IVT] [VT THREAD] [VT_Bind] des = volte_imsvt1 Fail to connect . retry count: 21841
06-17 11:54:11.620 D/VT HIDL (  482): [IVT] isIMCBrun : True
06-17 11:54:11.629 E/SpeechMessengerNormal(  467): openCcciDriver(), open(/dev/ccci_aud) fail!! mCcciDeviceHandler: -1, errno: 2
06-17 11:54:11.629 W/SpeechMessengerNormal(  467): checkCcciStatusAndRecovery(), #48, sleep 10 ms & retry openCcciDriver
06-17 11:54:11.639 E/SpeechMessengerNormal(  467): openCcciDriver(), open(/dev/ccci_aud) fail!! mCcciDeviceHandler: -1, errno: 2
06-17 11:54:11.639 W/SpeechMessengerNormal(  467): checkCcciStatusAndRecovery(), #49, sleep 10 ms & retry openCcciDriver
06-17 11:54:11.649 E/SpeechMessengerNormal(  467): openCcciDriver(), open(/dev/ccci_aud) fail!! mCcciDeviceHandler: -1, errno: 2
06-17 11:54:11.649 W/SpeechMessengerNormal(  467): checkCcciStatusAndRecovery(), #50, sleep 10 ms & retry openCcciDriver
06-17 11:54:11.659 E/SpeechMessengerNormal(  467): openCcciDriver(), open(/dev/ccci_aud) fail!! mCcciDeviceHandler: -1, errno: 2
06-17 11:54:11.659 W/SpeechMessengerNormal(  467): checkCcciStatusAndRecovery(), #51, sleep 10 ms & retry openCcciDriver
06-17 11:54:11.670 E/SpeechMessengerNormal(  467): openCcciDriver(), open(/dev/ccci_aud) fail!! mCcciDeviceHandler: -1, errno: 2
06-17 11:54:11.670 W/SpeechMessengerNormal(  467): checkCcciStatusAndRecovery(), #52, sleep 10 ms & retry openCcciDriver
06-17 11:54:11.680 E/SpeechMessengerNormal(  467): openCcciDriver(), open(/dev/ccci_aud) fail!! mCcciDeviceHandler: -1, errno: 2
06-17 11:54:11.680 W/SpeechMessengerNormal(  467): checkCcciStatusAndRecovery(), #53, sleep 10 ms & retry openCcciDriver
06-17 11:54:11.690 E/SpeechMessengerNormal(  467): openCcciDriver(), open(/dev/ccci_aud) fail!! mCcciDeviceHandler: -1, errno: 2
06-17 11:54:11.691 W/SpeechMessengerNormal(  467): checkCcciStatusAndRecovery(), #54, sleep 10 ms & retry openCcciDriver
06-17 11:54:11.698 I/hwservicemanager(  353): Since android.hardware.radio@1.0::IRadio/slot2 is not registered, trying to start it as a lazy HAL.
06-17 11:54:11.701 E/SpeechMessengerNormal(  467): openCcciDriver(), open(/dev/ccci_aud) fail!! mCcciDeviceHandler: -1, errno: 2
06-17 11:54:11.701 W/SpeechMessengerNormal(  467): checkCcciStatusAndRecovery(), #55, sleep 10 ms & retry openCcciDriver
06-17 11:54:11.701 W/libc    (  353): Unable to set property "ctl.interface_start" to "android.hardware.radio@1.0::IRadio/slot2": error code: 0x20
06-17 11:54:11.701 I/hwservicemanager(  353): Tried to start android.hardware.radio@1.0::IRadio/slot2 as a lazy service, but was unable to. Usually this happens when a service is not installed, but if the service is intended to be used as a lazy service, then it may be configured incorrectly.
06-17 11:54:11.705 I/hwservicemanager(  353): Since android.hardware.radio@1.0::IRadio/slot1 is not registered, trying to start it as a lazy HAL.
06-17 11:54:11.710 W/libc    (  353): Unable to set property "ctl.interface_start" to "android.hardware.radio@1.0::IRadio/slot1": error code: 0x20
06-17 11:54:11.710 I/hwservicemanager(  353): Tried to start android.hardware.radio@1.0::IRadio/slot1 as a lazy service, but was unable to. Usually this happens when a service is not installed, but if the service is intended to be used as a lazy service, then it may be configured incorrectly.
06-17 11:54:11.711 E/SpeechMessengerNormal(  467): openCcciDriver(), open(/dev/ccci_aud) fail!! mCcciDeviceHandler: -1, errno: 2
06-17 11:54:11.711 W/SpeechMessengerNormal(  467): checkCcciStatusAndRecovery(), #56, sleep 10 ms & retry openCcciDriver
06-17 11:54:11.721 E/SpeechMessengerNormal(  467): openCcciDriver(), open(/dev/ccci_aud) fail!! mCcciDeviceHandler: -1, errno: 2
06-17 11:54:11.721 W/SpeechMessengerNormal(  467): checkCcciStatusAndRecovery(), #57, sleep 10 ms & retry openCcciDriver
06-17 11:54:11.723 D/AVStageFactory(10176): createInstance(64bit): createVendorAVFactory success!
06-17 11:54:11.723 D/AVStageUtils(10176): createInstance(64bit): createVendorAVUtils success!
06-17 11:54:11.723 D/AVStageFactory(10176): createInstance(64bit): createVendorAVFactory success!
06-17 11:54:11.727 D/AndroidRuntime(10176): >>>>>> START com.android.internal.os.RuntimeInit uid 2000 <<<<<<
06-17 11:54:11.732 E/SpeechMessengerNormal(  467): openCcciDriver(), open(/dev/ccci_aud) fail!! mCcciDeviceHandler: -1, errno: 2
06-17 11:54:11.732 W/SpeechMessengerNormal(  467): checkCcciStatusAndRecovery(), #58, sleep 10 ms & retry openCcciDriver
06-17 11:54:11.734 I/AndroidRuntime(10176): Using default boot image
06-17 11:54:11.734 I/AndroidRuntime(10176): Leaving lock profiling enabled
06-17 11:54:11.734 W/libc    (10176): Access denied finding property "odsign.verification.success"
06-17 11:54:11.731 W/app_process(10176): type=1400 audit(0.0:37009): avc: denied { read } for name="u:object_r:odsign_prop:s0" dev="tmpfs" ino=9565 scontext=u:r:shell:s0 tcontext=u:object_r:odsign_prop:s0 tclass=file permissive=0
06-17 11:54:11.738 W/app_process(10176): ART APEX data files are untrusted.
06-17 11:54:11.742 E/SpeechMessengerNormal(  467): openCcciDriver(), open(/dev/ccci_aud) fail!! mCcciDeviceHandler: -1, errno: 2
06-17 11:54:11.742 W/SpeechMessengerNormal(  467): checkCcciStatusAndRecovery(), #59, sleep 10 ms & retry openCcciDriver
06-17 11:54:11.752 E/SpeechMessengerNormal(  467): openCcciDriver(), open(/dev/ccci_aud) fail!! mCcciDeviceHandler: -1, errno: 2
06-17 11:54:11.752 W/SpeechMessengerNormal(  467): checkCcciStatusAndRecovery(), #60, sleep 10 ms & retry openCcciDriver
06-17 11:54:11.762 E/SpeechMessengerNormal(  467): openCcciDriver(), open(/dev/ccci_aud) fail!! mCcciDeviceHandler: -1, errno: 2
06-17 11:54:11.763 W/SpeechMessengerNormal(  467): checkCcciStatusAndRecovery(), #61, sleep 10 ms & retry openCcciDriver
06-17 11:54:11.773 E/SpeechMessengerNormal(  467): openCcciDriver(), open(/dev/ccci_aud) fail!! mCcciDeviceHandler: -1, errno: 2
06-17 11:54:11.773 W/SpeechMessengerNormal(  467): checkCcciStatusAndRecovery(), #62, sleep 10 ms & retry openCcciDriver
06-17 11:54:11.783 E/SpeechMessengerNormal(  467): openCcciDriver(), open(/dev/ccci_aud) fail!! mCcciDeviceHandler: -1, errno: 2
06-17 11:54:11.783 W/SpeechMessengerNormal(  467): checkCcciStatusAndRecovery(), #63, sleep 10 ms & retry openCcciDriver
06-17 11:54:11.793 E/SpeechMessengerNormal(  467): openCcciDriver(), open(/dev/ccci_aud) fail!! mCcciDeviceHandler: -1, errno: 2
06-17 11:54:11.794 W/SpeechMessengerNormal(  467): checkCcciStatusAndRecovery(), #64, sleep 10 ms & retry openCcciDriver
06-17 11:54:11.804 E/SpeechMessengerNormal(  467): openCcciDriver(), open(/dev/ccci_aud) fail!! mCcciDeviceHandler: -1, errno: 2
06-17 11:54:11.804 W/SpeechMessengerNormal(  467): checkCcciStatusAndRecovery(), #65, sleep 10 ms & retry openCcciDriver
06-17 11:54:11.814 E/SpeechMessengerNormal(  467): openCcciDriver(), open(/dev/ccci_aud) fail!! mCcciDeviceHandler: -1, errno: 2
06-17 11:54:11.814 W/SpeechMessengerNormal(  467): checkCcciStatusAndRecovery(), #66, sleep 10 ms & retry openCcciDriver
06-17 11:54:11.824 E/SpeechMessengerNormal(  467): openCcciDriver(), open(/dev/ccci_aud) fail!! mCcciDeviceHandler: -1, errno: 2
06-17 11:54:11.825 W/SpeechMessengerNormal(  467): checkCcciStatusAndRecovery(), #67, sleep 10 ms & retry openCcciDriver
06-17 11:54:11.829 W/adbd    ( 5736): timed out while waiting for FUNCTIONFS_BIND, trying again
06-17 11:54:11.829 I/adbd    ( 5736): UsbFfs: connection terminated: monitor thread finished
06-17 11:54:11.830 I/adbd    ( 5736): UsbFfs: already offline
06-17 11:54:11.830 I/adbd    ( 5736): destroying transport UsbFfs
06-17 11:54:11.830 I/adbd    ( 5736): UsbFfsConnection being destroyed
06-17 11:54:11.835 E/SpeechMessengerNormal(  467): openCcciDriver(), open(/dev/ccci_aud) fail!! mCcciDeviceHandler: -1, errno: 2
06-17 11:54:11.835 W/SpeechMessengerNormal(  467): checkCcciStatusAndRecovery(), #68, sleep 10 ms & retry openCcciDriver
06-17 11:54:11.845 E/SpeechMessengerNormal(  467): openCcciDriver(), open(/dev/ccci_aud) fail!! mCcciDeviceHandler: -1, errno: 2
06-17 11:54:11.845 W/SpeechMessengerNormal(  467): checkCcciStatusAndRecovery(), #69, sleep 10 ms & retry openCcciDriver
06-17 11:54:11.855 E/SpeechMessengerNormal(  467): openCcciDriver(), open(/dev/ccci_aud) fail!! mCcciDeviceHandler: -1, errno: 2
06-17 11:54:11.855 W/SpeechMessengerNormal(  467): checkCcciStatusAndRecovery(), #70, sleep 10 ms & retry openCcciDriver
06-17 11:54:11.865 I/adbd    ( 5736): opening control endpoint /dev/usb-ffs/adb/ep0
06-17 11:54:11.866 E/SpeechMessengerNormal(  467): openCcciDriver(), open(/dev/ccci_aud) fail!! mCcciDeviceHandler: -1, errno: 2
06-17 11:54:11.866 W/SpeechMessengerNormal(  467): checkCcciStatusAndRecovery(), #71, sleep 10 ms & retry openCcciDriver
06-17 11:54:11.867 I/adbd    ( 5736): UsbFfsConnection constructed
06-17 11:54:11.869 I/adbd    ( 5736): UsbFfs-monitor thread spawned
06-17 11:54:11.876 E/SpeechMessengerNormal(  467): openCcciDriver(), open(/dev/ccci_aud) fail!! mCcciDeviceHandler: -1, errno: 2
06-17 11:54:11.876 W/SpeechMessengerNormal(  467): checkCcciStatusAndRecovery(), #72, sleep 10 ms & retry openCcciDriver
06-17 11:54:11.885 D/app_process(10176): Time zone APEX ICU file found: /apex/com.android.tzdata/etc/icu/icu_tzdata.dat
06-17 11:54:11.885 D/app_process(10176): I18n APEX ICU file found: /apex/com.android.i18n/etc/icu/icudt68l.dat
06-17 11:54:11.886 E/SpeechMessengerNormal(  467): openCcciDriver(), open(/dev/ccci_aud) fail!! mCcciDeviceHandler: -1, errno: 2
06-17 11:54:11.886 W/SpeechMessengerNormal(  467): checkCcciStatusAndRecovery(), #73, sleep 10 ms & retry openCcciDriver
06-17 11:54:11.897 E/SpeechMessengerNormal(  467): openCcciDriver(), open(/dev/ccci_aud) fail!! mCcciDeviceHandler: -1, errno: 2
06-17 11:54:11.897 W/SpeechMessengerNormal(  467): checkCcciStatusAndRecovery(), #74, sleep 10 ms & retry openCcciDriver
