06-17 11:54:14.869 W/unknown:ViewManagerPropertyUpdater(10202): Could not find generated setter for class com.horcrux.svg.RenderableViewManager$GroupViewManager
06-17 11:54:14.869 I/SbeHandle(  485): end_default_hold_time HindID : 21
06-17 11:54:14.869 I/libPowerHal(  485): [disableScenarioByHintId] Disable HindID : 21
06-17 11:54:14.869 I/libPowerHal(  485): [disableScenarioByHintId] disableScenarioByHintId: HindID : 21
06-17 11:54:14.870 I/Finsky  (10285): [61] VerifyApps: Successfully updated the ADI Warn Mode activity to disabled
06-17 11:54:14.870 I/libPowerHal(  485): MTKPOWER_HINT_PROCESS_CREATE: cpu_ctrl set cpu freq: -1 -1 -1 -1
06-17 11:54:14.870 I/libPowerHal(  485): [PD] MTKPOWER_HINT_PROCESS_CREATE update cmd:1000000, param:1
06-17 11:54:14.870 I/libPowerHal(  485): [PD] MTKPOWER_HINT_PROCESS_CREATE update cmd:1408300 param:40
06-17 11:54:14.870 I/libPowerHal(  485): [PD] MTKPOWER_HINT_PROCESS_CREATE update cmd:1000000 param:1
06-17 11:54:14.871 I/libPowerHal(  485): [PE] system_server update cmd:3410300 param:21
06-17 11:54:14.871 I/libPowerHal(  485): [perfLockRel] hdl:481, idx:1
06-17 11:54:14.871 I/SbeHandle(  485): end_default_hold_time HindID : 21
06-17 11:54:14.871 I/libPowerHal(  485): [disableScenarioByHintId] Disable HindID : 21
06-17 11:54:14.871 I/libPowerHal(  485): [PD] system_server update ONESHOT cmd:3410300 param:21
06-17 11:54:14.873 W/unknown:ViewManagerPropertyUpdater(10202): Could not find generated setter for class com.horcrux.svg.RenderableViewManager$TextViewManager
06-17 11:54:14.874 E/SpeechMessengerNormal(  467): openCcciDriver(), open(/dev/ccci_aud) fail!! mCcciDeviceHandler: -1, errno: 2
06-17 11:54:14.874 W/SpeechMessengerNormal(  467): checkCcciStatusAndRecovery(), #150, sleep 10 ms & retry openCcciDriver
06-17 11:54:14.876 W/unknown:ViewManagerPropertyUpdater(10202): Could not find generated setter for class com.horcrux.svg.RenderableViewManager$ImageViewManager
06-17 11:54:14.876 I/Finsky:background(10409): [2] Finished reading experiment flags from file [0tGUNCGIkbk4o6-fQ335kUYSKwVj4lusnHT-A5Dsy08] numFlags=2368.
06-17 11:54:14.880 W/unknown:ViewManagerPropertyUpdater(10202): Could not find generated setter for class com.horcrux.svg.RenderableViewManager$FeCompositeManager
06-17 11:54:14.883 W/unknown:ViewManagerPropertyUpdater(10202): Could not find generated setter for class com.horcrux.svg.RenderableViewManager$RadialGradientManager
06-17 11:54:14.884 E/SpeechMessengerNormal(  467): openCcciDriver(), open(/dev/ccci_aud) fail!! mCcciDeviceHandler: -1, errno: 2
06-17 11:54:14.884 W/SpeechMessengerNormal(  467): checkCcciStatusAndRecovery(), #151, sleep 10 ms & retry openCcciDriver
06-17 11:54:14.886 W/unknown:ViewManagerPropertyUpdater(10202): Could not find generated setter for class com.horcrux.svg.RenderableViewManager$MaskManager
06-17 11:54:14.891 W/unknown:ViewManagerPropertyUpdater(10202): Could not find generated setter for class com.horcrux.svg.RenderableViewManager$RectViewManager
06-17 11:54:14.895 E/SpeechMessengerNormal(  467): openCcciDriver(), open(/dev/ccci_aud) fail!! mCcciDeviceHandler: -1, errno: 2
06-17 11:54:14.895 W/SpeechMessengerNormal(  467): checkCcciStatusAndRecovery(), #152, sleep 10 ms & retry openCcciDriver
06-17 11:54:14.895 W/unknown:ViewManagerPropertyUpdater(10202): Could not find generated setter for class com.horcrux.svg.RenderableViewManager$TextPathViewManager
06-17 11:54:14.899 W/unknown:ViewManagerPropertyUpdater(10202): Could not find generated setter for class com.horcrux.svg.RenderableViewManager$FeOffsetManager
06-17 11:54:14.902 W/unknown:ViewManagerPropertyUpdater(10202): Could not find generated setter for class com.horcrux.svg.RenderableViewManager$PathViewManager
06-17 11:54:14.905 E/SpeechMessengerNormal(  467): openCcciDriver(), open(/dev/ccci_aud) fail!! mCcciDeviceHandler: -1, errno: 2
06-17 11:54:14.905 W/SpeechMessengerNormal(  467): checkCcciStatusAndRecovery(), #153, sleep 10 ms & retry openCcciDriver
06-17 11:54:14.908 W/unknown:ViewManagerPropertyUpdater(10202): Could not find generated setter for class com.brentvatne.exoplayer.ReactExoplayerViewManager
06-17 11:54:14.913 E/unknown:UIManagerModuleConstantsHelper(10202): Direct event name for 'CameraView' doesn't correspond to the naming convention, expected 'topEventName'->'onEventName', got 'topCameraStarted'->'onStarted'
06-17 11:54:14.915 E/unknown:UIManagerModuleConstantsHelper(10202): Direct event name for 'CameraView' doesn't correspond to the naming convention, expected 'topEventName'->'onEventName', got 'topCameraError'->'onError'
06-17 11:54:14.915 E/SpeechMessengerNormal(  467): openCcciDriver(), open(/dev/ccci_aud) fail!! mCcciDeviceHandler: -1, errno: 2
06-17 11:54:14.915 W/SpeechMessengerNormal(  467): checkCcciStatusAndRecovery(), #154, sleep 10 ms & retry openCcciDriver
06-17 11:54:14.916 V/SettingsProvider(  927): packageValueForCallResult, name = device_provisioned, value : Bundle[{_track_generation=android.util.MemoryIntArray@a8, value=1, _generation_index=0, _generation=29}]
06-17 11:54:14.916 E/unknown:UIManagerModuleConstantsHelper(10202): Direct event name for 'CameraView' doesn't correspond to the naming convention, expected 'topEventName'->'onEventName', got 'topCameraViewReady'->'onViewReady'
06-17 11:54:14.918 E/unknown:UIManagerModuleConstantsHelper(10202): Direct event name for 'CameraView' doesn't correspond to the naming convention, expected 'topEventName'->'onEventName', got 'topCameraAverageFpsChanged'->'onAverageFpsChanged'
06-17 11:54:14.920 E/unknown:UIManagerModuleConstantsHelper(10202): Direct event name for 'CameraView' doesn't correspond to the naming convention, expected 'topEventName'->'onEventName', got 'topCameraShutter'->'onShutter'
06-17 11:54:14.921 E/unknown:UIManagerModuleConstantsHelper(10202): Direct event name for 'CameraView' doesn't correspond to the naming convention, expected 'topEventName'->'onEventName', got 'topCameraOutputOrientationChanged'->'onOutputOrientationChanged'
06-17 11:54:14.923 E/unknown:UIManagerModuleConstantsHelper(10202): Direct event name for 'CameraView' doesn't correspond to the naming convention, expected 'topEventName'->'onEventName', got 'topCameraInitialized'->'onInitialized'
06-17 11:54:14.924 E/unknown:UIManagerModuleConstantsHelper(10202): Direct event name for 'CameraView' doesn't correspond to the naming convention, expected 'topEventName'->'onEventName', got 'topCameraCodeScanned'->'onCodeScanned'
06-17 11:54:14.925 E/SpeechMessengerNormal(  467): openCcciDriver(), open(/dev/ccci_aud) fail!! mCcciDeviceHandler: -1, errno: 2
06-17 11:54:14.925 W/SpeechMessengerNormal(  467): checkCcciStatusAndRecovery(), #155, sleep 10 ms & retry openCcciDriver
06-17 11:54:14.926 E/unknown:UIManagerModuleConstantsHelper(10202): Direct event name for 'CameraView' doesn't correspond to the naming convention, expected 'topEventName'->'onEventName', got 'topCameraPreviewOrientationChanged'->'onPreviewOrientationChanged'
06-17 11:54:14.927 E/unknown:UIManagerModuleConstantsHelper(10202): Direct event name for 'CameraView' doesn't correspond to the naming convention, expected 'topEventName'->'onEventName', got 'topCameraStopped'->'onStopped'
06-17 11:54:14.928 E/unknown:UIManagerModuleConstantsHelper(10202): Direct event name for 'CameraView' doesn't correspond to the naming convention, expected 'topEventName'->'onEventName', got 'topCameraPreviewStarted'->'onPreviewStarted'
06-17 11:54:14.929 I/Finsky:background(10409): [2] Finished reading experiment flags from file [UdSCDHY6NHj-csjiQU_cAAwAGV8ffHgjueFxvPG87eQ] numFlags=2035.
06-17 11:54:14.929 E/unknown:UIManagerModuleConstantsHelper(10202): Direct event name for 'CameraView' doesn't correspond to the naming convention, expected 'topEventName'->'onEventName', got 'topCameraPreviewStopped'->'onPreviewStopped'
06-17 11:54:14.930 W/unknown:ViewManagerPropertyUpdater(10202): Could not find generated setter for class com.mrousavy.camera.react.CameraViewManager
06-17 11:54:14.932 I/Finsky:background(10409): [2] [BGP] Initializing crash detector...
06-17 11:54:14.935 W/unknown:ViewManagerPropertyUpdater(10202): Could not find generated setter for class com.aplusscore.android.uvc.UvcCameraViewManager
06-17 11:54:14.936 E/SpeechMessengerNormal(  467): openCcciDriver(), open(/dev/ccci_aud) fail!! mCcciDeviceHandler: -1, errno: 2
06-17 11:54:14.936 W/SpeechMessengerNormal(  467): checkCcciStatusAndRecovery(), #156, sleep 10 ms & retry openCcciDriver
06-17 11:54:14.936 I/Finsky:background(10409): [2] akfw - Registering in memory receiver for android.intent.action.PACKAGE_ADDED and android.intent.action.PACKAGE_REMOVED
06-17 11:54:14.946 E/SpeechMessengerNormal(  467): openCcciDriver(), open(/dev/ccci_aud) fail!! mCcciDeviceHandler: -1, errno: 2
06-17 11:54:14.946 W/SpeechMessengerNormal(  467): checkCcciStatusAndRecovery(), #157, sleep 10 ms & retry openCcciDriver
06-17 11:54:14.956 E/SpeechMessengerNormal(  467): openCcciDriver(), open(/dev/ccci_aud) fail!! mCcciDeviceHandler: -1, errno: 2
06-17 11:54:14.956 W/SpeechMessengerNormal(  467): checkCcciStatusAndRecovery(), #158, sleep 10 ms & retry openCcciDriver
06-17 11:54:14.966 W/usscore.androi(10202): Accessing hidden field Ljava/lang/reflect/Field;->accessFlags:I (unsupported, reflection, allowed)
06-17 11:54:14.966 E/SpeechMessengerNormal(  467): openCcciDriver(), open(/dev/ccci_aud) fail!! mCcciDeviceHandler: -1, errno: 2
06-17 11:54:14.966 W/SpeechMessengerNormal(  467): checkCcciStatusAndRecovery(), #159, sleep 10 ms & retry openCcciDriver
06-17 11:54:14.969 I/Finsky:background(10409): [2] This process start was not selected for Play memory metrics collection.
06-17 11:54:14.973 I/ActivityManager(  927): Killing 9812:com.google.process.gapps/u0a90 (adj 915): empty #3
06-17 11:54:14.977 E/SpeechMessengerNormal(  467): openCcciDriver(), open(/dev/ccci_aud) fail!! mCcciDeviceHandler: -1, errno: 2
06-17 11:54:14.977 W/SpeechMessengerNormal(  467): checkCcciStatusAndRecovery(), #160, sleep 10 ms & retry openCcciDriver
06-17 11:54:14.986 I/libprocessgroup(  927): Successfully killed process cgroup uid 10090 pid 9812 in 11ms
06-17 11:54:14.987 E/SpeechMessengerNormal(  467): openCcciDriver(), open(/dev/ccci_aud) fail!! mCcciDeviceHandler: -1, errno: 2
06-17 11:54:14.987 W/SpeechMessengerNormal(  467): checkCcciStatusAndRecovery(), #161, sleep 10 ms & retry openCcciDriver
06-17 11:54:14.997 E/SpeechMessengerNormal(  467): openCcciDriver(), open(/dev/ccci_aud) fail!! mCcciDeviceHandler: -1, errno: 2
06-17 11:54:14.997 W/SpeechMessengerNormal(  467): checkCcciStatusAndRecovery(), #162, sleep 10 ms & retry openCcciDriver
06-17 11:54:15.001 W/adbd    ( 5736): timed out while waiting for FUNCTIONFS_BIND, trying again
06-17 11:54:15.001 I/adbd    ( 5736): UsbFfs: connection terminated: monitor thread finished
06-17 11:54:15.001 I/adbd    ( 5736): UsbFfs: already offline
06-17 11:54:15.001 I/adbd    ( 5736): destroying transport UsbFfs
06-17 11:54:15.001 I/adbd    ( 5736): UsbFfsConnection being destroyed
06-17 11:54:15.004 V/ActivityManager(  927): Death received in com.android.server.am.ActivityManagerService$AppDeathRecipient@7cadb57 for thread android.os.BinderProxy@c7e1644
06-17 11:54:15.005 I/Zygote  (  461): Process 9812 exited due to signal 9 (Killed)
06-17 11:54:15.006 I/ActivityThread(10285): Removing dead content provider:android.content.ContentProviderProxy@2e6707c
06-17 11:54:15.007 I/libPowerHal(  485): [perfNotifyAppState] pack:com.google.android.gsf, act:com.google.android.gsf, state:3, pid:9812, uid:10090, fps:-1
06-17 11:54:15.007 I/libPowerHal(  485): [perfNotifyAppState] pack:com.google.android.gsf, pid:9812, STATE_DEAD
06-17 11:54:15.007 D/RilUtility(  485): notify_rild_crash_pid_set certPid:-1, crash:9812, scn:0x0
06-17 11:54:15.007 E/SpeechMessengerNormal(  467): openCcciDriver(), open(/dev/ccci_aud) fail!! mCcciDeviceHandler: -1, errno: 2
06-17 11:54:15.007 W/SpeechMessengerNormal(  467): checkCcciStatusAndRecovery(), #163, sleep 10 ms & retry openCcciDriver
06-17 11:54:15.018 E/SpeechMessengerNormal(  467): openCcciDriver(), open(/dev/ccci_aud) fail!! mCcciDeviceHandler: -1, errno: 2
06-17 11:54:15.018 W/SpeechMessengerNormal(  467): checkCcciStatusAndRecovery(), #164, sleep 10 ms & retry openCcciDriver
06-17 11:54:15.028 E/SpeechMessengerNormal(  467): openCcciDriver(), open(/dev/ccci_aud) fail!! mCcciDeviceHandler: -1, errno: 2
06-17 11:54:15.028 W/SpeechMessengerNormal(  467): checkCcciStatusAndRecovery(), #165, sleep 10 ms & retry openCcciDriver
06-17 11:54:15.038 E/SpeechMessengerNormal(  467): openCcciDriver(), open(/dev/ccci_aud) fail!! mCcciDeviceHandler: -1, errno: 2
06-17 11:54:15.038 W/SpeechMessengerNormal(  467): checkCcciStatusAndRecovery(), #166, sleep 10 ms & retry openCcciDriver
06-17 11:54:15.045 I/adbd    ( 5736): opening control endpoint /dev/usb-ffs/adb/ep0
06-17 11:54:15.047 I/adbd    ( 5736): UsbFfsConnection constructed
06-17 11:54:15.048 E/SpeechMessengerNormal(  467): openCcciDriver(), open(/dev/ccci_aud) fail!! mCcciDeviceHandler: -1, errno: 2
06-17 11:54:15.048 W/SpeechMessengerNormal(  467): checkCcciStatusAndRecovery(), #167, sleep 10 ms & retry openCcciDriver
06-17 11:54:15.049 I/adbd    ( 5736): UsbFfs-monitor thread spawned
06-17 11:54:15.059 E/SpeechMessengerNormal(  467): openCcciDriver(), open(/dev/ccci_aud) fail!! mCcciDeviceHandler: -1, errno: 2
06-17 11:54:15.059 W/SpeechMessengerNormal(  467): checkCcciStatusAndRecovery(), #168, sleep 10 ms & retry openCcciDriver
06-17 11:54:15.069 E/SpeechMessengerNormal(  467): openCcciDriver(), open(/dev/ccci_aud) fail!! mCcciDeviceHandler: -1, errno: 2
06-17 11:54:15.069 W/SpeechMessengerNormal(  467): checkCcciStatusAndRecovery(), #169, sleep 10 ms & retry openCcciDriver
06-17 11:54:15.077 I/libPerfCtl(  485): xgfGetFPS pid:1101 fps:62
06-17 11:54:15.078 I/libPerfCtl(  485): xgfGetFPS pid:10202 fps:-1
06-17 11:54:15.079 E/SpeechMessengerNormal(  467): openCcciDriver(), open(/dev/ccci_aud) fail!! mCcciDeviceHandler: -1, errno: 2
06-17 11:54:15.079 W/SpeechMessengerNormal(  467): checkCcciStatusAndRecovery(), #170, sleep 10 ms & retry openCcciDriver
06-17 11:54:15.080 E/AVSync  (  578): open dev failed: retry=21857, g_fd_avsync=-1, errno=2, No such file or directory
06-17 11:54:15.090 E/SpeechMessengerNormal(  467): openCcciDriver(), open(/dev/ccci_aud) fail!! mCcciDeviceHandler: -1, errno: 2
06-17 11:54:15.090 W/SpeechMessengerNormal(  467): checkCcciStatusAndRecovery(), #171, sleep 10 ms & retry openCcciDriver
06-17 11:54:15.100 I/cn_CronetUrlRequestContext(10285): destroyNativeStreamLocked org.chromium.net.impl.CronetBidirectionalStream@2bda7bd
06-17 11:54:15.100 E/SpeechMessengerNormal(  467): openCcciDriver(), open(/dev/ccci_aud) fail!! mCcciDeviceHandler: -1, errno: 2
06-17 11:54:15.100 W/SpeechMessengerNormal(  467): checkCcciStatusAndRecovery(), #172, sleep 10 ms & retry openCcciDriver
06-17 11:54:15.110 E/SpeechMessengerNormal(  467): openCcciDriver(), open(/dev/ccci_aud) fail!! mCcciDeviceHandler: -1, errno: 2
06-17 11:54:15.110 W/SpeechMessengerNormal(  467): checkCcciStatusAndRecovery(), #173, sleep 10 ms & retry openCcciDriver
06-17 11:54:15.121 E/SpeechMessengerNormal(  467): openCcciDriver(), open(/dev/ccci_aud) fail!! mCcciDeviceHandler: -1, errno: 2
06-17 11:54:15.121 W/SpeechMessengerNormal(  467): checkCcciStatusAndRecovery(), #174, sleep 10 ms & retry openCcciDriver
06-17 11:54:15.123 E/VT HIDL (  482): [IVT] [VT THREAD] [VT_Bind] des = volte_imsvt1 Fail to connect . retry count: 21848
06-17 11:54:15.123 D/VT HIDL (  482): [IVT] isIMCBrun : True
06-17 11:54:15.131 E/SpeechMessengerNormal(  467): openCcciDriver(), open(/dev/ccci_aud) fail!! mCcciDeviceHandler: -1, errno: 2
06-17 11:54:15.131 W/SpeechMessengerNormal(  467): checkCcciStatusAndRecovery(), #175, sleep 10 ms & retry openCcciDriver
06-17 11:54:15.139 D/DeviceQuirks(10202): video DeviceQuirks = NegativeLatLongSavesIncorrectlyQuirk
06-17 11:54:15.141 E/SpeechMessengerNormal(  467): openCcciDriver(), open(/dev/ccci_aud) fail!! mCcciDeviceHandler: -1, errno: 2
06-17 11:54:15.141 W/SpeechMessengerNormal(  467): checkCcciStatusAndRecovery(), #176, sleep 10 ms & retry openCcciDriver
06-17 11:54:15.146 D/CapabilitiesByQuality(10202): profiles = ImmutableEncoderProfilesProxy{defaultDurationSeconds=30, recommendedFileFormat=2, audioProfiles=[AudioProfileProxy{codec=3, mediaType=audio/mp4a-latm, bitrate=128000, sampleRate=48000, channels=1, profile=1}], videoProfiles=[VideoProfileProxy{codec=2, mediaType=video/avc, bitrate=17000000, frameRate=30, width=1920, height=1080, profile=-1, bitDepth=8, chromaSubsampling=0, hdrFormat=0}]}
06-17 11:54:15.147 D/CapabilitiesByQuality(10202): profiles = ImmutableEncoderProfilesProxy{defaultDurationSeconds=30, recommendedFileFormat=2, audioProfiles=[AudioProfileProxy{codec=3, mediaType=audio/mp4a-latm, bitrate=128000, sampleRate=48000, channels=1, profile=1}], videoProfiles=[VideoProfileProxy{codec=2, mediaType=video/avc, bitrate=9000000, frameRate=30, width=1280, height=720, profile=-1, bitDepth=8, chromaSubsampling=0, hdrFormat=0}]}
06-17 11:54:15.148 D/CapabilitiesByQuality(10202): profiles = ImmutableEncoderProfilesProxy{defaultDurationSeconds=30, recommendedFileFormat=2, audioProfiles=[AudioProfileProxy{codec=3, mediaType=audio/mp4a-latm, bitrate=128000, sampleRate=48000, channels=1, profile=1}], videoProfiles=[VideoProfileProxy{codec=2, mediaType=video/avc, bitrate=4500000, frameRate=30, width=640, height=480, profile=-1, bitDepth=8, chromaSubsampling=0, hdrFormat=0}]}
06-17 11:54:15.152 E/SpeechMessengerNormal(  467): openCcciDriver(), open(/dev/ccci_aud) fail!! mCcciDeviceHandler: -1, errno: 2
06-17 11:54:15.152 W/SpeechMessengerNormal(  467): checkCcciStatusAndRecovery(), #177, sleep 10 ms & retry openCcciDriver
06-17 11:54:15.162 E/SpeechMessengerNormal(  467): openCcciDriver(), open(/dev/ccci_aud) fail!! mCcciDeviceHandler: -1, errno: 2
06-17 11:54:15.162 W/SpeechMessengerNormal(  467): checkCcciStatusAndRecovery(), #178, sleep 10 ms & retry openCcciDriver
06-17 11:54:15.172 E/SpeechMessengerNormal(  467): openCcciDriver(), open(/dev/ccci_aud) fail!! mCcciDeviceHandler: -1, errno: 2
06-17 11:54:15.172 W/SpeechMessengerNormal(  467): checkCcciStatusAndRecovery(), #179, sleep 10 ms & retry openCcciDriver
06-17 11:54:15.183 E/SpeechMessengerNormal(  467): openCcciDriver(), open(/dev/ccci_aud) fail!! mCcciDeviceHandler: -1, errno: 2
06-17 11:54:15.183 W/SpeechMessengerNormal(  467): checkCcciStatusAndRecovery(), #180, sleep 10 ms & retry openCcciDriver
06-17 11:54:15.192 W/Settings(10409): Setting download_manager_max_bytes_over_mobile has moved from android.provider.Settings.Secure to android.provider.Settings.Global.
06-17 11:54:15.192 D/agps    (  614): [agps] WARNING: [CP] cp2_fd_1_reconnect_timeout
06-17 11:54:15.193 E/agps    (  614): [agps] ERR: [CP] get_ccci_uart  open failed node=[/dev/ttyC2] reason=[No such file or directory]
06-17 11:54:15.193 E/agps    (  614): [agps] ERR: [CP] get_eemcs_uart  open failed node=[/dev/eemcs_ipc_uart] reason=[No such file or directory]
06-17 11:54:15.193 E/agps    (  614): [agps] ERR: [CP] ccci_uart_1  open failed
06-17 11:54:15.193 E/SpeechMessengerNormal(  467): openCcciDriver(), open(/dev/ccci_aud) fail!! mCcciDeviceHandler: -1, errno: 2
06-17 11:54:15.193 W/SpeechMessengerNormal(  467): checkCcciStatusAndRecovery(), #181, sleep 10 ms & retry openCcciDriver
06-17 11:54:15.196 I/Finsky:background(10409): [58] SettingNotFoundException, fall through to G.downloadBytesOverMobileMaximum
06-17 11:54:15.196 W/Settings(10409): Setting download_manager_recommended_max_bytes_over_mobile has moved from android.provider.Settings.Secure to android.provider.Settings.Global.
06-17 11:54:15.198 I/Finsky:background(10409): [58] SettingNotFoundException, fall through to G.downloadBytesOverMobileRecommended
06-17 11:54:15.198 I/Finsky:background(10409): [58] registerListener
06-17 11:54:15.203 E/SpeechMessengerNormal(  467): openCcciDriver(), open(/dev/ccci_aud) fail!! mCcciDeviceHandler: -1, errno: 2
06-17 11:54:15.203 W/SpeechMessengerNormal(  467): checkCcciStatusAndRecovery(), #182, sleep 10 ms & retry openCcciDriver
06-17 11:54:15.205 I/Finsky:background(10409): [58] DFS: Listener added for sut@fb258aa
06-17 11:54:15.205 I/Finsky:background(10409): [58] registerListener
06-17 11:54:15.207 I/Finsky:background(10409): [58] registerListener
06-17 11:54:15.207 I/Finsky:background(10409): [58] DFS: Listener added for aoso@91a3c4d
06-17 11:54:15.210 I/LocalSynthesizer(10307): Attempting to load synthesizer for voice: vi-vn-x-vic-seanet-embedded
06-17 11:54:15.214 E/SpeechMessengerNormal(  467): openCcciDriver(), open(/dev/ccci_aud) fail!! mCcciDeviceHandler: -1, errno: 2
06-17 11:54:15.214 W/SpeechMessengerNormal(  467): checkCcciStatusAndRecovery(), #183, sleep 10 ms & retry openCcciDriver
06-17 11:54:15.218 I/ExoPlayerImpl(10307): Init a1b50a4 [AndroidXMedia3/1.10.1] [alps, alps, Android, 31]
06-17 11:54:15.224 E/SpeechMessengerNormal(  467): openCcciDriver(), open(/dev/ccci_aud) fail!! mCcciDeviceHandler: -1, errno: 2
06-17 11:54:15.224 W/SpeechMessengerNormal(  467): checkCcciStatusAndRecovery(), #184, sleep 10 ms & retry openCcciDriver
06-17 11:54:15.230 I/ExoPlayerImpl(10307): Init 7feee09 [AndroidXMedia3/1.10.1] [alps, alps, Android, 31]
06-17 11:54:15.231 I/LocalSynthesizer(10307): Voice vi-vn-x-vic-seanet-embedded is not supported by any existing synthesizers.
06-17 11:54:15.232 I/ComposerWrapperImpl(10307): Initializing new monolithic pipeline. New voice: vi-vn-x-vic-seanet-embedded
06-17 11:54:15.232 I/PipelineReaderImpl(10307): Initializing monolithic pipeline from disk: /data/user_de/0/com.google.android.tts/files/superpacks/vi-vn/vi-vn-x-multi-seanet-r56/pipeline.pb
06-17 11:54:15.232 I/native  (10307): I0000 00:00:1781672055.232682   10307 android_resource_loader.cc:38] Using Android specific resource loader
06-17 11:54:15.234 E/SpeechMessengerNormal(  467): openCcciDriver(), open(/dev/ccci_aud) fail!! mCcciDeviceHandler: -1, errno: 2
06-17 11:54:15.234 W/SpeechMessengerNormal(  467): checkCcciStatusAndRecovery(), #185, sleep 10 ms & retry openCcciDriver
06-17 11:54:15.234 I/native  (10307): I0000 00:00:1781672055.234868   10307 android_resource_loader.cc:109] Loading resources for vi_vn_x_embedded_havoc/8467671890701395879
06-17 11:54:15.235 D/CapabilitiesByQuality(10202): profiles = ImmutableEncoderProfilesProxy{defaultDurationSeconds=30, recommendedFileFormat=2, audioProfiles=[AudioProfileProxy{codec=3, mediaType=audio/mp4a-latm, bitrate=128000, sampleRate=48000, channels=1, profile=1}], videoProfiles=[VideoProfileProxy{codec=2, mediaType=video/avc, bitrate=17000000, frameRate=30, width=1920, height=1080, profile=-1, bitDepth=8, chromaSubsampling=0, hdrFormat=0}]}
06-17 11:54:15.235 I/native  (10307): I0000 00:00:1781672055.235062   10307 data_source.cc:95] Opening data source "/data/user_de/0/com.google.android.tts/files/superpacks/vi-vn/vi-vn-x-multi-seanet-r56/../vi-vn-x-multi-r56/burdock_frame_config.pb" (as: FILE) ...
06-17 11:54:15.235 I/native  (10307): I0000 00:00:1781672055.235156   10307 data_source.cc:99] ... Opened data source "/data/user_de/0/com.google.android.tts/files/superpacks/vi-vn/vi-vn-x-multi-seanet-r56/../vi-vn-x-multi-r56/burdock_frame_config.pb" of size 68
06-17 11:54:15.235 I/native  (10307): I0000 00:00:1781672055.235371   10307 android_resource_loader.cc:100] Built resource acoustic_frame_config
06-17 11:54:15.235 I/native  (10307): I0000 00:00:1781672055.235412   10307 android_resource_loader.cc:116] Loaded resource:acoustic_frame_config
06-17 11:54:15.235 I/native  (10307): I0000 00:00:1781672055.235455   10307 data_source.cc:95] Opening data source "/data/user_de/0/com.google.android.tts/files/superpacks/vi-vn/vi-vn-x-multi-seanet-r56/../vi-vn-x-multi-r56/disambiguation_rules_vi_vn.pb" (as: FILE) ...
06-17 11:54:15.235 I/native  (10307): I0000 00:00:1781672055.235510   10307 data_source.cc:99] ... Opened data source "/data/user_de/0/com.google.android.tts/files/superpacks/vi-vn/vi-vn-x-multi-seanet-r56/../vi-vn-x-multi-r56/disambiguation_rules_vi_vn.pb" of size 3895
06-17 11:54:15.235 D/CapabilitiesByQuality(10202): profiles = ImmutableEncoderProfilesProxy{defaultDurationSeconds=30, recommendedFileFormat=2, audioProfiles=[AudioProfileProxy{codec=3, mediaType=audio/mp4a-latm, bitrate=128000, sampleRate=48000, channels=1, profile=1}], videoProfiles=[VideoProfileProxy{codec=2, mediaType=video/avc, bitrate=9000000, frameRate=30, width=1280, height=720, profile=-1, bitDepth=8, chromaSubsampling=0, hdrFormat=0}]}
06-17 11:54:15.236 D/ConnectivityService(  927): requestNetwork for uid/pid:10086/10409 activeRequest: null callbackRequest: 933 [NetworkRequest [ REQUEST id=934, [ Capabilities: INTERNET&NOT_RESTRICTED&TRUSTED&NOT_VCN_MANAGED Uid: 10086 RequestorUid: 10086 RequestorPkg: com.android.vending] ]] callback flags: 0 priority: 2147483647
06-17 11:54:15.236 D/CapabilitiesByQuality(10202): profiles = ImmutableEncoderProfilesProxy{defaultDurationSeconds=30, recommendedFileFormat=2, audioProfiles=[AudioProfileProxy{codec=3, mediaType=audio/mp4a-latm, bitrate=128000, sampleRate=48000, channels=1, profile=1}], videoProfiles=[VideoProfileProxy{codec=2, mediaType=video/avc, bitrate=4500000, frameRate=30, width=640, height=480, profile=-1, bitDepth=8, chromaSubsampling=0, hdrFormat=0}]}
06-17 11:54:15.236 I/native  (10307): I0000 00:00:1781672055.236553   10307 android_resource_loader.cc:100] Built resource disambiguation_rules
06-17 11:54:15.236 I/native  (10307): I0000 00:00:1781672055.236621   10307 android_resource_loader.cc:116] Loaded resource:disambiguation_rules
06-17 11:54:15.236 I/native  (10307): I0000 00:00:1781672055.236672   10307 data_source.cc:95] Opening data source "/data/user_de/0/com.google.android.tts/files/superpacks/vi-vn/vi-vn-x-multi-seanet-r56/engine_config_vi_vn_x_embedded_havoc.pb" (as: FILE) ...
06-17 11:54:15.236 I/native  (10307): I0000 00:00:1781672055.236750   10307 data_source.cc:99] ... Opened data source "/data/user_de/0/com.google.android.tts/files/superpacks/vi-vn/vi-vn-x-multi-seanet-r56/engine_config_vi_vn_x_embedded_havoc.pb" of size 54
06-17 11:54:15.236 I/native  (10307): I0000 00:00:1781672055.236883   10307 android_resource_loader.cc:100] Built resource engine_config
06-17 11:54:15.236 I/native  (10307): I0000 00:00:1781672055.236913   10307 android_resource_loader.cc:116] Loaded resource:engine_config
06-17 11:54:15.236 I/native  (10307): I0000 00:00:1781672055.236967   10307 android_resource_loader.cc:100] Built resource guided_synthesis
06-17 11:54:15.236 I/native  (10307): I0000 00:00:1781672055.236988   10307 android_resource_loader.cc:116] Loaded resource:guided_synthesis
06-17 11:54:15.236 D/ConnectivityService(  927): NetReassign [934 : null → 100]
06-17 11:54:15.237 I/native  (10307): I0000 00:00:1781672055.237023   10307 data_source.cc:95] Opening data source "/data/user_de/0/com.google.android.tts/files/superpacks/vi-vn/vi-vn-x-multi-seanet-r56/../vi-vn-x-multi-r56/mapping_grammar_vi.far" (as: FILE) ...
06-17 11:54:15.237 I/native  (10307): I0000 00:00:1781672055.237086   10307 data_source.cc:99] ... Opened data source "/data/user_de/0/com.google.android.tts/files/superpacks/vi-vn/vi-vn-x-multi-seanet-r56/../vi-vn-x-multi-r56/mapping_grammar_vi.far" of size 1359
06-17 11:54:15.237 I/native  (10307): I0000 00:00:1781672055.237371   10307 android_resource_loader.cc:100] Built resource homograph_mapping_grammar
06-17 11:54:15.237 I/native  (10307): I0000 00:00:1781672055.237411   10307 android_resource_loader.cc:116] Loaded resource:homograph_mapping_grammar
06-17 11:54:15.237 I/native  (10307): I0000 00:00:1781672055.237455   10307 data_source.cc:95] Opening data source "/data/user_de/0/com.google.android.tts/files/superpacks/vi-vn/vi-vn-x-multi-seanet-r56/../vi-vn-x-multi-r56/lettuce_model.fb" (as: MEMORY) ...
06-17 11:54:15.237 I/native  (10307): I0000 00:00:1781672055.237614   10307 data_source.cc:99] ... Opened data source "/data/user_de/0/com.google.android.tts/files/superpacks/vi-vn/vi-vn-x-multi-seanet-r56/../vi-vn-x-multi-r56/lettuce_model.fb" of size 673864
06-17 11:54:15.238 I/native  (10307): I0000 00:00:1781672055.237977   10307 android_resource_loader.cc:100] Built resource lettuce_model_resource
06-17 11:54:15.238 I/native  (10307): I0000 00:00:1781672055.238029   10307 android_resource_loader.cc:116] Loaded resource:lettuce_model_resource
06-17 11:54:15.238 I/native  (10307): I0000 00:00:1781672055.238090   10307 android_resource_loader.cc:100] Built resource lettuce_model_scorer
06-17 11:54:15.238 I/native  (10307): I0000 00:00:1781672055.238116   10307 android_resource_loader.cc:116] Loaded resource:lettuce_model_scorer
06-17 11:54:15.238 I/native  (10307): I0000 00:00:1781672055.238151   10307 data_source.cc:95] Opening data source "/data/user_de/0/com.google.android.tts/files/superpacks/vi-vn/vi-vn-x-multi-seanet-r56/../vi-vn-x-multi-r56/lettuce_classify_embedded_vn_generated_android.far" (as: FILE) ...
06-17 11:54:15.238 I/native  (10307): I0000 00:00:1781672055.238238   10307 data_source.cc:99] ... Opened data source "/data/user_de/0/com.google.android.tts/files/superpacks/vi-vn/vi-vn-x-multi-seanet-r56/../vi-vn-x-multi-r56/lettuce_classify_embedded_vn_generated_android.far" of size 3599617
06-17 11:54:15.241 D/WifiNetworkFactory(  927): got request NetworkRequest [ REQUEST id=934, [ Capabilities: INTERNET&NOT_RESTRICTED&TRUSTED&NOT_VCN_MANAGED Uid: 10086 RequestorUid: 10086 RequestorPkg: com.android.vending] ]
06-17 11:54:15.242 D/UntrustedWifiNetworkFactory(  927): got request NetworkRequest [ REQUEST id=934, [ Capabilities: INTERNET&NOT_RESTRICTED&TRUSTED&NOT_VCN_MANAGED Uid: 10086 RequestorUid: 10086 RequestorPkg: com.android.vending] ]
06-17 11:54:15.242 D/OemPaidWifiNetworkFactory(  927): got request NetworkRequest [ REQUEST id=934, [ Capabilities: INTERNET&NOT_RESTRICTED&TRUSTED&NOT_VCN_MANAGED Uid: 10086 RequestorUid: 10086 RequestorPkg: com.android.vending] ]
06-17 11:54:15.243 I/Finsky:background(10409): [58] IV2: IQv2 is disabled. Recovering all active installs: []
06-17 11:54:15.245 E/SpeechMessengerNormal(  467): openCcciDriver(), open(/dev/ccci_aud) fail!! mCcciDeviceHandler: -1, errno: 2
06-17 11:54:15.245 W/SpeechMessengerNormal(  467): checkCcciStatusAndRecovery(), #186, sleep 10 ms & retry openCcciDriver
06-17 11:54:15.249 I/Finsky:background(10409): [53] IQ: start evaluating install requests.
06-17 11:54:15.251 I/Finsky:background(10409): [53] IQ: no jobs active. Skipping
06-17 11:54:15.255 E/SpeechMessengerNormal(  467): openCcciDriver(), open(/dev/ccci_aud) fail!! mCcciDeviceHandler: -1, errno: 2
06-17 11:54:15.256 W/SpeechMessengerNormal(  467): checkCcciStatusAndRecovery(), #187, sleep 10 ms & retry openCcciDriver
06-17 11:54:15.256 I/native  (10307): I0000 00:00:1781672055.256043   10307 android_resource_loader.cc:100] Built resource lettuce_node_generator_grm
06-17 11:54:15.256 I/native  (10307): I0000 00:00:1781672055.256248   10307 android_resource_loader.cc:116] Loaded resource:lettuce_node_generator_grm
06-17 11:54:15.256 I/native  (10307): I0000 00:00:1781672055.256298   10307 data_source.cc:95] Opening data source "/data/user_de/0/com.google.android.tts/files/superpacks/vi-vn/vi-vn-x-multi-seanet-r56/../vi-vn-x-multi-r56/lucid_collection_android.far" (as: FILE) ...
06-17 11:54:15.256 I/native  (10307): I0000 00:00:1781672055.256418   10307 data_source.cc:99] ... Opened data source "/data/user_de/0/com.google.android.tts/files/superpacks/vi-vn/vi-vn-x-multi-seanet-r56/../vi-vn-x-multi-r56/lucid_collection_android.far" of size 8927
06-17 11:54:15.256 I/native  (10307): I0000 00:00:1781672055.256691   10307 android_resource_loader.cc:100] Built resource lucid_parser_grm_fst
06-17 11:54:15.256 I/native  (10307): I0000 00:00:1781672055.256716   10307 android_resource_loader.cc:116] Loaded resource:lucid_parser_grm_fst
06-17 11:54:15.256 I/native  (10307): I0000 00:00:1781672055.256756   10307 data_source.cc:95] Opening data source "/data/user_de/0/com.google.android.tts/files/superpacks/vi-vn/vi-vn-x-multi-seanet-r56/../vi-vn-x-multi-r56/markup_triggers.pb" (as: FILE) ...
06-17 11:54:15.256 I/native  (10307): I0000 00:00:1781672055.256805   10307 data_source.cc:99] ... Opened data source "/data/user_de/0/com.google.android.tts/files/superpacks/vi-vn/vi-vn-x-multi-seanet-r56/../vi-vn-x-multi-r56/markup_triggers.pb" of size 930
06-17 11:54:15.257 I/native  (10307): I0000 00:00:1781672055.257013   10307 android_resource_loader.cc:100] Built resource markup_triggers
06-17 11:54:15.257 I/native  (10307): I0000 00:00:1781672055.257061   10307 android_resource_loader.cc:116] Loaded resource:markup_triggers
06-17 11:54:15.257 I/native  (10307): I0000 00:00:1781672055.257125   10307 android_resource_loader.cc:100] Built resource multilingual_capabilities
06-17 11:54:15.257 I/native  (10307): I0000 00:00:1781672055.257154   10307 android_resource_loader.cc:116] Loaded resource:multilingual_capabilities
06-17 11:54:15.257 I/native  (10307): I0000 00:00:1781672055.257192   10307 data_source.cc:95] Opening data source "/data/user_de/0/com.google.android.tts/files/superpacks/vi-vn/vi-vn-x-multi-seanet-r56/../vi-vn-x-multi-r56/vi_vn_phonology.pb" (as: FILE) ...
06-17 11:54:15.257 I/native  (10307): I0000 00:00:1781672055.257265   10307 data_source.cc:99] ... Opened data source "/data/user_de/0/com.google.android.tts/files/superpacks/vi-vn/vi-vn-x-multi-seanet-r56/../vi-vn-x-multi-r56/vi_vn_phonology.pb" of size 3724
06-17 11:54:15.257 I/Finsky:background(10409): [63] IQ: Pruning inactive install requests
06-17 11:54:15.257 W/native  (10307): W0000 00:00:1781672055.257907   10307 phonology.cc:80] Phonemes o:-M, o:-M-R, o:-M-F, o:-M-F-R, o:-M-R?, o:-M-F? have non-distinctive features. See b/111971558.
06-17 11:54:15.257 W/native  (10307): W0000 00:00:1781672055.257972   10307 phonology.cc:80] Phonemes M:-M, M:-M-R, M:-M-F, M:-M-F-R, M:-M-R?, M:-M-F? have non-distinctive features. See b/111971558.
06-17 11:54:15.258 W/native  (10307): W0000 00:00:1781672055.257994   10307 phonology.cc:80] Phonemes 7:-M, 7:-M-R, 7:-M-F, 7:-M-F-R, 7:-M-R?, 7:-M-F? have non-distinctive features. See b/111971558.
06-17 11:54:15.258 W/native  (10307): W0000 00:00:1781672055.258013   10307 phonology.cc:80] Phonemes e:-M, e:-M-R, e:-M-F, e:-M-F-R, e:-M-R?, e:-M-F? have non-distinctive features. See b/111971558.
06-17 11:54:15.258 W/native  (10307): W0000 00:00:1781672055.258033   10307 phonology.cc:80] Phonemes u:-M, u:-M-R, u:-M-F, u:-M-F-R, u:-M-R?, u:-M-F? have non-distinctive features. See b/111971558.
06-17 11:54:15.258 W/native  (10307): W0000 00:00:1781672055.258052   10307 phonology.cc:80] Phonemes i:-M, i:-M-R, i:-M-F, i:-M-F-R, i:-M-R?, i:-M-F? have non-distinctive features. See b/111971558.
06-17 11:54:15.258 W/native  (10307): W0000 00:00:1781672055.258070   10307 phonology.cc:80] Phonemes a:-M, a:-M-R, a:-M-F, a:-M-F-R, a:-M-R?, a:-M-F? have non-distinctive features. See b/111971558.
06-17 11:54:15.258 W/native  (10307): W0000 00:00:1781672055.258089   10307 phonology.cc:80] Phonemes 7-M, 7-M-R, 7-M-F, 7-M-F-R, 7-M-R?, 7-M-F? have non-distinctive features. See b/111971558.
06-17 11:54:15.258 W/native  (10307): W0000 00:00:1781672055.258109   10307 phonology.cc:80] Phonemes O-M, O-M-R, O-M-F, O-M-F-R, O-M-R?, O-M-F? have non-distinctive features. See b/111971558.
06-17 11:54:15.258 W/native  (10307): W0000 00:00:1781672055.258128   10307 phonology.cc:80] Phonemes O:-M, O:-M-R, O:-M-F, O:-M-F-R, O:-M-R?, O:-M-F? have non-distinctive features. See b/111971558.
06-17 11:54:15.258 W/native  (10307): W0000 00:00:1781672055.258147   10307 phonology.cc:80] Phonemes E:-M, E:-M-R, E:-M-F, E:-M-F-R, E:-M-R?, E:-M-F? have non-distinctive features. See b/111971558.
06-17 11:54:15.258 W/native  (10307): W0000 00:00:1781672055.258166   10307 phonology.cc:80] Phonemes M:@_^-M, i:@_^-M, M:@_^-M-R, i:@_^-M-R, M:@_^-M-F, i:@_^-M-F, M:@_^-M-F-R, i:@_^-M-F-R, M:@_^-M-R?, i:@_^-M-R?, M:@_^-M-F?, i:@_^-M-F? have non-distinctive features. See b/111971558.
06-17 11:54:15.258 W/native  (10307): W0000 00:00:1781672055.258186   10307 phonology.cc:80] Phonemes u:@_^-M, u:@_^-M-R, u:@_^-M-F, u:@_^-M-F-R, u:@_^-M-R?, u:@_^-M-F? have non-distinctive features. See b/111971558.
06-17 11:54:15.258 W/native  (10307): W0000 00:00:1781672055.258206   10307 phonology.cc:80] Phonemes l, r\ have non-distinctive features. See b/111971558.
06-17 11:54:15.258 W/native  (10307): W0000 00:00:1781672055.258224   10307 phonology.cc:80] Phonemes a-M, a-M-R, a-M-F, a-M-F-R, a-M-R?, a-M-F? have non-distinctive features. See b/111971558.
06-17 11:54:15.259 I/native  (10307): I0000 00:00:1781672055.259171   10307 android_resource_loader.cc:100] Built resource phonology
06-17 11:54:15.259 I/native  (10307): I0000 00:00:1781672055.259261   10307 android_resource_loader.cc:116] Loaded resource:phonology
06-17 11:54:15.259 I/native  (10307): I0000 00:00:1781672055.259359   10307 data_source.cc:95] Opening data source "/data/user_de/0/com.google.android.tts/files/superpacks/vi-vn/vi-vn-x-multi-seanet-r56/../vi-vn-x-multi-r56/ipa_to_tts_to-vi_vn.far" (as: FILE) ...
06-17 11:54:15.259 I/native  (10307): I0000 00:00:1781672055.259444   10307 data_source.cc:99] ... Opened data source "/data/user_de/0/com.google.android.tts/files/superpacks/vi-vn/vi-vn-x-multi-seanet-r56/../vi-vn-x-multi-r56/ipa_to_tts_to-vi_vn.far" of size 20521
06-17 11:54:15.260 I/native  (10307): I0000 00:00:1781672055.260217   10307 android_resource_loader.cc:100] Built resource ipa_to_tts_phoneme_mapper
06-17 11:54:15.260 I/native  (10307): I0000 00:00:1781672055.260268   10307 android_resource_loader.cc:116] Loaded resource:ipa_to_tts_phoneme_mapper
06-17 11:54:15.260 I/native  (10307): I0000 00:00:1781672055.260317   10307 data_source.cc:95] Opening data source "/data/user_de/0/com.google.android.tts/files/superpacks/vi-vn/vi-vn-x-multi-seanet-r56/../vi-vn-x-multi-r56/vi_vn.hlex.bin" (as: MEMORY) ...
06-17 11:54:15.260 I/native  (10307): I0000 00:00:1781672055.260434   10307 data_source.cc:99] ... Opened data source "/data/user_de/0/com.google.android.tts/files/superpacks/vi-vn/vi-vn-x-multi-seanet-r56/../vi-vn-x-multi-r56/vi_vn.hlex.bin" of size 694056
06-17 11:54:15.260 I/native  (10307): I0000 00:00:1781672055.260650   10307 android_resource_loader.cc:100] Built resource lexicon
06-17 11:54:15.260 I/native  (10307): I0000 00:00:1781672055.260684   10307 android_resource_loader.cc:116] Loaded resource:lexicon
06-17 11:54:15.260 I/native  (10307): I0000 00:00:1781672055.260744   10307 data_source.cc:95] Opening data source "/data/user_de/0/com.google.android.tts/files/superpacks/vi-vn/vi-vn-x-multi-seanet-r56/lettuce_node_generator_params_embedded_vn_runtime.pb" (as: FILE) ...
06-17 11:54:15.260 I/native  (10307): I0000 00:00:1781672055.260806   10307 data_source.cc:99] ... Opened data source "/data/user_de/0/com.google.android.tts/files/superpacks/vi-vn/vi-vn-x-multi-seanet-r56/lettuce_node_generator_params_embedded_vn_runtime.pb" of size 1272
06-17 11:54:15.266 E/SpeechMessengerNormal(  467): openCcciDriver(), open(/dev/ccci_aud) fail!! mCcciDeviceHandler: -1, errno: 2
06-17 11:54:15.266 W/SpeechMessengerNormal(  467): checkCcciStatusAndRecovery(), #188, sleep 10 ms & retry openCcciDriver
06-17 11:54:15.270 I/Finsky:background(10409): [52] Device is ineligible for platform Cronet and will use embedded Cronet instead.
06-17 11:54:15.274 I/Finsky  (10285): [99] SM: There are no stale sessions to be pruned
06-17 11:54:15.276 E/SpeechMessengerNormal(  467): openCcciDriver(), open(/dev/ccci_aud) fail!! mCcciDeviceHandler: -1, errno: 2
06-17 11:54:15.276 W/SpeechMessengerNormal(  467): checkCcciStatusAndRecovery(), #189, sleep 10 ms & retry openCcciDriver
06-17 11:54:15.278 I/Finsky:background(10409): [53] IQ: 0 scheduled install statuses found to proceed. 
06-17 11:54:15.285 I/Finsky  (10285): [2] Connecting InstallListener to SplitInstallService broadcaster...
06-17 11:54:15.286 E/SpeechMessengerNormal(  467): openCcciDriver(), open(/dev/ccci_aud) fail!! mCcciDeviceHandler: -1, errno: 2
06-17 11:54:15.286 W/SpeechMessengerNormal(  467): checkCcciStatusAndRecovery(), #190, sleep 10 ms & retry openCcciDriver
06-17 11:54:15.297 E/SpeechMessengerNormal(  467): openCcciDriver(), open(/dev/ccci_aud) fail!! mCcciDeviceHandler: -1, errno: 2
06-17 11:54:15.297 W/SpeechMessengerNormal(  467): checkCcciStatusAndRecovery(), #191, sleep 10 ms & retry openCcciDriver
06-17 11:54:15.303 D/ConnectivityService(  927): requestNetwork for uid/pid:10086/10409 activeRequest: null callbackRequest: 935 [NetworkRequest [ REQUEST id=936, [ Capabilities: INTERNET&NOT_RESTRICTED&TRUSTED&NOT_VCN_MANAGED Uid: 10086 RequestorUid: 10086 RequestorPkg: com.android.vending] ]] callback flags: 0 priority: 2147483647
06-17 11:54:15.304 D/ConnectivityService(  927): NetReassign [936 : null → 100]
06-17 11:54:15.306 D/WifiNetworkFactory(  927): got request NetworkRequest [ REQUEST id=936, [ Capabilities: INTERNET&NOT_RESTRICTED&TRUSTED&NOT_VCN_MANAGED Uid: 10086 RequestorUid: 10086 RequestorPkg: com.android.vending] ]
06-17 11:54:15.306 D/UntrustedWifiNetworkFactory(  927): got request NetworkRequest [ REQUEST id=936, [ Capabilities: INTERNET&NOT_RESTRICTED&TRUSTED&NOT_VCN_MANAGED Uid: 10086 RequestorUid: 10086 RequestorPkg: com.android.vending] ]
06-17 11:54:15.306 D/OemPaidWifiNetworkFactory(  927): got request NetworkRequest [ REQUEST id=936, [ Capabilities: INTERNET&NOT_RESTRICTED&TRUSTED&NOT_VCN_MANAGED Uid: 10086 RequestorUid: 10086 RequestorPkg: com.android.vending] ]
06-17 11:54:15.307 E/SpeechMessengerNormal(  467): openCcciDriver(), open(/dev/ccci_aud) fail!! mCcciDeviceHandler: -1, errno: 2
06-17 11:54:15.307 W/SpeechMessengerNormal(  467): checkCcciStatusAndRecovery(), #192, sleep 10 ms & retry openCcciDriver
06-17 11:54:15.308 D/ConnectivityService(  927): NetReassign [no changes]
06-17 11:54:15.308 I/cn_CronetLibraryLoader(10409): Cronet version: 149.0.7827.59, arch: aarch64
06-17 11:54:15.309 D/ConnectivityService(  927): requestNetwork for uid/pid:10174/10202 activeRequest: null callbackRequest: 938 [NetworkRequest [ REQUEST id=939, [ Capabilities: INTERNET&NOT_RESTRICTED&TRUSTED&NOT_VCN_MANAGED Uid: 10174 RequestorUid: 10174 RequestorPkg: com.aplusscore.android] ]] callback flags: 0 priority: 2147483647
06-17 11:54:15.311 D/ConnectivityService(  927): NetReassign [939 : null → 100]
06-17 11:54:15.316 D/WifiNetworkFactory(  927): got request NetworkRequest [ REQUEST id=939, [ Capabilities: INTERNET&NOT_RESTRICTED&TRUSTED&NOT_VCN_MANAGED Uid: 10174 RequestorUid: 10174 RequestorPkg: com.aplusscore.android] ]
06-17 11:54:15.316 D/UntrustedWifiNetworkFactory(  927): got request NetworkRequest [ REQUEST id=939, [ Capabilities: INTERNET&NOT_RESTRICTED&TRUSTED&NOT_VCN_MANAGED Uid: 10174 RequestorUid: 10174 RequestorPkg: com.aplusscore.android] ]
06-17 11:54:15.316 D/OemPaidWifiNetworkFactory(  927): got request NetworkRequest [ REQUEST id=939, [ Capabilities: INTERNET&NOT_RESTRICTED&TRUSTED&NOT_VCN_MANAGED Uid: 10174 RequestorUid: 10174 RequestorPkg: com.aplusscore.android] ]
06-17 11:54:15.317 E/SpeechMessengerNormal(  467): openCcciDriver(), open(/dev/ccci_aud) fail!! mCcciDeviceHandler: -1, errno: 2
06-17 11:54:15.317 W/SpeechMessengerNormal(  467): checkCcciStatusAndRecovery(), #193, sleep 10 ms & retry openCcciDriver
06-17 11:54:15.319 I/Finsky:background(10409): [52] CronetEngine is present. Using Cronet for the networking stack.
06-17 11:54:15.323 I/CameraDevices(10202): Camera #0 is now available.
06-17 11:54:15.324 I/CameraDevices(10202): Camera #1 is now available.
06-17 11:54:15.327 E/SpeechMessengerNormal(  467): openCcciDriver(), open(/dev/ccci_aud) fail!! mCcciDeviceHandler: -1, errno: 2
06-17 11:54:15.328 W/SpeechMessengerNormal(  467): checkCcciStatusAndRecovery(), #194, sleep 10 ms & retry openCcciDriver
06-17 11:54:15.334 I/Finsky:background(10409): [63] Resetting scheduler db
06-17 11:54:15.338 E/SpeechMessengerNormal(  467): openCcciDriver(), open(/dev/ccci_aud) fail!! mCcciDeviceHandler: -1, errno: 2
06-17 11:54:15.338 W/SpeechMessengerNormal(  467): checkCcciStatusAndRecovery(), #195, sleep 10 ms & retry openCcciDriver
06-17 11:54:15.338 I/Finsky:background(10409): [52] Finished reading experiment flags from file [Se-xCc4LzNyh3UrKMIU2sUf-PUKz4oQEbpKZDMuaFno] numFlags=2021.
06-17 11:54:15.341 I/Finsky:background(10409): [53] SCH: Scheduling phonesky job Id: 3-1520, CT: 1781671151697, Constraints: [{ L: 0, D: 86400000, C: CHARGING_NONE, I: IDLE_REQUIRED, N: NET_UNMETERED, B: BATTERY_ANY }]
06-17 11:54:15.342 I/Finsky:background(10409): [53] SCH: Scheduling phonesky job Id: 3-1521, CT: 1781671151742, Constraints: [{ L: 0, D: 86400000, C: CHARGING_REQUIRED, I: IDLE_REQUIRED, N: NET_UNMETERED, B: BATTERY_ANY }]
06-17 11:54:15.342 I/Finsky:background(10409): [53] SCH: Scheduling phonesky job Id: 3-1522, CT: 1781671151743, Constraints: [{ L: 0, D: 86400000, C: CHARGING_NONE, I: IDLE_REQUIRED, N: NET_UNMETERED, B: BATTERY_ANY }]
06-17 11:54:15.342 I/Finsky:background(10409): [53] SCH: Scheduling phonesky job Id: 3-1523, CT: 1781671151743, Constraints: [{ L: 0, D: 86400000, C: CHARGING_REQUIRED, I: IDLE_NONE, N: NET_UNMETERED, B: BATTERY_ANY }]
06-17 11:54:15.342 I/Finsky:background(10409): [53] SCH: Scheduling phonesky job Id: 3-1524, CT: 1781671151743, Constraints: [{ L: 0, D: 86400000, C: CHARGING_REQUIRED, I: IDLE_REQUIRED, N: NET_UNMETERED, B: BATTERY_ANY }]
06-17 11:54:15.342 I/Finsky:background(10409): [53] SCH: Scheduling phonesky job Id: 47-15, CT: 1781666277547, Constraints: [{ L: 3600000, D: 21566895, C: CHARGING_NONE, I: IDLE_REQUIRED, N: NET_NONE, B: BATTERY_ANY }]
06-17 11:54:15.347 I/Finsky:background(10409): [52] Subscription detail: N/A
06-17 11:54:15.348 E/SpeechMessengerNormal(  467): openCcciDriver(), open(/dev/ccci_aud) fail!! mCcciDeviceHandler: -1, errno: 2
06-17 11:54:15.348 W/SpeechMessengerNormal(  467): checkCcciStatusAndRecovery(), #196, sleep 10 ms & retry openCcciDriver
06-17 11:54:15.356 I/Finsky:background(10409): [53] SCH: Scheduling 0 system job(s)
06-17 11:54:15.358 E/SpeechMessengerNormal(  467): openCcciDriver(), open(/dev/ccci_aud) fail!! mCcciDeviceHandler: -1, errno: 2
06-17 11:54:15.358 W/SpeechMessengerNormal(  467): checkCcciStatusAndRecovery(), #197, sleep 10 ms & retry openCcciDriver
06-17 11:54:15.366 I/Finsky:background(10409): [78] SCH: Canceling job 3-1520
06-17 11:54:15.368 I/Finsky:background(10409): [78] WM::SCH: Logging work end for 3-1520
06-17 11:54:15.369 E/SpeechMessengerNormal(  467): openCcciDriver(), open(/dev/ccci_aud) fail!! mCcciDeviceHandler: -1, errno: 2
06-17 11:54:15.369 W/SpeechMessengerNormal(  467): checkCcciStatusAndRecovery(), #198, sleep 10 ms & retry openCcciDriver
06-17 11:54:15.371 I/Finsky:background(10409): [56] SCH: Scheduling phonesky job Id: 3-1522, CT: 1781671151743, Constraints: [{ L: 0, D: 86400000, C: CHARGING_NONE, I: IDLE_REQUIRED, N: NET_UNMETERED, B: BATTERY_ANY }]
06-17 11:54:15.377 I/Finsky:background(10409): [52] SCH: Scheduling 1 system job(s)
06-17 11:54:15.378 I/Finsky:background(10409): [52] SCH: Scheduling system job Id: 10394, L: 0, D: 85496365, C: false, I: true, N: 2
06-17 11:54:15.379 E/SpeechMessengerNormal(  467): openCcciDriver(), open(/dev/ccci_aud) fail!! mCcciDeviceHandler: -1, errno: 2
06-17 11:54:15.379 W/SpeechMessengerNormal(  467): checkCcciStatusAndRecovery(), #199, sleep 10 ms & retry openCcciDriver
06-17 11:54:15.383 W/d.eshare.server( 4294): type=1400 audit(0.0:37018): avc: denied { ioctl } for path="socket:[813863]" dev="sockfs" ino=813863 ioctlcmd=0x8927 scontext=u:r:system_app:s0 tcontext=u:r:system_app:s0 tclass=udp_socket permissive=0
06-17 11:54:15.383 W/d.eshare.server( 4294): type=1400 audit(0.0:37019): avc: denied { ioctl } for path="socket:[813864]" dev="sockfs" ino=813864 ioctlcmd=0x8927 scontext=u:r:system_app:s0 tcontext=u:r:system_app:s0 tclass=udp_socket permissive=0
06-17 11:54:15.389 W/SpeechMessengerNormal(  467): checkCcciStatusAndRecovery(), ccci driver not init!!
06-17 11:54:15.389 E/SpeechMessengerNormal(  467): readSpeechMessage(), read msg failed!! ccci not ready, id: 0x0, param16: 0x0, param32: 0x0
06-17 11:54:15.389 W/ContextImpl( 4294): Calling a method in the system process without a qualified user: android.app.ContextImpl.startForegroundService:1822 android.content.ContextWrapper.startForegroundService:779 xr2.j:24 com.ecloud.eairplay.AirPlayService.r:18 com.ecloud.eairplay.api.AirPlayImpl.startService:3 
06-17 11:54:15.393 I/Finsky:background(10409): [78] SCH: Canceling job 3-1521
06-17 11:54:15.394 W/ContextImpl( 4294): Calling a method in the system process without a qualified user: android.app.ContextImpl.startForegroundService:1822 android.content.ContextWrapper.startForegroundService:779 xr2.j:24 com.ecloud.emedia.api.DlnaImpl.startService:8 com.ecloud.emedia.api.DlnaApi.startService:7 
06-17 11:54:15.394 I/Finsky:background(10409): [78] WM::SCH: Logging work end for 3-1521
06-17 11:54:15.396 W/ContextImpl( 4294): Calling a method in the system process without a qualified user: android.app.ContextImpl.startForegroundService:1822 android.content.ContextWrapper.startForegroundService:779 xr2.j:24 com.ecloud.emedia.api.DlnaImpl.startService:8 com.ecloud.emedia.api.DlnaApi.startService:7 
06-17 11:54:15.397 I/Finsky:background(10409): [56] SCH: Scheduling phonesky job Id: 3-1524, CT: 1781671151743, Constraints: [{ L: 0, D: 86400000, C: CHARGING_REQUIRED, I: IDLE_REQUIRED, N: NET_UNMETERED, B: BATTERY_ANY }]
06-17 11:54:15.405 I/Finsky:background(10409): [52] SCH: Scheduling 1 system job(s)
06-17 11:54:15.406 I/Finsky:background(10409): [52] SCH: Scheduling system job Id: 10395, L: 0, D: 85496338, C: true, I: true, N: 2
