06-17 11:54:18.823 W/SpeechMessengerNormal(  467): checkCcciStatusAndRecovery(), #112, sleep 10 ms & retry openCcciDriver
06-17 11:54:18.833 E/SpeechMessengerNormal(  467): openCcciDriver(), open(/dev/ccci_aud) fail!! mCcciDeviceHandler: -1, errno: 2
06-17 11:54:18.834 W/SpeechMessengerNormal(  467): checkCcciStatusAndRecovery(), #113, sleep 10 ms & retry openCcciDriver
06-17 11:54:18.844 E/SpeechMessengerNormal(  467): openCcciDriver(), open(/dev/ccci_aud) fail!! mCcciDeviceHandler: -1, errno: 2
06-17 11:54:18.844 W/SpeechMessengerNormal(  467): checkCcciStatusAndRecovery(), #114, sleep 10 ms & retry openCcciDriver
06-17 11:54:18.846 I/hwservicemanager(  353): Since vendor.mediatek.hardware.mtkradioex@3.0::IMtkRadioEx/imsSlot1 is not registered, trying to start it as a lazy HAL.
06-17 11:54:18.848 W/libc    (  353): Unable to set property "ctl.interface_start" to "vendor.mediatek.hardware.mtkradioex@3.0::IMtkRadioEx/imsSlot1": error code: 0x20
06-17 11:54:18.848 I/hwservicemanager(  353): Tried to start vendor.mediatek.hardware.mtkradioex@3.0::IMtkRadioEx/imsSlot1 as a lazy service, but was unable to. Usually this happens when a service is not installed, but if the service is intended to be used as a lazy service, then it may be configured incorrectly.
06-17 11:54:18.854 E/SpeechMessengerNormal(  467): openCcciDriver(), open(/dev/ccci_aud) fail!! mCcciDeviceHandler: -1, errno: 2
06-17 11:54:18.854 W/SpeechMessengerNormal(  467): checkCcciStatusAndRecovery(), #115, sleep 10 ms & retry openCcciDriver
06-17 11:54:18.865 E/SpeechMessengerNormal(  467): openCcciDriver(), open(/dev/ccci_aud) fail!! mCcciDeviceHandler: -1, errno: 2
06-17 11:54:18.865 W/SpeechMessengerNormal(  467): checkCcciStatusAndRecovery(), #116, sleep 10 ms & retry openCcciDriver
06-17 11:54:18.875 E/SpeechMessengerNormal(  467): openCcciDriver(), open(/dev/ccci_aud) fail!! mCcciDeviceHandler: -1, errno: 2
06-17 11:54:18.875 W/SpeechMessengerNormal(  467): checkCcciStatusAndRecovery(), #117, sleep 10 ms & retry openCcciDriver
06-17 11:54:18.885 E/SpeechMessengerNormal(  467): openCcciDriver(), open(/dev/ccci_aud) fail!! mCcciDeviceHandler: -1, errno: 2
06-17 11:54:18.885 W/SpeechMessengerNormal(  467): checkCcciStatusAndRecovery(), #118, sleep 10 ms & retry openCcciDriver
06-17 11:54:18.895 E/SpeechMessengerNormal(  467): openCcciDriver(), open(/dev/ccci_aud) fail!! mCcciDeviceHandler: -1, errno: 2
06-17 11:54:18.896 W/SpeechMessengerNormal(  467): checkCcciStatusAndRecovery(), #119, sleep 10 ms & retry openCcciDriver
06-17 11:54:18.906 E/SpeechMessengerNormal(  467): openCcciDriver(), open(/dev/ccci_aud) fail!! mCcciDeviceHandler: -1, errno: 2
06-17 11:54:18.906 W/SpeechMessengerNormal(  467): checkCcciStatusAndRecovery(), #120, sleep 10 ms & retry openCcciDriver
06-17 11:54:18.916 E/SpeechMessengerNormal(  467): openCcciDriver(), open(/dev/ccci_aud) fail!! mCcciDeviceHandler: -1, errno: 2
06-17 11:54:18.916 W/SpeechMessengerNormal(  467): checkCcciStatusAndRecovery(), #121, sleep 10 ms & retry openCcciDriver
06-17 11:54:18.926 E/SpeechMessengerNormal(  467): openCcciDriver(), open(/dev/ccci_aud) fail!! mCcciDeviceHandler: -1, errno: 2
06-17 11:54:18.926 W/SpeechMessengerNormal(  467): checkCcciStatusAndRecovery(), #122, sleep 10 ms & retry openCcciDriver
06-17 11:54:18.937 E/SpeechMessengerNormal(  467): openCcciDriver(), open(/dev/ccci_aud) fail!! mCcciDeviceHandler: -1, errno: 2
06-17 11:54:18.937 W/SpeechMessengerNormal(  467): checkCcciStatusAndRecovery(), #123, sleep 10 ms & retry openCcciDriver
06-17 11:54:18.947 E/SpeechMessengerNormal(  467): openCcciDriver(), open(/dev/ccci_aud) fail!! mCcciDeviceHandler: -1, errno: 2
06-17 11:54:18.947 W/SpeechMessengerNormal(  467): checkCcciStatusAndRecovery(), #124, sleep 10 ms & retry openCcciDriver
06-17 11:54:18.948 I/WifiHAL ( 1086): Get link layer stats
06-17 11:54:18.948 I/WifiHAL ( 1086): GetLinkStatsCommand::create
06-17 11:54:18.948 D/android.hardware.wifi@1.0-service-lazy( 1086): WifiRequest::create vendor command to iface 9, vendor_id=0x1a11, subcmd=0x1200, res=0
06-17 11:54:18.949 I/WifiHAL ( 1086): GetLinkStatsCommand::handleResponse
06-17 11:54:18.949 E/WifiHAL ( 1086): handleResponse: data=0xb4000076a51077b0, len=392
06-17 11:54:18.949 I/WifiHAL ( 1086): check_data_sanity: confirmed_size=380, len=392
06-17 11:54:18.949 I/WifiHAL ( 1086): handleResponse: iface_stat_ptr=0xb4000076a51077b0, num_radios=0, radio_stats_ptr=0xb4000076a510792c
06-17 11:54:18.949 E/android.hardware.wifi@1.0-service-lazy( 1086): Invalid radio stats in link layer stats
06-17 11:54:18.949 I/android.hardware.wifi@1.0-service-lazy( 1086): WifiCommand::requestResponse err=-1
06-17 11:54:18.949 I/WifiHAL ( 1086): wifi_get_link_stats: result=-1
06-17 11:54:18.950 E/WifiVendorHal(  927): getWifiLinkLayerStats_1_5_Internal(l.1191) failed {.code = ERROR_UNKNOWN, .description = unknown}
06-17 11:54:18.957 E/SpeechMessengerNormal(  467): openCcciDriver(), open(/dev/ccci_aud) fail!! mCcciDeviceHandler: -1, errno: 2
06-17 11:54:18.957 W/SpeechMessengerNormal(  467): checkCcciStatusAndRecovery(), #125, sleep 10 ms & retry openCcciDriver
06-17 11:54:18.968 E/SpeechMessengerNormal(  467): openCcciDriver(), open(/dev/ccci_aud) fail!! mCcciDeviceHandler: -1, errno: 2
06-17 11:54:18.968 W/SpeechMessengerNormal(  467): checkCcciStatusAndRecovery(), #126, sleep 10 ms & retry openCcciDriver
06-17 11:54:18.978 E/SpeechMessengerNormal(  467): openCcciDriver(), open(/dev/ccci_aud) fail!! mCcciDeviceHandler: -1, errno: 2
06-17 11:54:18.978 W/SpeechMessengerNormal(  467): checkCcciStatusAndRecovery(), #127, sleep 10 ms & retry openCcciDriver
06-17 11:54:18.988 E/SpeechMessengerNormal(  467): openCcciDriver(), open(/dev/ccci_aud) fail!! mCcciDeviceHandler: -1, errno: 2
06-17 11:54:18.988 W/SpeechMessengerNormal(  467): checkCcciStatusAndRecovery(), #128, sleep 10 ms & retry openCcciDriver
06-17 11:54:18.999 E/SpeechMessengerNormal(  467): openCcciDriver(), open(/dev/ccci_aud) fail!! mCcciDeviceHandler: -1, errno: 2
06-17 11:54:18.999 W/SpeechMessengerNormal(  467): checkCcciStatusAndRecovery(), #129, sleep 10 ms & retry openCcciDriver
06-17 11:54:19.009 E/SpeechMessengerNormal(  467): openCcciDriver(), open(/dev/ccci_aud) fail!! mCcciDeviceHandler: -1, errno: 2
06-17 11:54:19.009 W/SpeechMessengerNormal(  467): checkCcciStatusAndRecovery(), #130, sleep 10 ms & retry openCcciDriver
06-17 11:54:19.019 E/SpeechMessengerNormal(  467): openCcciDriver(), open(/dev/ccci_aud) fail!! mCcciDeviceHandler: -1, errno: 2
06-17 11:54:19.019 W/SpeechMessengerNormal(  467): checkCcciStatusAndRecovery(), #131, sleep 10 ms & retry openCcciDriver
06-17 11:54:19.029 E/SpeechMessengerNormal(  467): openCcciDriver(), open(/dev/ccci_aud) fail!! mCcciDeviceHandler: -1, errno: 2
06-17 11:54:19.030 W/SpeechMessengerNormal(  467): checkCcciStatusAndRecovery(), #132, sleep 10 ms & retry openCcciDriver
06-17 11:54:19.036 D/ProfileInstaller(10202): Installing profile for com.aplusscore.android
06-17 11:54:19.040 E/SpeechMessengerNormal(  467): openCcciDriver(), open(/dev/ccci_aud) fail!! mCcciDeviceHandler: -1, errno: 2
06-17 11:54:19.040 W/SpeechMessengerNormal(  467): checkCcciStatusAndRecovery(), #133, sleep 10 ms & retry openCcciDriver
06-17 11:54:19.050 E/SpeechMessengerNormal(  467): openCcciDriver(), open(/dev/ccci_aud) fail!! mCcciDeviceHandler: -1, errno: 2
06-17 11:54:19.050 W/SpeechMessengerNormal(  467): checkCcciStatusAndRecovery(), #134, sleep 10 ms & retry openCcciDriver
06-17 11:54:19.060 E/SpeechMessengerNormal(  467): openCcciDriver(), open(/dev/ccci_aud) fail!! mCcciDeviceHandler: -1, errno: 2
06-17 11:54:19.060 W/SpeechMessengerNormal(  467): checkCcciStatusAndRecovery(), #135, sleep 10 ms & retry openCcciDriver
06-17 11:54:19.071 E/SpeechMessengerNormal(  467): openCcciDriver(), open(/dev/ccci_aud) fail!! mCcciDeviceHandler: -1, errno: 2
06-17 11:54:19.071 W/SpeechMessengerNormal(  467): checkCcciStatusAndRecovery(), #136, sleep 10 ms & retry openCcciDriver
06-17 11:54:19.073 I/[WFCA]  (10625): open imsx failed: /dev/ccci_imsa
06-17 11:54:19.078 I/libPerfCtl(  485): xgfGetFPS pid:1101 fps:-1
06-17 11:54:19.078 I/libPerfCtl(  485): xgfGetFPS pid:10202 fps:-1
06-17 11:54:19.081 E/SpeechMessengerNormal(  467): openCcciDriver(), open(/dev/ccci_aud) fail!! mCcciDeviceHandler: -1, errno: 2
06-17 11:54:19.081 W/SpeechMessengerNormal(  467): checkCcciStatusAndRecovery(), #137, sleep 10 ms & retry openCcciDriver
06-17 11:54:19.082 E/AVSync  (  578): open dev failed: retry=21865, g_fd_avsync=-1, errno=2, No such file or directory
06-17 11:54:19.091 E/SpeechMessengerNormal(  467): openCcciDriver(), open(/dev/ccci_aud) fail!! mCcciDeviceHandler: -1, errno: 2
06-17 11:54:19.091 W/SpeechMessengerNormal(  467): checkCcciStatusAndRecovery(), #138, sleep 10 ms & retry openCcciDriver
06-17 11:54:19.102 E/SpeechMessengerNormal(  467): openCcciDriver(), open(/dev/ccci_aud) fail!! mCcciDeviceHandler: -1, errno: 2
06-17 11:54:19.102 W/SpeechMessengerNormal(  467): checkCcciStatusAndRecovery(), #139, sleep 10 ms & retry openCcciDriver
06-17 11:54:19.112 E/SpeechMessengerNormal(  467): openCcciDriver(), open(/dev/ccci_aud) fail!! mCcciDeviceHandler: -1, errno: 2
06-17 11:54:19.112 W/SpeechMessengerNormal(  467): checkCcciStatusAndRecovery(), #140, sleep 10 ms & retry openCcciDriver
06-17 11:54:19.122 E/SpeechMessengerNormal(  467): openCcciDriver(), open(/dev/ccci_aud) fail!! mCcciDeviceHandler: -1, errno: 2
06-17 11:54:19.123 W/SpeechMessengerNormal(  467): checkCcciStatusAndRecovery(), #141, sleep 10 ms & retry openCcciDriver
06-17 11:54:19.128 E/VT HIDL (  482): [IVT] [VT THREAD] [VT_Bind] des = volte_imsvt1 Fail to connect . retry count: 21856
06-17 11:54:19.128 D/VT HIDL (  482): [IVT] isIMCBrun : True
06-17 11:54:19.133 E/SpeechMessengerNormal(  467): openCcciDriver(), open(/dev/ccci_aud) fail!! mCcciDeviceHandler: -1, errno: 2
06-17 11:54:19.133 W/SpeechMessengerNormal(  467): checkCcciStatusAndRecovery(), #142, sleep 10 ms & retry openCcciDriver
06-17 11:54:19.143 E/SpeechMessengerNormal(  467): openCcciDriver(), open(/dev/ccci_aud) fail!! mCcciDeviceHandler: -1, errno: 2
06-17 11:54:19.143 W/SpeechMessengerNormal(  467): checkCcciStatusAndRecovery(), #143, sleep 10 ms & retry openCcciDriver
06-17 11:54:19.153 E/SpeechMessengerNormal(  467): openCcciDriver(), open(/dev/ccci_aud) fail!! mCcciDeviceHandler: -1, errno: 2
06-17 11:54:19.153 W/SpeechMessengerNormal(  467): checkCcciStatusAndRecovery(), #144, sleep 10 ms & retry openCcciDriver
06-17 11:54:19.164 E/SpeechMessengerNormal(  467): openCcciDriver(), open(/dev/ccci_aud) fail!! mCcciDeviceHandler: -1, errno: 2
06-17 11:54:19.164 W/SpeechMessengerNormal(  467): checkCcciStatusAndRecovery(), #145, sleep 10 ms & retry openCcciDriver
06-17 11:54:19.174 E/SpeechMessengerNormal(  467): openCcciDriver(), open(/dev/ccci_aud) fail!! mCcciDeviceHandler: -1, errno: 2
06-17 11:54:19.174 W/SpeechMessengerNormal(  467): checkCcciStatusAndRecovery(), #146, sleep 10 ms & retry openCcciDriver
06-17 11:54:19.184 E/SpeechMessengerNormal(  467): openCcciDriver(), open(/dev/ccci_aud) fail!! mCcciDeviceHandler: -1, errno: 2
06-17 11:54:19.184 W/SpeechMessengerNormal(  467): checkCcciStatusAndRecovery(), #147, sleep 10 ms & retry openCcciDriver
06-17 11:54:19.193 W/adbd    ( 5736): timed out while waiting for FUNCTIONFS_BIND, trying again
06-17 11:54:19.193 I/adbd    ( 5736): UsbFfs: connection terminated: monitor thread finished
06-17 11:54:19.194 D/agps    (  614): [agps] WARNING: [CP] cp2_fd_1_reconnect_timeout
06-17 11:54:19.194 I/adbd    ( 5736): UsbFfs: already offline
06-17 11:54:19.194 I/adbd    ( 5736): destroying transport UsbFfs
06-17 11:54:19.194 I/adbd    ( 5736): UsbFfsConnection being destroyed
06-17 11:54:19.194 E/agps    (  614): [agps] ERR: [CP] get_ccci_uart  open failed node=[/dev/ttyC2] reason=[No such file or directory]
06-17 11:54:19.194 E/agps    (  614): [agps] ERR: [CP] get_eemcs_uart  open failed node=[/dev/eemcs_ipc_uart] reason=[No such file or directory]
06-17 11:54:19.194 E/agps    (  614): [agps] ERR: [CP] ccci_uart_1  open failed
06-17 11:54:19.194 E/SpeechMessengerNormal(  467): openCcciDriver(), open(/dev/ccci_aud) fail!! mCcciDeviceHandler: -1, errno: 2
06-17 11:54:19.194 W/SpeechMessengerNormal(  467): checkCcciStatusAndRecovery(), #148, sleep 10 ms & retry openCcciDriver
06-17 11:54:19.205 E/SpeechMessengerNormal(  467): openCcciDriver(), open(/dev/ccci_aud) fail!! mCcciDeviceHandler: -1, errno: 2
06-17 11:54:19.205 W/SpeechMessengerNormal(  467): checkCcciStatusAndRecovery(), #149, sleep 10 ms & retry openCcciDriver
06-17 11:54:19.215 E/SpeechMessengerNormal(  467): openCcciDriver(), open(/dev/ccci_aud) fail!! mCcciDeviceHandler: -1, errno: 2
06-17 11:54:19.215 W/SpeechMessengerNormal(  467): checkCcciStatusAndRecovery(), #150, sleep 10 ms & retry openCcciDriver
06-17 11:54:19.225 E/SpeechMessengerNormal(  467): openCcciDriver(), open(/dev/ccci_aud) fail!! mCcciDeviceHandler: -1, errno: 2
06-17 11:54:19.225 W/SpeechMessengerNormal(  467): checkCcciStatusAndRecovery(), #151, sleep 10 ms & retry openCcciDriver
06-17 11:54:19.235 E/SpeechMessengerNormal(  467): openCcciDriver(), open(/dev/ccci_aud) fail!! mCcciDeviceHandler: -1, errno: 2
06-17 11:54:19.235 W/SpeechMessengerNormal(  467): checkCcciStatusAndRecovery(), #152, sleep 10 ms & retry openCcciDriver
06-17 11:54:19.241 I/adbd    ( 5736): opening control endpoint /dev/usb-ffs/adb/ep0
06-17 11:54:19.243 I/adbd    ( 5736): UsbFfsConnection constructed
06-17 11:54:19.244 I/adbd    ( 5736): UsbFfs-monitor thread spawned
06-17 11:54:19.246 E/SpeechMessengerNormal(  467): openCcciDriver(), open(/dev/ccci_aud) fail!! mCcciDeviceHandler: -1, errno: 2
06-17 11:54:19.246 W/SpeechMessengerNormal(  467): checkCcciStatusAndRecovery(), #153, sleep 10 ms & retry openCcciDriver
06-17 11:54:19.256 E/SpeechMessengerNormal(  467): openCcciDriver(), open(/dev/ccci_aud) fail!! mCcciDeviceHandler: -1, errno: 2
06-17 11:54:19.256 W/SpeechMessengerNormal(  467): checkCcciStatusAndRecovery(), #154, sleep 10 ms & retry openCcciDriver
06-17 11:54:19.266 E/SpeechMessengerNormal(  467): openCcciDriver(), open(/dev/ccci_aud) fail!! mCcciDeviceHandler: -1, errno: 2
06-17 11:54:19.266 W/SpeechMessengerNormal(  467): checkCcciStatusAndRecovery(), #155, sleep 10 ms & retry openCcciDriver
06-17 11:54:19.277 E/SpeechMessengerNormal(  467): openCcciDriver(), open(/dev/ccci_aud) fail!! mCcciDeviceHandler: -1, errno: 2
06-17 11:54:19.277 W/SpeechMessengerNormal(  467): checkCcciStatusAndRecovery(), #156, sleep 10 ms & retry openCcciDriver
06-17 11:54:19.287 E/SpeechMessengerNormal(  467): openCcciDriver(), open(/dev/ccci_aud) fail!! mCcciDeviceHandler: -1, errno: 2
06-17 11:54:19.287 W/SpeechMessengerNormal(  467): checkCcciStatusAndRecovery(), #157, sleep 10 ms & retry openCcciDriver
06-17 11:54:19.297 E/SpeechMessengerNormal(  467): openCcciDriver(), open(/dev/ccci_aud) fail!! mCcciDeviceHandler: -1, errno: 2
06-17 11:54:19.297 W/SpeechMessengerNormal(  467): checkCcciStatusAndRecovery(), #158, sleep 10 ms & retry openCcciDriver
06-17 11:54:19.308 E/SpeechMessengerNormal(  467): openCcciDriver(), open(/dev/ccci_aud) fail!! mCcciDeviceHandler: -1, errno: 2
06-17 11:54:19.308 W/SpeechMessengerNormal(  467): checkCcciStatusAndRecovery(), #159, sleep 10 ms & retry openCcciDriver
06-17 11:54:19.318 E/SpeechMessengerNormal(  467): openCcciDriver(), open(/dev/ccci_aud) fail!! mCcciDeviceHandler: -1, errno: 2
06-17 11:54:19.318 W/SpeechMessengerNormal(  467): checkCcciStatusAndRecovery(), #160, sleep 10 ms & retry openCcciDriver
06-17 11:54:19.328 E/SpeechMessengerNormal(  467): openCcciDriver(), open(/dev/ccci_aud) fail!! mCcciDeviceHandler: -1, errno: 2
06-17 11:54:19.328 W/SpeechMessengerNormal(  467): checkCcciStatusAndRecovery(), #161, sleep 10 ms & retry openCcciDriver
06-17 11:54:19.338 E/SpeechMessengerNormal(  467): openCcciDriver(), open(/dev/ccci_aud) fail!! mCcciDeviceHandler: -1, errno: 2
06-17 11:54:19.339 W/SpeechMessengerNormal(  467): checkCcciStatusAndRecovery(), #162, sleep 10 ms & retry openCcciDriver
06-17 11:54:19.349 E/SpeechMessengerNormal(  467): openCcciDriver(), open(/dev/ccci_aud) fail!! mCcciDeviceHandler: -1, errno: 2
06-17 11:54:19.349 W/SpeechMessengerNormal(  467): checkCcciStatusAndRecovery(), #163, sleep 10 ms & retry openCcciDriver
06-17 11:54:19.359 E/SpeechMessengerNormal(  467): openCcciDriver(), open(/dev/ccci_aud) fail!! mCcciDeviceHandler: -1, errno: 2
06-17 11:54:19.359 W/SpeechMessengerNormal(  467): checkCcciStatusAndRecovery(), #164, sleep 10 ms & retry openCcciDriver
06-17 11:54:19.369 E/SpeechMessengerNormal(  467): openCcciDriver(), open(/dev/ccci_aud) fail!! mCcciDeviceHandler: -1, errno: 2
06-17 11:54:19.369 W/SpeechMessengerNormal(  467): checkCcciStatusAndRecovery(), #165, sleep 10 ms & retry openCcciDriver
06-17 11:54:19.380 E/SpeechMessengerNormal(  467): openCcciDriver(), open(/dev/ccci_aud) fail!! mCcciDeviceHandler: -1, errno: 2
06-17 11:54:19.380 W/SpeechMessengerNormal(  467): checkCcciStatusAndRecovery(), #166, sleep 10 ms & retry openCcciDriver
06-17 11:54:19.390 E/SpeechMessengerNormal(  467): openCcciDriver(), open(/dev/ccci_aud) fail!! mCcciDeviceHandler: -1, errno: 2
06-17 11:54:19.390 W/SpeechMessengerNormal(  467): checkCcciStatusAndRecovery(), #167, sleep 10 ms & retry openCcciDriver
06-17 11:54:19.400 E/SpeechMessengerNormal(  467): openCcciDriver(), open(/dev/ccci_aud) fail!! mCcciDeviceHandler: -1, errno: 2
06-17 11:54:19.400 W/SpeechMessengerNormal(  467): checkCcciStatusAndRecovery(), #168, sleep 10 ms & retry openCcciDriver
06-17 11:54:19.411 E/SpeechMessengerNormal(  467): openCcciDriver(), open(/dev/ccci_aud) fail!! mCcciDeviceHandler: -1, errno: 2
06-17 11:54:19.411 W/SpeechMessengerNormal(  467): checkCcciStatusAndRecovery(), #169, sleep 10 ms & retry openCcciDriver
06-17 11:54:19.421 E/SpeechMessengerNormal(  467): openCcciDriver(), open(/dev/ccci_aud) fail!! mCcciDeviceHandler: -1, errno: 2
06-17 11:54:19.421 W/SpeechMessengerNormal(  467): checkCcciStatusAndRecovery(), #170, sleep 10 ms & retry openCcciDriver
06-17 11:54:19.431 E/SpeechMessengerNormal(  467): openCcciDriver(), open(/dev/ccci_aud) fail!! mCcciDeviceHandler: -1, errno: 2
06-17 11:54:19.431 W/SpeechMessengerNormal(  467): checkCcciStatusAndRecovery(), #171, sleep 10 ms & retry openCcciDriver
06-17 11:54:19.442 E/SpeechMessengerNormal(  467): openCcciDriver(), open(/dev/ccci_aud) fail!! mCcciDeviceHandler: -1, errno: 2
06-17 11:54:19.442 W/SpeechMessengerNormal(  467): checkCcciStatusAndRecovery(), #172, sleep 10 ms & retry openCcciDriver
06-17 11:54:19.443 W/dlna_thread( 4294): type=1400 audit(0.0:37030): avc: denied { ioctl } for path="socket:[813948]" dev="sockfs" ino=813948 ioctlcmd=0x8927 scontext=u:r:system_app:s0 tcontext=u:r:system_app:s0 tclass=udp_socket permissive=0
06-17 11:54:19.443 W/dlna_thread( 4294): type=1400 audit(0.0:37031): avc: denied { ioctl } for path="socket:[813948]" dev="sockfs" ino=813948 ioctlcmd=0x8927 scontext=u:r:system_app:s0 tcontext=u:r:system_app:s0 tclass=udp_socket permissive=0
06-17 11:54:19.452 E/SpeechMessengerNormal(  467): openCcciDriver(), open(/dev/ccci_aud) fail!! mCcciDeviceHandler: -1, errno: 2
06-17 11:54:19.452 W/SpeechMessengerNormal(  467): checkCcciStatusAndRecovery(), #173, sleep 10 ms & retry openCcciDriver
06-17 11:54:19.462 E/SpeechMessengerNormal(  467): openCcciDriver(), open(/dev/ccci_aud) fail!! mCcciDeviceHandler: -1, errno: 2
06-17 11:54:19.462 W/SpeechMessengerNormal(  467): checkCcciStatusAndRecovery(), #174, sleep 10 ms & retry openCcciDriver
06-17 11:54:19.465 I/System.out(10579): [com.mediatek.cta.CtaAdapter]:check permission begin!
06-17 11:54:19.465 W/System  (10579): ClassLoader referenced unknown path: system/framework/mediatek-cta.jar
06-17 11:54:19.465 I/System.out(10579): [com.mediatek.cta.CtaAdapter] e:java.lang.ClassNotFoundException: com.mediatek.cta.CtaUtils
06-17 11:54:19.469 I/System.out(10579): [com.mediatek.cta.CtaAdapter]:check permission begin!
06-17 11:54:19.472 I/System.out(10579): [com.mediatek.cta.CtaAdapter]:check permission begin!
06-17 11:54:19.473 E/SpeechMessengerNormal(  467): openCcciDriver(), open(/dev/ccci_aud) fail!! mCcciDeviceHandler: -1, errno: 2
06-17 11:54:19.473 W/SpeechMessengerNormal(  467): checkCcciStatusAndRecovery(), #175, sleep 10 ms & retry openCcciDriver
06-17 11:54:19.483 E/SpeechMessengerNormal(  467): openCcciDriver(), open(/dev/ccci_aud) fail!! mCcciDeviceHandler: -1, errno: 2
06-17 11:54:19.483 W/SpeechMessengerNormal(  467): checkCcciStatusAndRecovery(), #176, sleep 10 ms & retry openCcciDriver
06-17 11:54:19.493 E/SpeechMessengerNormal(  467): openCcciDriver(), open(/dev/ccci_aud) fail!! mCcciDeviceHandler: -1, errno: 2
06-17 11:54:19.493 W/SpeechMessengerNormal(  467): checkCcciStatusAndRecovery(), #177, sleep 10 ms & retry openCcciDriver
06-17 11:54:19.504 E/SpeechMessengerNormal(  467): openCcciDriver(), open(/dev/ccci_aud) fail!! mCcciDeviceHandler: -1, errno: 2
06-17 11:54:19.504 W/SpeechMessengerNormal(  467): checkCcciStatusAndRecovery(), #178, sleep 10 ms & retry openCcciDriver
06-17 11:54:19.514 E/SpeechMessengerNormal(  467): openCcciDriver(), open(/dev/ccci_aud) fail!! mCcciDeviceHandler: -1, errno: 2
06-17 11:54:19.514 W/SpeechMessengerNormal(  467): checkCcciStatusAndRecovery(), #179, sleep 10 ms & retry openCcciDriver
06-17 11:54:19.516 I/hwservicemanager(  353): Since vendor.mediatek.hardware.mtkradioex@3.0::IMtkRadioEx/imsSlot1 is not registered, trying to start it as a lazy HAL.
06-17 11:54:19.518 I/hwservicemanager(  353): getTransport: Cannot find entry vendor.mediatek.hardware.mtkradioex@2.0::IMtkRadioEx/imsSlot1 in either framework or device VINTF manifest.
06-17 11:54:19.519 W/libc    (  353): Unable to set property "ctl.interface_start" to "vendor.mediatek.hardware.mtkradioex@3.0::IMtkRadioEx/imsSlot1": error code: 0x20
06-17 11:54:19.519 I/hwservicemanager(  353): Tried to start vendor.mediatek.hardware.mtkradioex@3.0::IMtkRadioEx/imsSlot1 as a lazy service, but was unable to. Usually this happens when a service is not installed, but if the service is intended to be used as a lazy service, then it may be configured incorrectly.
06-17 11:54:19.520 I/hwservicemanager(  353): Since vendor.mediatek.hardware.mtkradioex@3.0::IMtkRadioEx/imsSlot2 is not registered, trying to start it as a lazy HAL.
06-17 11:54:19.522 I/hwservicemanager(  353): getTransport: Cannot find entry vendor.mediatek.hardware.mtkradioex@2.0::IMtkRadioEx/imsSlot2 in either framework or device VINTF manifest.
06-17 11:54:19.522 W/libc    (  353): Unable to set property "ctl.interface_start" to "vendor.mediatek.hardware.mtkradioex@3.0::IMtkRadioEx/imsSlot2": error code: 0x20
06-17 11:54:19.522 I/hwservicemanager(  353): Tried to start vendor.mediatek.hardware.mtkradioex@3.0::IMtkRadioEx/imsSlot2 as a lazy service, but was unable to. Usually this happens when a service is not installed, but if the service is intended to be used as a lazy service, then it may be configured incorrectly.
06-17 11:54:19.523 I/hwservicemanager(  353): Since android.hardware.radio@1.0::IRadio/imsAospSlot1 is not registered, trying to start it as a lazy HAL.
06-17 11:54:19.524 E/SpeechMessengerNormal(  467): openCcciDriver(), open(/dev/ccci_aud) fail!! mCcciDeviceHandler: -1, errno: 2
06-17 11:54:19.524 W/SpeechMessengerNormal(  467): checkCcciStatusAndRecovery(), #180, sleep 10 ms & retry openCcciDriver
06-17 11:54:19.525 W/libc    (  353): Unable to set property "ctl.interface_start" to "android.hardware.radio@1.0::IRadio/imsAospSlot1": error code: 0x20
06-17 11:54:19.526 I/hwservicemanager(  353): Tried to start android.hardware.radio@1.0::IRadio/imsAospSlot1 as a lazy service, but was unable to. Usually this happens when a service is not installed, but if the service is intended to be used as a lazy service, then it may be configured incorrectly.
06-17 11:54:19.535 E/SpeechMessengerNormal(  467): openCcciDriver(), open(/dev/ccci_aud) fail!! mCcciDeviceHandler: -1, errno: 2
06-17 11:54:19.535 W/SpeechMessengerNormal(  467): checkCcciStatusAndRecovery(), #181, sleep 10 ms & retry openCcciDriver
06-17 11:54:19.542 I/hwservicemanager(  353): Since android.hardware.radio@1.0::IRadio/imsAospSlot2 is not registered, trying to start it as a lazy HAL.
06-17 11:54:19.544 W/libc    (  353): Unable to set property "ctl.interface_start" to "android.hardware.radio@1.0::IRadio/imsAospSlot2": error code: 0x20
06-17 11:54:19.544 I/hwservicemanager(  353): Tried to start android.hardware.radio@1.0::IRadio/imsAospSlot2 as a lazy service, but was unable to. Usually this happens when a service is not installed, but if the service is intended to be used as a lazy service, then it may be configured incorrectly.
06-17 11:54:19.545 E/SpeechMessengerNormal(  467): openCcciDriver(), open(/dev/ccci_aud) fail!! mCcciDeviceHandler: -1, errno: 2
06-17 11:54:19.545 W/SpeechMessengerNormal(  467): checkCcciStatusAndRecovery(), #182, sleep 10 ms & retry openCcciDriver
06-17 11:54:19.555 E/SpeechMessengerNormal(  467): openCcciDriver(), open(/dev/ccci_aud) fail!! mCcciDeviceHandler: -1, errno: 2
06-17 11:54:19.555 W/SpeechMessengerNormal(  467): checkCcciStatusAndRecovery(), #183, sleep 10 ms & retry openCcciDriver
06-17 11:54:19.565 E/SpeechMessengerNormal(  467): openCcciDriver(), open(/dev/ccci_aud) fail!! mCcciDeviceHandler: -1, errno: 2
06-17 11:54:19.565 W/SpeechMessengerNormal(  467): checkCcciStatusAndRecovery(), #184, sleep 10 ms & retry openCcciDriver
06-17 11:54:19.576 E/SpeechMessengerNormal(  467): openCcciDriver(), open(/dev/ccci_aud) fail!! mCcciDeviceHandler: -1, errno: 2
06-17 11:54:19.576 W/SpeechMessengerNormal(  467): checkCcciStatusAndRecovery(), #185, sleep 10 ms & retry openCcciDriver
06-17 11:54:19.582 E/AVSync  (  578): open dev failed: retry=21866, g_fd_avsync=-1, errno=2, No such file or directory
06-17 11:54:19.586 E/SpeechMessengerNormal(  467): openCcciDriver(), open(/dev/ccci_aud) fail!! mCcciDeviceHandler: -1, errno: 2
06-17 11:54:19.586 W/SpeechMessengerNormal(  467): checkCcciStatusAndRecovery(), #186, sleep 10 ms & retry openCcciDriver
06-17 11:54:19.596 E/SpeechMessengerNormal(  467): openCcciDriver(), open(/dev/ccci_aud) fail!! mCcciDeviceHandler: -1, errno: 2
06-17 11:54:19.596 W/SpeechMessengerNormal(  467): checkCcciStatusAndRecovery(), #187, sleep 10 ms & retry openCcciDriver
06-17 11:54:19.603 W/libc    (10579): Access denied finding property "persist.adb.tls_server.enable"
06-17 11:54:19.599 W/Binder:10579_1(10579): type=1400 audit(0.0:37032): avc: denied { read } for name="u:object_r:system_adbd_prop:s0" dev="tmpfs" ino=9605 scontext=u:r:gmscore_app:s0:c512,c768 tcontext=u:object_r:system_adbd_prop:s0 tclass=file permissive=0 app=com.google.android.gms
06-17 11:54:19.604 W/libc    (10579): Access denied finding property "service.adb.tls.port"
06-17 11:54:19.599 W/Binder:10579_1(10579): type=1400 audit(0.0:37033): avc: denied { read } for name="u:object_r:adbd_prop:s0" dev="tmpfs" ino=9415 scontext=u:r:gmscore_app:s0:c512,c768 tcontext=u:object_r:adbd_prop:s0 tclass=file permissive=0 app=com.google.android.gms
06-17 11:54:19.606 E/SpeechMessengerNormal(  467): openCcciDriver(), open(/dev/ccci_aud) fail!! mCcciDeviceHandler: -1, errno: 2
06-17 11:54:19.607 W/SpeechMessengerNormal(  467): checkCcciStatusAndRecovery(), #188, sleep 10 ms & retry openCcciDriver
06-17 11:54:19.617 E/SpeechMessengerNormal(  467): openCcciDriver(), open(/dev/ccci_aud) fail!! mCcciDeviceHandler: -1, errno: 2
06-17 11:54:19.617 W/SpeechMessengerNormal(  467): checkCcciStatusAndRecovery(), #189, sleep 10 ms & retry openCcciDriver
06-17 11:54:19.620 D/hw-ProcessState(10579): Binder ioctl to enable oneway spam detection failed: Invalid argument
06-17 11:54:19.621 I/hwservicemanager(  353): getTransport: Cannot find entry android.hardware.configstore@1.0::ISurfaceFlingerConfigs/default in either framework or device VINTF manifest.
06-17 11:54:19.627 E/SpeechMessengerNormal(  467): openCcciDriver(), open(/dev/ccci_aud) fail!! mCcciDeviceHandler: -1, errno: 2
06-17 11:54:19.627 W/SpeechMessengerNormal(  467): checkCcciStatusAndRecovery(), #190, sleep 10 ms & retry openCcciDriver
06-17 11:54:19.628 E/VT HIDL (  482): [IVT] [VT THREAD] [VT_Bind] des = volte_imsvt1 Fail to connect . retry count: 21857
06-17 11:54:19.628 D/VT HIDL (  482): [IVT] isIMCBrun : True
06-17 11:54:19.636 I/GED     (10579): ged_boost_gpu_freq, level 100, eOrigin 2, final_idx 15, oppidx_max 15, oppidx_min 0
06-17 11:54:19.637 E/SpeechMessengerNormal(  467): openCcciDriver(), open(/dev/ccci_aud) fail!! mCcciDeviceHandler: -1, errno: 2
06-17 11:54:19.637 W/SpeechMessengerNormal(  467): checkCcciStatusAndRecovery(), #191, sleep 10 ms & retry openCcciDriver
06-17 11:54:19.641 I/GED     (10579): ged_boost_gpu_freq, level 100, eOrigin 2, final_idx 15, oppidx_max 15, oppidx_min 0
06-17 11:54:19.648 E/SpeechMessengerNormal(  467): openCcciDriver(), open(/dev/ccci_aud) fail!! mCcciDeviceHandler: -1, errno: 2
06-17 11:54:19.648 W/SpeechMessengerNormal(  467): checkCcciStatusAndRecovery(), #192, sleep 10 ms & retry openCcciDriver
06-17 11:54:19.658 E/SpeechMessengerNormal(  467): openCcciDriver(), open(/dev/ccci_aud) fail!! mCcciDeviceHandler: -1, errno: 2
06-17 11:54:19.658 W/SpeechMessengerNormal(  467): checkCcciStatusAndRecovery(), #193, sleep 10 ms & retry openCcciDriver
06-17 11:54:19.668 E/SpeechMessengerNormal(  467): openCcciDriver(), open(/dev/ccci_aud) fail!! mCcciDeviceHandler: -1, errno: 2
06-17 11:54:19.668 W/SpeechMessengerNormal(  467): checkCcciStatusAndRecovery(), #194, sleep 10 ms & retry openCcciDriver
06-17 11:54:19.678 E/SpeechMessengerNormal(  467): openCcciDriver(), open(/dev/ccci_aud) fail!! mCcciDeviceHandler: -1, errno: 2
06-17 11:54:19.678 W/SpeechMessengerNormal(  467): checkCcciStatusAndRecovery(), #195, sleep 10 ms & retry openCcciDriver
06-17 11:54:19.689 E/SpeechMessengerNormal(  467): openCcciDriver(), open(/dev/ccci_aud) fail!! mCcciDeviceHandler: -1, errno: 2
06-17 11:54:19.689 W/SpeechMessengerNormal(  467): checkCcciStatusAndRecovery(), #196, sleep 10 ms & retry openCcciDriver
06-17 11:54:19.699 E/SpeechMessengerNormal(  467): openCcciDriver(), open(/dev/ccci_aud) fail!! mCcciDeviceHandler: -1, errno: 2
06-17 11:54:19.699 W/SpeechMessengerNormal(  467): checkCcciStatusAndRecovery(), #197, sleep 10 ms & retry openCcciDriver
06-17 11:54:19.709 E/SpeechMessengerNormal(  467): openCcciDriver(), open(/dev/ccci_aud) fail!! mCcciDeviceHandler: -1, errno: 2
06-17 11:54:19.709 W/SpeechMessengerNormal(  467): checkCcciStatusAndRecovery(), #198, sleep 10 ms & retry openCcciDriver
06-17 11:54:19.720 E/SpeechMessengerNormal(  467): openCcciDriver(), open(/dev/ccci_aud) fail!! mCcciDeviceHandler: -1, errno: 2
06-17 11:54:19.720 W/SpeechMessengerNormal(  467): checkCcciStatusAndRecovery(), #199, sleep 10 ms & retry openCcciDriver
06-17 11:54:19.722 I/hwservicemanager(  353): Since android.hardware.radio@1.0::IRadio/slot2 is not registered, trying to start it as a lazy HAL.
06-17 11:54:19.724 W/libc    (  353): Unable to set property "ctl.interface_start" to "android.hardware.radio@1.0::IRadio/slot2": error code: 0x20
06-17 11:54:19.724 I/hwservicemanager(  353): Tried to start android.hardware.radio@1.0::IRadio/slot2 as a lazy service, but was unable to. Usually this happens when a service is not installed, but if the service is intended to be used as a lazy service, then it may be configured incorrectly.
06-17 11:54:19.730 W/SpeechMessengerNormal(  467): checkCcciStatusAndRecovery(), ccci driver not init!!
06-17 11:54:19.730 E/SpeechMessengerNormal(  467): readSpeechMessage(), read msg failed!! ccci not ready, id: 0x0, param16: 0x0, param32: 0x0
06-17 11:54:19.730 I/hwservicemanager(  353): Since android.hardware.radio@1.0::IRadio/slot1 is not registered, trying to start it as a lazy HAL.
06-17 11:54:19.737 W/libc    (  353): Unable to set property "ctl.interface_start" to "android.hardware.radio@1.0::IRadio/slot1": error code: 0x20
06-17 11:54:19.737 I/hwservicemanager(  353): Tried to start android.hardware.radio@1.0::IRadio/slot1 as a lazy service, but was unable to. Usually this happens when a service is not installed, but if the service is intended to be used as a lazy service, then it may be configured incorrectly.
06-17 11:54:19.792 I/PersephoneGrpcManifestC(10307): PersephoneGrpcManifestConfigFetcher starts downloading: # ldq@a3859331
06-17 11:54:19.830 W/SpeechMessengerNormal(  467): checkCcciStatusAndRecovery() mCcciDeviceHandler: -1
06-17 11:54:19.830 E/SpeechMessengerNormal(  467): openCcciDriver(), open(/dev/ccci_aud) fail!! mCcciDeviceHandler: -1, errno: 2
06-17 11:54:19.830 W/SpeechMessengerNormal(  467): checkCcciStatusAndRecovery(), #0, sleep 10 ms & retry openCcciDriver
06-17 11:54:19.841 E/SpeechMessengerNormal(  467): openCcciDriver(), open(/dev/ccci_aud) fail!! mCcciDeviceHandler: -1, errno: 2
06-17 11:54:19.841 W/SpeechMessengerNormal(  467): checkCcciStatusAndRecovery(), #1, sleep 10 ms & retry openCcciDriver
06-17 11:54:19.846 I/System.out(10307): [com.mediatek.cta.CtaAdapter]:check permission begin!
06-17 11:54:19.846 W/System  (10307): ClassLoader referenced unknown path: system/framework/mediatek-cta.jar
06-17 11:54:19.847 I/System.out(10307): [com.mediatek.cta.CtaAdapter] e:java.lang.ClassNotFoundException: com.mediatek.cta.CtaUtils
06-17 11:54:19.851 E/SpeechMessengerNormal(  467): openCcciDriver(), open(/dev/ccci_aud) fail!! mCcciDeviceHandler: -1, errno: 2
06-17 11:54:19.851 W/SpeechMessengerNormal(  467): checkCcciStatusAndRecovery(), #2, sleep 10 ms & retry openCcciDriver
06-17 11:54:19.861 E/SpeechMessengerNormal(  467): openCcciDriver(), open(/dev/ccci_aud) fail!! mCcciDeviceHandler: -1, errno: 2
06-17 11:54:19.861 W/SpeechMessengerNormal(  467): checkCcciStatusAndRecovery(), #3, sleep 10 ms & retry openCcciDriver
06-17 11:54:19.872 E/SpeechMessengerNormal(  467): openCcciDriver(), open(/dev/ccci_aud) fail!! mCcciDeviceHandler: -1, errno: 2
06-17 11:54:19.872 W/SpeechMessengerNormal(  467): checkCcciStatusAndRecovery(), #4, sleep 10 ms & retry openCcciDriver
06-17 11:54:19.873 I/mtkpower@impl(  485): [powerd_req] TIMER_MSG_PERF_LOCK_TIMEOUT hdl:479
06-17 11:54:19.873 I/libPowerHal(  485): [perfLockRel] hdl:479, idx:-1
06-17 11:54:19.882 E/SpeechMessengerNormal(  467): openCcciDriver(), open(/dev/ccci_aud) fail!! mCcciDeviceHandler: -1, errno: 2
06-17 11:54:19.882 W/SpeechMessengerNormal(  467): checkCcciStatusAndRecovery(), #5, sleep 10 ms & retry openCcciDriver
06-17 11:54:19.892 E/SpeechMessengerNormal(  467): openCcciDriver(), open(/dev/ccci_aud) fail!! mCcciDeviceHandler: -1, errno: 2
06-17 11:54:19.892 W/SpeechMessengerNormal(  467): checkCcciStatusAndRecovery(), #6, sleep 10 ms & retry openCcciDriver
06-17 11:54:19.903 E/SpeechMessengerNormal(  467): openCcciDriver(), open(/dev/ccci_aud) fail!! mCcciDeviceHandler: -1, errno: 2
06-17 11:54:19.903 W/SpeechMessengerNormal(  467): checkCcciStatusAndRecovery(), #7, sleep 10 ms & retry openCcciDriver
06-17 11:54:19.913 E/SpeechMessengerNormal(  467): openCcciDriver(), open(/dev/ccci_aud) fail!! mCcciDeviceHandler: -1, errno: 2
06-17 11:54:19.913 W/SpeechMessengerNormal(  467): checkCcciStatusAndRecovery(), #8, sleep 10 ms & retry openCcciDriver
06-17 11:54:19.923 E/SpeechMessengerNormal(  467): openCcciDriver(), open(/dev/ccci_aud) fail!! mCcciDeviceHandler: -1, errno: 2
06-17 11:54:19.923 W/SpeechMessengerNormal(  467): checkCcciStatusAndRecovery(), #9, sleep 10 ms & retry openCcciDriver
06-17 11:54:19.931 I/libPowerHal(  485): [perfLockAcq] idx:0 hdl:482 hint:25 pid:485 duration:10000 lock_user:mtkpower@1.0-se => ret_hdl:482
06-17 11:54:19.931 I/libPowerHal(  485): [PE] MTKPOWER_HINT_APP_TOUCH update cmd:3408600 param:1
06-17 11:54:19.934 E/SpeechMessengerNormal(  467): openCcciDriver(), open(/dev/ccci_aud) fail!! mCcciDeviceHandler: -1, errno: 2
06-17 11:54:19.934 W/SpeechMessengerNormal(  467): checkCcciStatusAndRecovery(), #10, sleep 10 ms & retry openCcciDriver
06-17 11:54:19.944 E/SpeechMessengerNormal(  467): openCcciDriver(), open(/dev/ccci_aud) fail!! mCcciDeviceHandler: -1, errno: 2
06-17 11:54:19.944 W/SpeechMessengerNormal(  467): checkCcciStatusAndRecovery(), #11, sleep 10 ms & retry openCcciDriver
06-17 11:54:19.954 E/SpeechMessengerNormal(  467): openCcciDriver(), open(/dev/ccci_aud) fail!! mCcciDeviceHandler: -1, errno: 2
06-17 11:54:19.954 W/SpeechMessengerNormal(  467): checkCcciStatusAndRecovery(), #12, sleep 10 ms & retry openCcciDriver
06-17 11:54:19.965 E/SpeechMessengerNormal(  467): openCcciDriver(), open(/dev/ccci_aud) fail!! mCcciDeviceHandler: -1, errno: 2
06-17 11:54:19.965 W/SpeechMessengerNormal(  467): checkCcciStatusAndRecovery(), #13, sleep 10 ms & retry openCcciDriver
06-17 11:54:19.975 E/SpeechMessengerNormal(  467): openCcciDriver(), open(/dev/ccci_aud) fail!! mCcciDeviceHandler: -1, errno: 2
06-17 11:54:19.975 W/SpeechMessengerNormal(  467): checkCcciStatusAndRecovery(), #14, sleep 10 ms & retry openCcciDriver
06-17 11:54:19.981 I/hwservicemanager(  353): Since vendor.mediatek.hardware.mtkradioex@3.0::IMtkRadioEx/imsSlot2 is not registered, trying to start it as a lazy HAL.
06-17 11:54:19.983 W/libc    (  353): Unable to set property "ctl.interface_start" to "vendor.mediatek.hardware.mtkradioex@3.0::IMtkRadioEx/imsSlot2": error code: 0x20
06-17 11:54:19.983 I/hwservicemanager(  353): Tried to start vendor.mediatek.hardware.mtkradioex@3.0::IMtkRadioEx/imsSlot2 as a lazy service, but was unable to. Usually this happens when a service is not installed, but if the service is intended to be used as a lazy service, then it may be configured incorrectly.
06-17 11:54:19.985 E/SpeechMessengerNormal(  467): openCcciDriver(), open(/dev/ccci_aud) fail!! mCcciDeviceHandler: -1, errno: 2
06-17 11:54:19.985 W/SpeechMessengerNormal(  467): checkCcciStatusAndRecovery(), #15, sleep 10 ms & retry openCcciDriver
06-17 11:54:19.995 E/SpeechMessengerNormal(  467): openCcciDriver(), open(/dev/ccci_aud) fail!! mCcciDeviceHandler: -1, errno: 2
06-17 11:54:19.996 W/SpeechMessengerNormal(  467): checkCcciStatusAndRecovery(), #16, sleep 10 ms & retry openCcciDriver
06-17 11:54:20.006 E/SpeechMessengerNormal(  467): openCcciDriver(), open(/dev/ccci_aud) fail!! mCcciDeviceHandler: -1, errno: 2
06-17 11:54:20.006 W/SpeechMessengerNormal(  467): checkCcciStatusAndRecovery(), #17, sleep 10 ms & retry openCcciDriver
06-17 11:54:20.008 I/libPowerHal(  485): [perfLockRel] hdl:482, idx:0
06-17 11:54:20.008 I/libPowerHal(  485): [PD] MTKPOWER_HINT_APP_TOUCH update cmd:3408600 param:0
06-17 11:54:20.016 E/SpeechMessengerNormal(  467): openCcciDriver(), open(/dev/ccci_aud) fail!! mCcciDeviceHandler: -1, errno: 2
06-17 11:54:20.016 W/SpeechMessengerNormal(  467): checkCcciStatusAndRecovery(), #18, sleep 10 ms & retry openCcciDriver
06-17 11:54:20.026 E/SpeechMessengerNormal(  467): openCcciDriver(), open(/dev/ccci_aud) fail!! mCcciDeviceHandler: -1, errno: 2
06-17 11:54:20.026 W/SpeechMessengerNormal(  467): checkCcciStatusAndRecovery(), #19, sleep 10 ms & retry openCcciDriver
06-17 11:54:20.033 D/AudioTrack(  927): setVolume(31): 0xb400006e4c5dfed0, left = 0.501187, right = 0.501187
06-17 11:54:20.034 D/AudioTrack(  927): start(31): 0xb400006e4c5dfed0, prior state:STATE_STOPPED
06-17 11:54:20.034 V/AudioPolicyIntefaceImpl(  488): startOutput()
06-17 11:54:20.035 D/APM_AudioPolicyManager(  488): startOutput() output 29, stream 1, session 113
06-17 11:54:20.037 E/SpeechMessengerNormal(  467): openCcciDriver(), open(/dev/ccci_aud) fail!! mCcciDeviceHandler: -1, errno: 2
06-17 11:54:20.037 W/SpeechMessengerNormal(  467): checkCcciStatusAndRecovery(), #20, sleep 10 ms & retry openCcciDriver
06-17 11:54:20.044 I/AudioALSAStreamOut(  467): updateSourceMetadata(), do nothing source_metadata = 0xe97fbab8
06-17 11:54:20.044 D/AudioFlinger_Threads(  488): 0xb400007115c17a40:threadLoop_write write data to hw, mixerStatus 2, muted count 186
06-17 11:54:20.045 D/AudioALSAStreamOut(  467): write(), flag 0x4, usePolicyDevice: 1, output_devices: 0x2 -> latest policyDevice 0x2 (ori policyDevice 0x2)
06-17 11:54:20.045 D/AudioALSAStreamManager(  467): +syncSharedOutDevice(), originDevice/routingSharedOutDevice: 0x2/0x2, mAudioMode: 0
06-17 11:54:20.045 D/AudioMTKGainController(  467): setNormalVolume(), mSceneIndex = 0, stream 1, devices 0x2, index 10, mode 0x0, gainDevice 0x2
06-17 11:54:20.045 D/AudioMTKGainController(  467): setSpeakerGain(), gain = 13, spkAnaType = 1
06-17 11:54:20.045 D/AudioALSAStreamOut(  467): open(), flags 4
06-17 11:54:20.045 D/AudioALSAStreamManager(  467): +createPlaybackHandler(), mAudioMode = 0, output_devices = 0x2, isMixerOut = 0, isBypassAurisys = 0, flag = 4, isIEMsSource = 0, isIEMsOn = 0
06-17 11:54:20.045 D/AudioALSAStreamManager(  467): needEnableVoip(), output_devices = 0x2, flags: 0x4, mAvailableOutputFlags: 0x1000e, enable: 0
06-17 11:54:20.045 D/AudioSpeechEnhanceInfo(  467): IsAPDMNRTuningEnable(), 0
06-17 11:54:20.045 D/AudioALSAPlaybackHandlerFast(  467): AudioALSAPlaybackHandlerFast()
06-17 11:54:20.045 D/AudioALSAPlaybackHandlerFast(  467): +open(), mDevice = 0x2
06-17 11:54:20.045 D/AudioALSADeviceParser(  467): compare pcm success = 23, stringpair = MultiMedia2_PLayback
06-17 11:54:20.047 E/SpeechMessengerNormal(  467): openCcciDriver(), open(/dev/ccci_aud) fail!! mCcciDeviceHandler: -1, errno: 2
06-17 11:54:20.047 W/SpeechMessengerNormal(  467): checkCcciStatusAndRecovery(), #21, sleep 10 ms & retry openCcciDriver
06-17 11:54:20.047 D/AudioUtility(  467): chooseTargetSampleRate() hiFiState 0 isDeviceSupportHiFi 0 sampleRate 48000 targetSampleRate 48000
06-17 11:54:20.047 D/AudioALSAPlaybackHandlerBase(  467): transferAudioFormatToPcmFormat(), audio_format(0x4) => pcm_format(0x1)
06-17 11:54:20.047 D/AudioALSAPlaybackHandlerFast(  467): open(), mConfig: channels = 2, rate = 48000, period_size = 256, period_count = 2, format = 1, buffer size 4096 2048
06-17 11:54:20.048 D/AudioALSAPlaybackHandlerBase(  467): CreateAurisysLibManager, ph type: 7, voip: 0, mAurisysScenario: 1
06-17 11:54:20.048 D/aurisys_utility(  467): input dev: 0x80000004, fmt = 0x3, fs: 48000, max fs: 48000, ch: 2, max ch: 2, ch maks: 0x3, hw_info_mask: 0x0; output dev: 0x2, fmt = 0x3, fs: 48000, max fs: 48000, ch: 2, max ch: 2, ch maks: 0x3, hw_info_mask: 0x0; task_scene: 2, audio_mode: 0, stream_type: 1, output_flags: 0x4, input_source: 0, input_flags: 0x0; network_info: 0, enhancement_feature_mask: 0x0
06-17 11:54:20.048 D/AudioUtility(  467): setupCustomInfoStr(), custom_info = "SetAudioCustomScene=;", (scene = , vol_level = -1, bt_codec = -1)
06-17 11:54:20.048 D/aurisys_utility(  467): lib, working fs: 48000, fmt: 0x3, frame = 0, b_interleave = 1, num_ul_ref_buf_array = 0, num_dl_ref_buf_array = 0
06-17 11:54:20.048 D/aurisys_utility(  467): dl in[type:2], ch: 2, ch_mask: 0x3, buf fs: 48000, buf content fs: 48000, fmt: 0x3; dl out[type:3], ch: 2, ch_mask: 0x3, buf fs: 48000, buf content fs: 48000, fmt: 0x3
06-17 11:54:20.048 D/android.hardware.audio.service.mediatek(  467): get_custom_info_value(), cusom_info = SetAudioCustomScene=;, key= SetAudioCustomScene, ret = 0, ptr = 0xe680ae98, value_str = , max_value_str_leng = 20
06-17 11:54:20.048 D/AudioCompFltCustParam(  467): audioHierarchicalParamEnable [1]
06-17 11:54:20.048 D/AudioCompFltCustParam(  467): getPlaybackPostProcessParameterFromXML Type/Name [5]/[PlaybackDRC]
06-17 11:54:20.048 D/AudioCompFltCustParam(  467): Load from scene Scene,Default,Volume type,Music
06-17 11:54:20.048 D/AudioCompFltCustParam(  467): audioHierarchicalParamEnable [1]
06-17 11:54:20.048 D/AudioCompFltCustParam(  467): getPlaybackPostProcessParameterFromXML Type/Name [0]/[PlaybackACF]
06-17 11:54:20.048 D/AudioCompFltCustParam(  467): Load from scene Scene,Default,Volume type,Music,Profile,Speaker
06-17 11:54:20.048 D/AudioCompFltCustParam(  467): audioHierarchicalParamEnable [1]
06-17 11:54:20.048 D/AudioCompFltCustParam(  467): getPlaybackPostProcessParameterFromXML Type/Name [6]/[PlaybackDRC]
06-17 11:54:20.048 D/AudioCompFltCustParam(  467): Load from scene Scene,Default,Volume type,Ring
06-17 11:54:20.049 D/AudioCompFltCustParam(  467): audioHierarchicalParamEnable [1]
06-17 11:54:20.049 D/AudioCompFltCustParam(  467): getPlaybackPostProcessParameterFromXML Type/Name [8]/[PlaybackACF]
06-17 11:54:20.049 D/AudioCompFltCustParam(  467): Load from scene Scene,Default,Volume type,Music,Profile,Speaker
06-17 11:54:20.049 D/aurisys_lib_handler(  467): aurisys_arsi_parsing_param_file(), gProductInfo "platform=MT6771,device=alps,model=alps", file_path "/vendor/etc/audio_param", enhancement_mode 0, param_buf_size 2528, data_size 2528, custom_info SetAudioCustomScene=;
06-17 11:54:20.049 D/aurisys_lib_handler(  467): aurisys_arsi_create_handler(), lib_name mtk_bessound, 0xe9486790, memory_size 72624, arsi_handler 0xeacd5450, retval 0x0
06-17 11:54:20.049 D/aurisys_lib_handler(  467): aurisys_arsi_create_handler(), arsi_query_process_unit_bytes, ul 0, dl 2048, retval 0
06-17 11:54:20.049 D/aurisys_lib_manager(  467): DL Lib, lib_name mtk_bessound, 0xe9486790, sample_rate: 48000 => 48000, num_channels: 2 => 2, audio_format: 0x3 => 0x3, interleave: 1 => 1, frame: 0 => 0
06-17 11:54:20.049 D/aurisys_lib_manager(  467): DL out, sample_rate: 48000 => 48000, num_channels: 2 => 2, audio_format: 0x3 => 0x4, interleave: 1 => 1, frame: 0 => 0
06-17 11:54:20.049 D/AudioALSAPlaybackHandlerFast(  467): SetLowJitterMode(), bypass low jitter mode, bEnable = 1, SampleRate = 48000
06-17 11:54:20.051 D/AudioALSAPlaybackHandlerBase(  467): openPcmDriverWithFlag(), pcm device = 23 flag = 0x8 mPcm = 0xe9c41ee0
06-17 11:54:20.051 D/AudioALSAHardwareResourceManager(  467): +startOutputDevice(), new_devices = 0x2, mOutputDevices = 0x0, mStartOutputDevicesCount = 0 SampleRate = 48000
06-17 11:54:20.051 D/AudioALSADeviceConfigManager(  467): ApplyDeviceTurnonSequenceByName() DeviceName = headphone_output descriptor->DeviceStatusCounte = 0
06-17 11:54:20.057 E/SpeechMessengerNormal(  467): openCcciDriver(), open(/dev/ccci_aud) fail!! mCcciDeviceHandler: -1, errno: 2
06-17 11:54:20.057 W/SpeechMessengerNormal(  467): checkCcciStatusAndRecovery(), #22, sleep 10 ms & retry openCcciDriver
06-17 11:54:20.068 E/SpeechMessengerNormal(  467): openCcciDriver(), open(/dev/ccci_aud) fail!! mCcciDeviceHandler: -1, errno: 2
06-17 11:54:20.068 W/SpeechMessengerNormal(  467): checkCcciStatusAndRecovery(), #23, sleep 10 ms & retry openCcciDriver
06-17 11:54:20.078 D/AudioALSADeviceConfigManager(  467): ApplyDeviceTurnonSequenceByName() DeviceName = ext_speaker_output descriptor->DeviceStatusCounte = 0
06-17 11:54:20.078 E/SpeechMessengerNormal(  467): openCcciDriver(), open(/dev/ccci_aud) fail!! mCcciDeviceHandler: -1, errno: 2
06-17 11:54:20.078 W/SpeechMessengerNormal(  467): checkCcciStatusAndRecovery(), #24, sleep 10 ms & retry openCcciDriver
06-17 11:54:20.078 I/libPerfCtl(  485): xgfGetFPS pid:1101 fps:-1
06-17 11:54:20.078 I/libPerfCtl(  485): xgfGetFPS pid:10202 fps:-1
06-17 11:54:20.082 E/AVSync  (  578): open dev failed: retry=21867, g_fd_avsync=-1, errno=2, No such file or directory
06-17 11:54:20.088 E/SpeechMessengerNormal(  467): openCcciDriver(), open(/dev/ccci_aud) fail!! mCcciDeviceHandler: -1, errno: 2
06-17 11:54:20.088 W/SpeechMessengerNormal(  467): checkCcciStatusAndRecovery(), #25, sleep 10 ms & retry openCcciDriver
06-17 11:54:20.099 E/SpeechMessengerNormal(  467): openCcciDriver(), open(/dev/ccci_aud) fail!! mCcciDeviceHandler: -1, errno: 2
06-17 11:54:20.099 W/SpeechMessengerNormal(  467): checkCcciStatusAndRecovery(), #26, sleep 10 ms & retry openCcciDriver
06-17 11:54:20.109 E/SpeechMessengerNormal(  467): openCcciDriver(), open(/dev/ccci_aud) fail!! mCcciDeviceHandler: -1, errno: 2
06-17 11:54:20.109 W/SpeechMessengerNormal(  467): checkCcciStatusAndRecovery(), #27, sleep 10 ms & retry openCcciDriver
06-17 11:54:20.119 E/SpeechMessengerNormal(  467): openCcciDriver(), open(/dev/ccci_aud) fail!! mCcciDeviceHandler: -1, errno: 2
06-17 11:54:20.119 W/SpeechMessengerNormal(  467): checkCcciStatusAndRecovery(), #28, sleep 10 ms & retry openCcciDriver
06-17 11:54:20.129 E/VT HIDL (  482): [IVT] [VT THREAD] [VT_Bind] des = volte_imsvt1 Fail to connect . retry count: 21858
06-17 11:54:20.129 D/VT HIDL (  482): [IVT] isIMCBrun : True
06-17 11:54:20.129 E/SpeechMessengerNormal(  467): openCcciDriver(), open(/dev/ccci_aud) fail!! mCcciDeviceHandler: -1, errno: 2
06-17 11:54:20.130 W/SpeechMessengerNormal(  467): checkCcciStatusAndRecovery(), #29, sleep 10 ms & retry openCcciDriver
06-17 11:54:20.133 D/AudioALSAHardwareResourceManager(  467): notifyOutputDeviceStatusChange(), device = 2, status = 0, sampleRate = 48000, mOpenSpeakerPathCount = 1
06-17 11:54:20.133 D/AudioALSAStreamManager(  467): speakerStatusChangeCb(), status = 0, sampleRate = 48000
06-17 11:54:20.133 D/AudioALSAPlaybackHandlerFast(  467): -open()
06-17 11:54:20.140 E/SpeechMessengerNormal(  467): openCcciDriver(), open(/dev/ccci_aud) fail!! mCcciDeviceHandler: -1, errno: 2
06-17 11:54:20.140 W/SpeechMessengerNormal(  467): checkCcciStatusAndRecovery(), #30, sleep 10 ms & retry openCcciDriver
06-17 11:54:20.149 W/PersephoneGrpcManifestC(10307): Request to download Manifest config failed: mrc: INVALID_ARGUMENT: Request contains an invalid argument. for request with labels: {device_model=cpu, build_id=17732, model_type=preview}
06-17 11:54:20.150 E/SpeechMessengerNormal(  467): openCcciDriver(), open(/dev/ccci_aud) fail!! mCcciDeviceHandler: -1, errno: 2
06-17 11:54:20.150 W/SpeechMessengerNormal(  467): checkCcciStatusAndRecovery(), #31, sleep 10 ms & retry openCcciDriver
06-17 11:54:20.156 E/TtsHadesFileGroupPopula(10307): Failed to refresh file group for locale preview
06-17 11:54:20.156 E/TtsHadesFileGroupPopula(10307): efh: Request to download Manifest config failed: INVALID_ARGUMENT: Request contains an invalid argument.
06-17 11:54:20.156 E/TtsHadesFileGroupPopula(10307): 	at iob.b(PG:32)
